Java HotSpot(TM) Server VM (25.144-b01) for windows-x86 JRE (1.8.0_144-b01), built on Jul 21 2017 21:55:40 by "java_re" with MS VC++ 10.0 (VS2010)
Memory: 4k page, physical 8266656k(1801408k free), swap 19071168k(5669868k free)
CommandLine flags: -XX:CMSInitiatingOccupancyFraction=50 -XX:CMSMaxAbortablePrecleanTime=6000 -XX:+CMSParallelRemarkEnabled -XX:+CMSScavengeBeforeRemark -XX:ConcGCThreads=4 -XX:GCLogFileSize=20971520 -XX:InitialHeapSize=536870912 -XX:MaxHeapSize=536870912 -XX:MaxTenuringThreshold=8 -XX:NewRatio=3 -XX:NumberOfGCLogFiles=9 -XX:OldPLABSize=16 -XX:-OmitStackTraceInFastThrow -XX:ParallelGCThreads=4 -XX:+ParallelRefProcEnabled -XX:PretenureSizeThreshold=67108864 -XX:+PrintGC -XX:+PrintGCApplicationStoppedTime -XX:+PrintGCDateStamps -XX:+PrintGCDetails -XX:+PrintGCTimeStamps -XX:+PrintHeapAtGC -XX:+PrintTenuringDistribution -XX:SurvivorRatio=4 -XX:TargetSurvivorRatio=90 -XX:ThreadStackSize=256 -XX:+UseCMSInitiatingOccupancyOnly -XX:+UseConcMarkSweepGC -XX:+UseGCLogFileRotation -XX:-UseLargePagesIndividualAllocation -XX:+UseParNewGC 
2017-11-21T18:35:58.887-0600: 0.724: Total time for which application threads were stopped: 0.0000823 seconds, Stopping threads took: 0.0000166 seconds
2017-11-21T18:35:59.118-0600: 0.954: Total time for which application threads were stopped: 0.0000930 seconds, Stopping threads took: 0.0000154 seconds
2017-11-21T18:35:59.816-0600: 1.654: Total time for which application threads were stopped: 0.0001370 seconds, Stopping threads took: 0.0000183 seconds
2017-11-21T18:36:00.654-0600: 2.491: Total time for which application threads were stopped: 0.0002138 seconds, Stopping threads took: 0.0000393 seconds
2017-11-21T18:36:00.840-0600: 2.678: Total time for which application threads were stopped: 0.0001997 seconds, Stopping threads took: 0.0000218 seconds
2017-11-21T18:36:01.369-0600: 3.206: Total time for which application threads were stopped: 0.0001690 seconds, Stopping threads took: 0.0000171 seconds
2017-11-21T18:36:01.510-0600: 3.348: Total time for which application threads were stopped: 0.0001617 seconds, Stopping threads took: 0.0000166 seconds
2017-11-21T18:36:01.975-0600: 3.812: Total time for which application threads were stopped: 0.0002679 seconds, Stopping threads took: 0.0000209 seconds
2017-11-21T18:36:02.296-0600: 4.133: Total time for which application threads were stopped: 0.0001664 seconds, Stopping threads took: 0.0000166 seconds
2017-11-21T18:36:02.868-0600: 4.706: Total time for which application threads were stopped: 0.0002842 seconds, Stopping threads took: 0.0000290 seconds
2017-11-21T18:36:02.870-0600: 4.707: Total time for which application threads were stopped: 0.0001766 seconds, Stopping threads took: 0.0000171 seconds
2017-11-21T18:36:02.874-0600: 4.711: Total time for which application threads were stopped: 0.0001839 seconds, Stopping threads took: 0.0000290 seconds
2017-11-21T18:36:02.984-0600: 4.821: Total time for which application threads were stopped: 0.0001139 seconds, Stopping threads took: 0.0000218 seconds
2017-11-21T18:36:03.122-0600: 4.960: Total time for which application threads were stopped: 0.0002842 seconds, Stopping threads took: 0.0000320 seconds
{Heap before GC invocations=0 (full 0):
 par new generation   total 109248K, used 87424K [0x14800000, 0x1c800000, 0x1c800000)
  eden space 87424K, 100% used [0x14800000, 0x19d60000, 0x19d60000)
  from space 21824K,   0% used [0x19d60000, 0x19d60000, 0x1b2b0000)
  to   space 21824K,   0% used [0x1b2b0000, 0x1b2b0000, 0x1c800000)
 concurrent mark-sweep generation total 393216K, used 0K [0x1c800000, 0x34800000, 0x34800000)
 Metaspace       used 12793K, capacity 13012K, committed 13056K, reserved 13696K
2017-11-21T18:36:03.610-0600: 5.448: [GC (Allocation Failure) 2017-11-21T18:36:03.611-0600: 5.448: [ParNew
Desired survivor size 20112996 bytes, new threshold 8 (max 8)
- age   1:   11622984 bytes,   11622984 total
: 87424K->11399K(109248K), 0.0101611 secs] 87424K->11399K(502464K), 0.0103475 secs] [Times: user=0.06 sys=0.00, real=0.01 secs] 
Heap after GC invocations=1 (full 0):
 par new generation   total 109248K, used 11399K [0x14800000, 0x1c800000, 0x1c800000)
  eden space 87424K,   0% used [0x14800000, 0x14800000, 0x19d60000)
  from space 21824K,  52% used [0x1b2b0000, 0x1bdd1f30, 0x1c800000)
  to   space 21824K,   0% used [0x19d60000, 0x19d60000, 0x1b2b0000)
 concurrent mark-sweep generation total 393216K, used 0K [0x1c800000, 0x34800000, 0x34800000)
 Metaspace       used 12793K, capacity 13012K, committed 13056K, reserved 13696K
}
2017-11-21T18:36:03.622-0600: 5.459: Total time for which application threads were stopped: 0.0105370 seconds, Stopping threads took: 0.0000166 seconds
2017-11-21T18:36:03.623-0600: 5.460: Total time for which application threads were stopped: 0.0001097 seconds, Stopping threads took: 0.0000329 seconds
2017-11-21T18:36:03.623-0600: 5.460: Total time for which application threads were stopped: 0.0000708 seconds, Stopping threads took: 0.0000141 seconds
2017-11-21T18:36:03.624-0600: 5.460: Total time for which application threads were stopped: 0.0000994 seconds, Stopping threads took: 0.0000265 seconds
2017-11-21T18:36:03.626-0600: 5.463: Total time for which application threads were stopped: 0.0001297 seconds, Stopping threads took: 0.0000367 seconds
2017-11-21T18:36:03.626-0600: 5.463: Total time for which application threads were stopped: 0.0000567 seconds, Stopping threads took: 0.0000162 seconds
2017-11-21T18:36:03.627-0600: 5.463: Total time for which application threads were stopped: 0.0001954 seconds, Stopping threads took: 0.0001442 seconds
2017-11-21T18:36:03.785-0600: 5.622: Total time for which application threads were stopped: 0.0002317 seconds, Stopping threads took: 0.0000166 seconds
2017-11-21T18:36:04.786-0600: 6.623: Total time for which application threads were stopped: 0.0000734 seconds, Stopping threads took: 0.0000316 seconds
2017-11-21T18:36:08.742-0600: 10.579: Total time for which application threads were stopped: 0.0000653 seconds, Stopping threads took: 0.0000158 seconds
2017-11-21T18:36:10.081-0600: 11.918: Total time for which application threads were stopped: 0.0000657 seconds, Stopping threads took: 0.0000286 seconds
2017-11-21T18:36:10.081-0600: 11.918: Total time for which application threads were stopped: 0.0000457 seconds, Stopping threads took: 0.0000213 seconds
2017-11-21T18:36:11.554-0600: 13.391: Total time for which application threads were stopped: 0.0000614 seconds, Stopping threads took: 0.0000218 seconds
2017-11-21T18:36:11.554-0600: 13.391: Total time for which application threads were stopped: 0.0000397 seconds, Stopping threads took: 0.0000124 seconds
2017-11-21T18:36:11.554-0600: 13.391: Total time for which application threads were stopped: 0.0000516 seconds, Stopping threads took: 0.0000149 seconds
2017-11-21T18:36:11.555-0600: 13.392: Total time for which application threads were stopped: 0.0000439 seconds, Stopping threads took: 0.0000145 seconds
2017-11-21T18:36:11.556-0600: 13.393: Total time for which application threads were stopped: 0.0000555 seconds, Stopping threads took: 0.0000145 seconds
2017-11-21T18:36:11.557-0600: 13.394: Total time for which application threads were stopped: 0.0000666 seconds, Stopping threads took: 0.0000196 seconds
2017-11-21T18:36:11.557-0600: 13.394: Total time for which application threads were stopped: 0.0000666 seconds, Stopping threads took: 0.0000119 seconds
2017-11-21T18:36:11.557-0600: 13.394: Total time for which application threads were stopped: 0.0000572 seconds, Stopping threads took: 0.0000085 seconds
2017-11-21T18:36:11.557-0600: 13.394: Total time for which application threads were stopped: 0.0000525 seconds, Stopping threads took: 0.0000064 seconds
2017-11-21T18:36:11.558-0600: 13.395: Total time for which application threads were stopped: 0.0000649 seconds, Stopping threads took: 0.0000307 seconds
2017-11-21T18:36:11.558-0600: 13.395: Total time for which application threads were stopped: 0.0000469 seconds, Stopping threads took: 0.0000222 seconds
2017-11-21T18:36:11.558-0600: 13.395: Total time for which application threads were stopped: 0.0000623 seconds, Stopping threads took: 0.0000282 seconds
2017-11-21T18:36:11.561-0600: 13.398: Total time for which application threads were stopped: 0.0000474 seconds, Stopping threads took: 0.0000158 seconds
2017-11-21T18:36:11.563-0600: 13.400: Total time for which application threads were stopped: 0.0000525 seconds, Stopping threads took: 0.0000260 seconds
2017-11-21T18:36:11.563-0600: 13.400: Total time for which application threads were stopped: 0.0000235 seconds, Stopping threads took: 0.0000068 seconds
2017-11-21T18:36:11.563-0600: 13.400: Total time for which application threads were stopped: 0.0000209 seconds, Stopping threads took: 0.0000055 seconds
2017-11-21T18:36:11.563-0600: 13.400: Total time for which application threads were stopped: 0.0000201 seconds, Stopping threads took: 0.0000055 seconds
2017-11-21T18:36:11.563-0600: 13.400: Total time for which application threads were stopped: 0.0000205 seconds, Stopping threads took: 0.0000060 seconds
2017-11-21T18:36:11.563-0600: 13.400: Total time for which application threads were stopped: 0.0000201 seconds, Stopping threads took: 0.0000055 seconds
2017-11-21T18:36:11.571-0600: 13.408: Total time for which application threads were stopped: 0.0000742 seconds, Stopping threads took: 0.0000235 seconds
2017-11-21T18:36:11.582-0600: 13.419: Total time for which application threads were stopped: 0.0003145 seconds, Stopping threads took: 0.0000171 seconds
2017-11-21T18:36:11.618-0600: 13.455: Total time for which application threads were stopped: 0.0000806 seconds, Stopping threads took: 0.0000363 seconds
2017-11-21T18:36:11.619-0600: 13.456: Total time for which application threads were stopped: 0.0001122 seconds, Stopping threads took: 0.0000657 seconds
2017-11-21T18:36:11.619-0600: 13.456: Total time for which application threads were stopped: 0.0000555 seconds, Stopping threads took: 0.0000196 seconds
2017-11-21T18:36:11.619-0600: 13.456: Total time for which application threads were stopped: 0.0000491 seconds, Stopping threads took: 0.0000252 seconds
2017-11-21T18:36:11.628-0600: 13.465: Total time for which application threads were stopped: 0.0000657 seconds, Stopping threads took: 0.0000213 seconds
2017-11-21T18:36:11.629-0600: 13.466: Total time for which application threads were stopped: 0.0000597 seconds, Stopping threads took: 0.0000192 seconds
2017-11-21T18:36:11.630-0600: 13.467: Total time for which application threads were stopped: 0.0000755 seconds, Stopping threads took: 0.0000188 seconds
2017-11-21T18:36:11.630-0600: 13.468: Total time for which application threads were stopped: 0.0000414 seconds, Stopping threads took: 0.0000115 seconds
2017-11-21T18:36:11.631-0600: 13.468: Total time for which application threads were stopped: 0.0000358 seconds, Stopping threads took: 0.0000102 seconds
2017-11-21T18:36:11.631-0600: 13.468: Total time for which application threads were stopped: 0.0000337 seconds, Stopping threads took: 0.0000094 seconds
2017-11-21T18:36:11.632-0600: 13.469: Total time for which application threads were stopped: 0.0000695 seconds, Stopping threads took: 0.0000324 seconds
2017-11-21T18:36:11.633-0600: 13.470: Total time for which application threads were stopped: 0.0000414 seconds, Stopping threads took: 0.0000128 seconds
2017-11-21T18:36:11.633-0600: 13.470: Total time for which application threads were stopped: 0.0000350 seconds, Stopping threads took: 0.0000119 seconds
2017-11-21T18:36:11.634-0600: 13.472: Total time for which application threads were stopped: 0.0000380 seconds, Stopping threads took: 0.0000141 seconds
2017-11-21T18:36:11.646-0600: 13.483: Total time for which application threads were stopped: 0.0002035 seconds, Stopping threads took: 0.0000619 seconds
2017-11-21T18:36:11.777-0600: 13.614: Total time for which application threads were stopped: 0.0000751 seconds, Stopping threads took: 0.0000235 seconds
2017-11-21T18:36:11.777-0600: 13.614: Total time for which application threads were stopped: 0.0000371 seconds, Stopping threads took: 0.0000128 seconds
2017-11-21T18:36:11.777-0600: 13.614: Total time for which application threads were stopped: 0.0000418 seconds, Stopping threads took: 0.0000124 seconds
2017-11-21T18:36:11.777-0600: 13.614: Total time for which application threads were stopped: 0.0001271 seconds, Stopping threads took: 0.0000226 seconds
2017-11-21T18:36:11.777-0600: 13.615: Total time for which application threads were stopped: 0.0000358 seconds, Stopping threads took: 0.0000128 seconds
2017-11-21T18:36:11.778-0600: 13.615: Total time for which application threads were stopped: 0.0000461 seconds, Stopping threads took: 0.0000239 seconds
2017-11-21T18:36:11.778-0600: 13.615: Total time for which application threads were stopped: 0.0001135 seconds, Stopping threads took: 0.0000713 seconds
2017-11-21T18:36:11.778-0600: 13.615: Total time for which application threads were stopped: 0.0000341 seconds, Stopping threads took: 0.0000132 seconds
2017-11-21T18:36:11.778-0600: 13.616: Total time for which application threads were stopped: 0.0000265 seconds, Stopping threads took: 0.0000098 seconds
2017-11-21T18:36:11.779-0600: 13.616: Total time for which application threads were stopped: 0.0000410 seconds, Stopping threads took: 0.0000132 seconds
2017-11-21T18:36:11.779-0600: 13.616: Total time for which application threads were stopped: 0.0000563 seconds, Stopping threads took: 0.0000132 seconds
2017-11-21T18:36:11.779-0600: 13.616: Total time for which application threads were stopped: 0.0000260 seconds, Stopping threads took: 0.0000085 seconds
2017-11-21T18:36:11.779-0600: 13.617: Total time for which application threads were stopped: 0.0000354 seconds, Stopping threads took: 0.0000115 seconds
2017-11-21T18:36:11.779-0600: 13.617: Total time for which application threads were stopped: 0.0000235 seconds, Stopping threads took: 0.0000077 seconds
2017-11-21T18:36:11.779-0600: 13.617: Total time for which application threads were stopped: 0.0000346 seconds, Stopping threads took: 0.0000107 seconds
2017-11-21T18:36:11.779-0600: 13.617: Total time for which application threads were stopped: 0.0000457 seconds, Stopping threads took: 0.0000179 seconds
2017-11-21T18:36:11.779-0600: 13.617: Total time for which application threads were stopped: 0.0000333 seconds, Stopping threads took: 0.0000098 seconds
2017-11-21T18:36:11.814-0600: 13.652: Total time for which application threads were stopped: 0.0000623 seconds, Stopping threads took: 0.0000247 seconds
2017-11-21T18:36:11.961-0600: 13.798: Total time for which application threads were stopped: 0.0000708 seconds, Stopping threads took: 0.0000209 seconds
2017-11-21T18:36:11.962-0600: 13.799: Total time for which application threads were stopped: 0.0000627 seconds, Stopping threads took: 0.0000209 seconds
2017-11-21T18:36:53.445-0600: 55.282: Total time for which application threads were stopped: 0.0000550 seconds, Stopping threads took: 0.0000158 seconds
2017-11-21T18:38:01.449-0600: 123.286: Total time for which application threads were stopped: 0.0000905 seconds, Stopping threads took: 0.0000282 seconds
2017-11-21T18:38:01.449-0600: 123.287: Total time for which application threads were stopped: 0.0000457 seconds, Stopping threads took: 0.0000137 seconds
2017-11-21T18:38:01.449-0600: 123.287: Total time for which application threads were stopped: 0.0000461 seconds, Stopping threads took: 0.0000196 seconds
2017-11-21T18:38:01.450-0600: 123.287: Total time for which application threads were stopped: 0.0000422 seconds, Stopping threads took: 0.0000119 seconds
2017-11-21T18:38:01.450-0600: 123.287: Total time for which application threads were stopped: 0.0000623 seconds, Stopping threads took: 0.0000222 seconds
2017-11-21T18:38:01.450-0600: 123.287: Total time for which application threads were stopped: 0.0000431 seconds, Stopping threads took: 0.0000098 seconds
2017-11-21T18:38:01.450-0600: 123.287: Total time for which application threads were stopped: 0.0000887 seconds, Stopping threads took: 0.0000576 seconds
2017-11-21T18:38:01.450-0600: 123.287: Total time for which application threads were stopped: 0.0000427 seconds, Stopping threads took: 0.0000119 seconds
2017-11-21T18:38:01.481-0600: 123.318: Total time for which application threads were stopped: 0.0000823 seconds, Stopping threads took: 0.0000171 seconds
2017-11-21T18:38:01.499-0600: 123.336: Total time for which application threads were stopped: 0.0000734 seconds, Stopping threads took: 0.0000205 seconds
2017-11-21T18:38:01.555-0600: 123.393: Total time for which application threads were stopped: 0.0000521 seconds, Stopping threads took: 0.0000166 seconds
2017-11-21T18:38:01.556-0600: 123.393: Total time for which application threads were stopped: 0.0001007 seconds, Stopping threads took: 0.0000482 seconds
2017-11-21T18:38:01.559-0600: 123.397: Total time for which application threads were stopped: 0.0000678 seconds, Stopping threads took: 0.0000218 seconds
2017-11-21T18:38:01.559-0600: 123.397: Total time for which application threads were stopped: 0.0000482 seconds, Stopping threads took: 0.0000137 seconds
2017-11-21T18:39:15.092-0600: 196.929: Total time for which application threads were stopped: 0.0000956 seconds, Stopping threads took: 0.0000307 seconds
2017-11-21T18:39:15.092-0600: 196.929: Total time for which application threads were stopped: 0.0000431 seconds, Stopping threads took: 0.0000171 seconds
2017-11-21T18:39:15.092-0600: 196.930: Total time for which application threads were stopped: 0.0000512 seconds, Stopping threads took: 0.0000201 seconds
2017-11-21T18:39:15.093-0600: 196.930: Total time for which application threads were stopped: 0.0000555 seconds, Stopping threads took: 0.0000213 seconds
2017-11-21T18:39:15.093-0600: 196.930: Total time for which application threads were stopped: 0.0000759 seconds, Stopping threads took: 0.0000324 seconds
2017-11-21T18:39:15.093-0600: 196.930: Total time for which application threads were stopped: 0.0000687 seconds, Stopping threads took: 0.0000260 seconds
2017-11-21T18:39:15.093-0600: 196.930: Total time for which application threads were stopped: 0.0000405 seconds, Stopping threads took: 0.0000115 seconds
2017-11-21T18:39:15.093-0600: 196.931: Total time for which application threads were stopped: 0.0000367 seconds, Stopping threads took: 0.0000107 seconds
2017-11-21T18:39:15.094-0600: 196.931: Total time for which application threads were stopped: 0.0000435 seconds, Stopping threads took: 0.0000149 seconds
2017-11-21T18:39:15.094-0600: 196.931: Total time for which application threads were stopped: 0.0000448 seconds, Stopping threads took: 0.0000192 seconds
2017-11-21T18:39:15.094-0600: 196.931: Total time for which application threads were stopped: 0.0000533 seconds, Stopping threads took: 0.0000205 seconds
2017-11-21T18:39:15.094-0600: 196.931: Total time for which application threads were stopped: 0.0000503 seconds, Stopping threads took: 0.0000196 seconds
2017-11-21T18:39:15.101-0600: 196.938: Total time for which application threads were stopped: 0.0000738 seconds, Stopping threads took: 0.0000269 seconds
2017-11-21T18:39:15.123-0600: 196.960: Total time for which application threads were stopped: 0.0001459 seconds, Stopping threads took: 0.0000346 seconds
2017-11-21T18:39:15.171-0600: 197.009: Total time for which application threads were stopped: 0.0001041 seconds, Stopping threads took: 0.0000354 seconds
2017-11-21T18:39:15.307-0600: 197.145: Total time for which application threads were stopped: 0.0001037 seconds, Stopping threads took: 0.0000358 seconds
2017-11-21T18:39:15.308-0600: 197.146: Total time for which application threads were stopped: 0.0000981 seconds, Stopping threads took: 0.0000282 seconds
2017-11-21T18:39:15.309-0600: 197.147: Total time for which application threads were stopped: 0.0001391 seconds, Stopping threads took: 0.0000503 seconds
2017-11-21T18:39:15.309-0600: 197.147: Total time for which application threads were stopped: 0.0001071 seconds, Stopping threads took: 0.0000397 seconds
2017-11-21T18:39:15.310-0600: 197.147: Total time for which application threads were stopped: 0.0000819 seconds, Stopping threads took: 0.0000158 seconds
2017-11-21T18:39:15.450-0600: 197.287: Total time for which application threads were stopped: 0.0000836 seconds, Stopping threads took: 0.0000226 seconds
2017-11-21T18:39:15.551-0600: 197.388: Total time for which application threads were stopped: 0.0003584 seconds, Stopping threads took: 0.0000218 seconds
2017-11-21T18:39:15.551-0600: 197.389: Total time for which application threads were stopped: 0.0001284 seconds, Stopping threads took: 0.0000491 seconds
2017-11-21T18:39:15.552-0600: 197.389: Total time for which application threads were stopped: 0.0000734 seconds, Stopping threads took: 0.0000175 seconds
2017-11-21T18:39:15.553-0600: 197.391: Total time for which application threads were stopped: 0.0000934 seconds, Stopping threads took: 0.0000341 seconds
2017-11-21T18:39:15.682-0600: 197.519: Total time for which application threads were stopped: 0.0000678 seconds, Stopping threads took: 0.0000226 seconds
2017-11-21T18:39:15.682-0600: 197.520: Total time for which application threads were stopped: 0.0000666 seconds, Stopping threads took: 0.0000286 seconds
2017-11-21T18:39:15.682-0600: 197.520: Total time for which application threads were stopped: 0.0000649 seconds, Stopping threads took: 0.0000196 seconds
2017-11-21T18:39:15.683-0600: 197.521: Total time for which application threads were stopped: 0.0000619 seconds, Stopping threads took: 0.0000192 seconds
2017-11-21T18:39:15.685-0600: 197.522: Total time for which application threads were stopped: 0.0000990 seconds, Stopping threads took: 0.0000299 seconds
2017-11-21T18:39:15.685-0600: 197.523: Total time for which application threads were stopped: 0.0000768 seconds, Stopping threads took: 0.0000290 seconds
2017-11-21T18:39:15.685-0600: 197.523: Total time for which application threads were stopped: 0.0000751 seconds, Stopping threads took: 0.0000346 seconds
2017-11-21T18:39:15.686-0600: 197.523: Total time for which application threads were stopped: 0.0000939 seconds, Stopping threads took: 0.0000375 seconds
2017-11-21T18:39:15.688-0600: 197.526: Total time for which application threads were stopped: 0.0001071 seconds, Stopping threads took: 0.0000350 seconds
2017-11-21T18:39:15.690-0600: 197.528: Total time for which application threads were stopped: 0.0000960 seconds, Stopping threads took: 0.0000329 seconds
2017-11-21T18:39:15.692-0600: 197.530: Total time for which application threads were stopped: 0.0000892 seconds, Stopping threads took: 0.0000371 seconds
2017-11-21T18:39:15.693-0600: 197.531: Total time for which application threads were stopped: 0.0000691 seconds, Stopping threads took: 0.0000239 seconds
2017-11-21T18:39:15.693-0600: 197.531: Total time for which application threads were stopped: 0.0000469 seconds, Stopping threads took: 0.0000141 seconds
2017-11-21T18:39:15.694-0600: 197.532: Total time for which application threads were stopped: 0.0000721 seconds, Stopping threads took: 0.0000324 seconds
2017-11-21T18:39:15.776-0600: 197.613: Total time for which application threads were stopped: 0.0001173 seconds, Stopping threads took: 0.0000516 seconds
2017-11-21T18:39:15.778-0600: 197.615: Total time for which application threads were stopped: 0.0000943 seconds, Stopping threads took: 0.0000252 seconds
2017-11-21T18:39:15.778-0600: 197.615: Total time for which application threads were stopped: 0.0000700 seconds, Stopping threads took: 0.0000256 seconds
2017-11-21T18:39:15.792-0600: 197.629: Total time for which application threads were stopped: 0.0000836 seconds, Stopping threads took: 0.0000329 seconds
2017-11-21T18:39:15.792-0600: 197.629: Total time for which application threads were stopped: 0.0001101 seconds, Stopping threads took: 0.0000640 seconds
2017-11-21T18:39:16.094-0600: 197.932: Total time for which application threads were stopped: 0.0001101 seconds, Stopping threads took: 0.0000649 seconds
2017-11-21T18:39:16.097-0600: 197.934: Total time for which application threads were stopped: 0.0000721 seconds, Stopping threads took: 0.0000282 seconds
2017-11-21T18:39:16.176-0600: 198.014: Total time for which application threads were stopped: 0.0000930 seconds, Stopping threads took: 0.0000286 seconds
2017-11-21T18:39:16.177-0600: 198.014: Total time for which application threads were stopped: 0.0001711 seconds, Stopping threads took: 0.0000256 seconds
2017-11-21T18:39:16.177-0600: 198.014: Total time for which application threads were stopped: 0.0001557 seconds, Stopping threads took: 0.0000154 seconds
2017-11-21T18:39:16.179-0600: 198.016: Total time for which application threads were stopped: 0.0000883 seconds, Stopping threads took: 0.0000290 seconds
2017-11-21T18:39:16.249-0600: 198.087: Total time for which application threads were stopped: 0.0022054 seconds, Stopping threads took: 0.0021355 seconds
2017-11-21T18:39:16.293-0600: 198.130: Total time for which application threads were stopped: 0.0001054 seconds, Stopping threads took: 0.0000397 seconds
2017-11-21T18:39:16.293-0600: 198.130: Total time for which application threads were stopped: 0.0000772 seconds, Stopping threads took: 0.0000222 seconds
2017-11-21T18:39:16.293-0600: 198.131: Total time for which application threads were stopped: 0.0000742 seconds, Stopping threads took: 0.0000158 seconds
2017-11-21T18:39:16.293-0600: 198.131: Total time for which application threads were stopped: 0.0000832 seconds, Stopping threads took: 0.0000299 seconds
2017-11-21T18:39:16.293-0600: 198.131: Total time for which application threads were stopped: 0.0000597 seconds, Stopping threads took: 0.0000218 seconds
2017-11-21T18:39:16.293-0600: 198.131: Total time for which application threads were stopped: 0.0000555 seconds, Stopping threads took: 0.0000201 seconds
2017-11-21T18:39:16.298-0600: 198.135: Total time for which application threads were stopped: 0.0001203 seconds, Stopping threads took: 0.0000555 seconds
2017-11-21T18:39:16.341-0600: 198.179: Total time for which application threads were stopped: 0.0001105 seconds, Stopping threads took: 0.0000243 seconds
2017-11-21T18:39:16.341-0600: 198.179: Total time for which application threads were stopped: 0.0000529 seconds, Stopping threads took: 0.0000119 seconds
2017-11-21T18:39:16.341-0600: 198.179: Total time for which application threads were stopped: 0.0000495 seconds, Stopping threads took: 0.0000102 seconds
2017-11-21T18:39:16.341-0600: 198.179: Total time for which application threads were stopped: 0.0000516 seconds, Stopping threads took: 0.0000128 seconds
2017-11-21T18:39:16.342-0600: 198.179: Total time for which application threads were stopped: 0.0000482 seconds, Stopping threads took: 0.0000090 seconds
2017-11-21T18:39:16.342-0600: 198.179: Total time for which application threads were stopped: 0.0000375 seconds, Stopping threads took: 0.0000090 seconds
2017-11-21T18:39:16.342-0600: 198.179: Total time for which application threads were stopped: 0.0000375 seconds, Stopping threads took: 0.0000094 seconds
2017-11-21T18:39:16.342-0600: 198.179: Total time for which application threads were stopped: 0.0000384 seconds, Stopping threads took: 0.0000094 seconds
2017-11-21T18:39:16.342-0600: 198.179: Total time for which application threads were stopped: 0.0000375 seconds, Stopping threads took: 0.0000094 seconds
2017-11-21T18:39:16.342-0600: 198.179: Total time for which application threads were stopped: 0.0000397 seconds, Stopping threads took: 0.0000098 seconds
2017-11-21T18:39:16.342-0600: 198.179: Total time for which application threads were stopped: 0.0000845 seconds, Stopping threads took: 0.0000094 seconds
2017-11-21T18:39:16.480-0600: 198.318: Total time for which application threads were stopped: 0.0001020 seconds, Stopping threads took: 0.0000333 seconds
2017-11-21T18:39:16.481-0600: 198.319: Total time for which application threads were stopped: 0.0000755 seconds, Stopping threads took: 0.0000329 seconds
2017-11-21T18:39:16.481-0600: 198.319: Total time for which application threads were stopped: 0.0001092 seconds, Stopping threads took: 0.0000205 seconds
2017-11-21T18:39:17.482-0600: 199.319: Total time for which application threads were stopped: 0.0001647 seconds, Stopping threads took: 0.0001015 seconds
2017-11-21T18:39:21.581-0600: 203.419: Total time for which application threads were stopped: 0.0003217 seconds, Stopping threads took: 0.0000243 seconds
2017-11-21T18:39:22.582-0600: 204.419: Total time for which application threads were stopped: 0.0000742 seconds, Stopping threads took: 0.0000265 seconds
2017-11-21T18:40:35.506-0600: 277.343: Total time for which application threads were stopped: 0.0000747 seconds, Stopping threads took: 0.0000277 seconds
2017-11-21T18:40:35.602-0600: 277.440: Total time for which application threads were stopped: 0.0002953 seconds, Stopping threads took: 0.0000183 seconds
2017-11-21T18:40:36.603-0600: 278.440: Total time for which application threads were stopped: 0.0001212 seconds, Stopping threads took: 0.0000252 seconds
2017-11-21T18:40:37.500-0600: 279.337: Total time for which application threads were stopped: 0.0000994 seconds, Stopping threads took: 0.0000226 seconds
2017-11-21T18:40:37.594-0600: 279.431: Total time for which application threads were stopped: 0.0000943 seconds, Stopping threads took: 0.0000265 seconds
2017-11-21T18:40:37.667-0600: 279.505: [GC (CMS Initial Mark) [1 CMS-initial-mark: 0K(393216K)] 77803K(502464K), 0.0430289 secs] [Times: user=0.01 sys=0.00, real=0.04 secs] 
2017-11-21T18:40:37.711-0600: 279.548: Total time for which application threads were stopped: 0.0431428 seconds, Stopping threads took: 0.0000209 seconds
2017-11-21T18:40:37.711-0600: 279.548: [CMS-concurrent-mark-start]
2017-11-21T18:40:37.712-0600: 279.549: [CMS-concurrent-mark: 0.001/0.001 secs] [Times: user=0.00 sys=0.00, real=0.00 secs] 
2017-11-21T18:40:37.712-0600: 279.549: [CMS-concurrent-preclean-start]
2017-11-21T18:40:37.714-0600: 279.551: [CMS-concurrent-preclean: 0.001/0.001 secs] [Times: user=0.00 sys=0.00, real=0.00 secs] 
2017-11-21T18:40:37.714-0600: 279.551: [CMS-concurrent-abortable-preclean-start]
2017-11-21T18:40:37.868-0600: 279.705: Total time for which application threads were stopped: 0.0001233 seconds, Stopping threads took: 0.0000256 seconds
2017-11-21T18:40:37.967-0600: 279.804: Total time for which application threads were stopped: 0.0002381 seconds, Stopping threads took: 0.0000337 seconds
2017-11-21T18:40:37.972-0600: 279.809: Total time for which application threads were stopped: 0.0001395 seconds, Stopping threads took: 0.0000836 seconds
{Heap before GC invocations=1 (full 1):
 par new generation   total 109248K, used 98823K [0x14800000, 0x1c800000, 0x1c800000)
  eden space 87424K, 100% used [0x14800000, 0x19d60000, 0x19d60000)
  from space 21824K,  52% used [0x1b2b0000, 0x1bdd1f30, 0x1c800000)
  to   space 21824K,   0% used [0x19d60000, 0x19d60000, 0x1b2b0000)
 concurrent mark-sweep generation total 393216K, used 0K [0x1c800000, 0x34800000, 0x34800000)
 Metaspace       used 16699K, capacity 17102K, committed 17280K, reserved 17792K
2017-11-21T18:40:38.006-0600: 279.843: [GC (Allocation Failure) 2017-11-21T18:40:38.006-0600: 279.843: [ParNew
Desired survivor size 20112996 bytes, new threshold 8 (max 8)
- age   1:    6760888 bytes,    6760888 total
- age   2:    5516712 bytes,   12277600 total
: 98823K->14316K(109248K), 0.0121877 secs] 98823K->14316K(502464K), 0.0122786 secs] [Times: user=0.00 sys=0.00, real=0.01 secs] 
Heap after GC invocations=2 (full 1):
 par new generation   total 109248K, used 14316K [0x14800000, 0x1c800000, 0x1c800000)
  eden space 87424K,   0% used [0x14800000, 0x14800000, 0x19d60000)
  from space 21824K,  65% used [0x19d60000, 0x1ab5b1f0, 0x1b2b0000)
  to   space 21824K,   0% used [0x1b2b0000, 0x1b2b0000, 0x1c800000)
 concurrent mark-sweep generation total 393216K, used 0K [0x1c800000, 0x34800000, 0x34800000)
 Metaspace       used 16699K, capacity 17102K, committed 17280K, reserved 17792K
}
2017-11-21T18:40:38.018-0600: 279.856: Total time for which application threads were stopped: 0.0125559 seconds, Stopping threads took: 0.0000785 seconds
2017-11-21T18:40:38.023-0600: 279.861: Total time for which application threads were stopped: 0.0001135 seconds, Stopping threads took: 0.0000388 seconds
2017-11-21T18:40:38.052-0600: 279.890: Total time for which application threads were stopped: 0.0003601 seconds, Stopping threads took: 0.0000239 seconds
2017-11-21T18:40:38.157-0600: 279.994: Total time for which application threads were stopped: 0.0001199 seconds, Stopping threads took: 0.0000192 seconds
2017-11-21T18:40:38.255-0600: 280.093: Total time for which application threads were stopped: 0.0001506 seconds, Stopping threads took: 0.0000708 seconds
2017-11-21T18:40:38.371-0600: 280.209: Total time for which application threads were stopped: 0.0000862 seconds, Stopping threads took: 0.0000183 seconds
2017-11-21T18:40:38.372-0600: 280.209: Total time for which application threads were stopped: 0.0000508 seconds, Stopping threads took: 0.0000132 seconds
2017-11-21T18:40:38.372-0600: 280.210: Total time for which application threads were stopped: 0.0000597 seconds, Stopping threads took: 0.0000158 seconds
2017-11-21T18:40:38.374-0600: 280.212: Total time for which application threads were stopped: 0.0000951 seconds, Stopping threads took: 0.0000243 seconds
2017-11-21T18:40:38.374-0600: 280.212: [CMS-concurrent-abortable-preclean: 0.239/0.661 secs] [Times: user=1.41 sys=0.09, real=0.66 secs] 
2017-11-21T18:40:38.374-0600: 280.212: [GC (CMS Final Remark) [YG occupancy: 83773 K (109248 K)]{Heap before GC invocations=2 (full 1):
 par new generation   total 109248K, used 83773K [0x14800000, 0x1c800000, 0x1c800000)
  eden space 87424K,  79% used [0x14800000, 0x18bd4220, 0x19d60000)
  from space 21824K,  65% used [0x19d60000, 0x1ab5b1f0, 0x1b2b0000)
  to   space 21824K,   0% used [0x1b2b0000, 0x1b2b0000, 0x1c800000)
 concurrent mark-sweep generation total 393216K, used 0K [0x1c800000, 0x34800000, 0x34800000)
 Metaspace       used 17368K, capacity 17822K, committed 17920K, reserved 18816K
2017-11-21T18:40:38.374-0600: 280.212: [GC (CMS Final Remark) 2017-11-21T18:40:38.374-0600: 280.212: [ParNew
Desired survivor size 20112996 bytes, new threshold 8 (max 8)
- age   1:    1686504 bytes,    1686504 total
- age   2:    2177576 bytes,    3864080 total
- age   3:    5500040 bytes,    9364120 total
: 83773K->15635K(109248K), 0.0089156 secs] 83773K->15635K(502464K), 0.0089707 secs] [Times: user=0.06 sys=0.00, real=0.01 secs] 
Heap after GC invocations=3 (full 1):
 par new generation   total 109248K, used 15635K [0x14800000, 0x1c800000, 0x1c800000)
  eden space 87424K,   0% used [0x14800000, 0x14800000, 0x19d60000)
  from space 21824K,  71% used [0x1b2b0000, 0x1c1f4e80, 0x1c800000)
  to   space 21824K,   0% used [0x19d60000, 0x19d60000, 0x1b2b0000)
 concurrent mark-sweep generation total 393216K, used 0K [0x1c800000, 0x34800000, 0x34800000)
 Metaspace       used 17368K, capacity 17822K, committed 17920K, reserved 18816K
}
2017-11-21T18:40:38.383-0600: 280.221: [Rescan (parallel) , 0.0046647 secs]2017-11-21T18:40:38.388-0600: 280.225: [weak refs processing, 0.0003089 secs]2017-11-21T18:40:38.388-0600: 280.226: [class unloading, 0.0041297 secs]2017-11-21T18:40:38.392-0600: 280.230: [scrub symbol table, 0.0028070 secs]2017-11-21T18:40:38.395-0600: 280.233: [scrub string table, 0.0001173 secs][1 CMS-remark: 0K(393216K)] 15635K(502464K), 0.0218803 secs] [Times: user=0.06 sys=0.00, real=0.02 secs] 
2017-11-21T18:40:38.396-0600: 280.234: Total time for which application threads were stopped: 0.0219750 seconds, Stopping threads took: 0.0000218 seconds
2017-11-21T18:40:38.396-0600: 280.234: [CMS-concurrent-sweep-start]
2017-11-21T18:40:38.396-0600: 280.234: [CMS-concurrent-sweep: 0.000/0.000 secs] [Times: user=0.00 sys=0.00, real=0.00 secs] 
2017-11-21T18:40:38.396-0600: 280.234: [CMS-concurrent-reset-start]
2017-11-21T18:40:38.396-0600: 280.234: Total time for which application threads were stopped: 0.0000785 seconds, Stopping threads took: 0.0000329 seconds
2017-11-21T18:40:38.397-0600: 280.235: Total time for which application threads were stopped: 0.0000930 seconds, Stopping threads took: 0.0000499 seconds
2017-11-21T18:40:38.397-0600: 280.235: Total time for which application threads were stopped: 0.0000670 seconds, Stopping threads took: 0.0000243 seconds
2017-11-21T18:40:38.398-0600: 280.236: Total time for which application threads were stopped: 0.0000640 seconds, Stopping threads took: 0.0000243 seconds
2017-11-21T18:40:38.398-0600: 280.236: Total time for which application threads were stopped: 0.0000922 seconds, Stopping threads took: 0.0000482 seconds
2017-11-21T18:40:38.399-0600: 280.237: Total time for which application threads were stopped: 0.0001084 seconds, Stopping threads took: 0.0000499 seconds
2017-11-21T18:40:38.399-0600: 280.237: Total time for which application threads were stopped: 0.0000623 seconds, Stopping threads took: 0.0000209 seconds
2017-11-21T18:40:38.400-0600: 280.238: Total time for which application threads were stopped: 0.0000700 seconds, Stopping threads took: 0.0000247 seconds
2017-11-21T18:40:38.400-0600: 280.238: Total time for which application threads were stopped: 0.0000670 seconds, Stopping threads took: 0.0000239 seconds
2017-11-21T18:40:38.401-0600: 280.239: Total time for which application threads were stopped: 0.0001417 seconds, Stopping threads took: 0.0000973 seconds
2017-11-21T18:40:38.401-0600: 280.239: [CMS-concurrent-reset: 0.004/0.005 secs] [Times: user=0.06 sys=0.00, real=0.01 secs] 
2017-11-21T18:40:38.401-0600: 280.239: Total time for which application threads were stopped: 0.0000614 seconds, Stopping threads took: 0.0000205 seconds
2017-11-21T18:40:38.401-0600: 280.239: Total time for which application threads were stopped: 0.0000559 seconds, Stopping threads took: 0.0000222 seconds
2017-11-21T18:40:38.401-0600: 280.239: Total time for which application threads were stopped: 0.0000550 seconds, Stopping threads took: 0.0000201 seconds
2017-11-21T18:40:38.401-0600: 280.239: Total time for which application threads were stopped: 0.0000998 seconds, Stopping threads took: 0.0000640 seconds
2017-11-21T18:40:38.401-0600: 280.239: Total time for which application threads were stopped: 0.0000491 seconds, Stopping threads took: 0.0000158 seconds
2017-11-21T18:40:38.402-0600: 280.239: Total time for which application threads were stopped: 0.0000482 seconds, Stopping threads took: 0.0000188 seconds
2017-11-21T18:40:38.402-0600: 280.239: Total time for which application threads were stopped: 0.0001327 seconds, Stopping threads took: 0.0000149 seconds
2017-11-21T18:40:38.403-0600: 280.241: Total time for which application threads were stopped: 0.0001284 seconds, Stopping threads took: 0.0000247 seconds
2017-11-21T18:40:38.428-0600: 280.266: Total time for which application threads were stopped: 0.0000823 seconds, Stopping threads took: 0.0000252 seconds
2017-11-21T18:40:38.428-0600: 280.266: Total time for which application threads were stopped: 0.0000503 seconds, Stopping threads took: 0.0000158 seconds
2017-11-21T18:40:38.428-0600: 280.266: Total time for which application threads were stopped: 0.0000350 seconds, Stopping threads took: 0.0000111 seconds
2017-11-21T18:40:38.428-0600: 280.266: Total time for which application threads were stopped: 0.0000418 seconds, Stopping threads took: 0.0000111 seconds
2017-11-21T18:40:38.428-0600: 280.266: Total time for which application threads were stopped: 0.0000661 seconds, Stopping threads took: 0.0000209 seconds
2017-11-21T18:40:38.428-0600: 280.266: Total time for which application threads were stopped: 0.0000354 seconds, Stopping threads took: 0.0000145 seconds
2017-11-21T18:40:38.428-0600: 280.266: Total time for which application threads were stopped: 0.0000602 seconds, Stopping threads took: 0.0000171 seconds
2017-11-21T18:40:38.429-0600: 280.266: Total time for which application threads were stopped: 0.0000546 seconds, Stopping threads took: 0.0000226 seconds
2017-11-21T18:40:38.429-0600: 280.267: Total time for which application threads were stopped: 0.0000465 seconds, Stopping threads took: 0.0000128 seconds
2017-11-21T18:40:38.614-0600: 280.451: Total time for which application threads were stopped: 0.0000934 seconds, Stopping threads took: 0.0000320 seconds
2017-11-21T18:40:38.931-0600: 280.768: Total time for which application threads were stopped: 0.0000956 seconds, Stopping threads took: 0.0000286 seconds
{Heap before GC invocations=3 (full 1):
 par new generation   total 109248K, used 103059K [0x14800000, 0x1c800000, 0x1c800000)
  eden space 87424K, 100% used [0x14800000, 0x19d60000, 0x19d60000)
  from space 21824K,  71% used [0x1b2b0000, 0x1c1f4e80, 0x1c800000)
  to   space 21824K,   0% used [0x19d60000, 0x19d60000, 0x1b2b0000)
 concurrent mark-sweep generation total 393216K, used 0K [0x1c800000, 0x34800000, 0x34800000)
 Metaspace       used 18031K, capacity 18474K, committed 18560K, reserved 18816K
2017-11-21T18:40:38.937-0600: 280.774: [GC (Allocation Failure) 2017-11-21T18:40:38.937-0600: 280.774: [ParNew
Desired survivor size 20112996 bytes, new threshold 8 (max 8)
- age   1:    1137832 bytes,    1137832 total
- age   2:     925784 bytes,    2063616 total
- age   3:    2025288 bytes,    4088904 total
- age   4:    5499344 bytes,    9588248 total
: 103059K->12230K(109248K), 0.0090897 secs] 103059K->12230K(502464K), 0.0091763 secs] [Times: user=0.06 sys=0.00, real=0.01 secs] 
Heap after GC invocations=4 (full 1):
 par new generation   total 109248K, used 12230K [0x14800000, 0x1c800000, 0x1c800000)
  eden space 87424K,   0% used [0x14800000, 0x14800000, 0x19d60000)
  from space 21824K,  56% used [0x19d60000, 0x1a9518f0, 0x1b2b0000)
  to   space 21824K,   0% used [0x1b2b0000, 0x1b2b0000, 0x1c800000)
 concurrent mark-sweep generation total 393216K, used 0K [0x1c800000, 0x34800000, 0x34800000)
 Metaspace       used 18031K, capacity 18474K, committed 18560K, reserved 18816K
}
2017-11-21T18:40:38.946-0600: 280.783: Total time for which application threads were stopped: 0.0093773 seconds, Stopping threads took: 0.0000243 seconds
2017-11-21T18:40:38.946-0600: 280.784: Total time for which application threads were stopped: 0.0000905 seconds, Stopping threads took: 0.0000183 seconds
2017-11-21T18:40:38.976-0600: 280.814: Total time for which application threads were stopped: 0.0000649 seconds, Stopping threads took: 0.0000205 seconds
2017-11-21T18:40:38.977-0600: 280.814: Total time for which application threads were stopped: 0.0000717 seconds, Stopping threads took: 0.0000303 seconds
2017-11-21T18:40:38.979-0600: 280.816: Total time for which application threads were stopped: 0.0001122 seconds, Stopping threads took: 0.0000491 seconds
2017-11-21T18:40:39.261-0600: 281.098: Total time for which application threads were stopped: 0.0003008 seconds, Stopping threads took: 0.0000201 seconds
2017-11-21T18:40:39.482-0600: 281.320: Total time for which application threads were stopped: 0.0000956 seconds, Stopping threads took: 0.0000213 seconds
2017-11-21T18:40:39.557-0600: 281.395: Total time for which application threads were stopped: 0.0000742 seconds, Stopping threads took: 0.0000247 seconds
2017-11-21T18:40:39.600-0600: 281.437: Total time for which application threads were stopped: 0.0004437 seconds, Stopping threads took: 0.0000222 seconds
2017-11-21T18:40:39.792-0600: 281.629: Total time for which application threads were stopped: 0.0001216 seconds, Stopping threads took: 0.0000230 seconds
2017-11-21T18:40:39.801-0600: 281.639: Total time for which application threads were stopped: 0.0000708 seconds, Stopping threads took: 0.0000222 seconds
2017-11-21T18:40:40.010-0600: 281.847: Total time for which application threads were stopped: 0.0000858 seconds, Stopping threads took: 0.0000218 seconds
2017-11-21T18:40:40.010-0600: 281.847: Total time for which application threads were stopped: 0.0000367 seconds, Stopping threads took: 0.0000094 seconds
2017-11-21T18:40:40.324-0600: 282.161: Total time for which application threads were stopped: 0.0001024 seconds, Stopping threads took: 0.0000290 seconds
2017-11-21T18:40:40.437-0600: 282.274: Total time for which application threads were stopped: 0.0001323 seconds, Stopping threads took: 0.0000294 seconds
2017-11-21T18:40:40.452-0600: 282.290: Total time for which application threads were stopped: 0.0000704 seconds, Stopping threads took: 0.0000247 seconds
2017-11-21T18:40:45.147-0600: 286.985: Total time for which application threads were stopped: 0.0001011 seconds, Stopping threads took: 0.0000230 seconds
2017-11-21T18:40:45.147-0600: 286.985: Total time for which application threads were stopped: 0.0000388 seconds, Stopping threads took: 0.0000119 seconds
2017-11-21T18:40:45.171-0600: 287.008: Total time for which application threads were stopped: 0.0001088 seconds, Stopping threads took: 0.0000358 seconds
2017-11-21T18:40:45.375-0600: 287.212: Total time for which application threads were stopped: 0.0004109 seconds, Stopping threads took: 0.0000256 seconds
{Heap before GC invocations=4 (full 1):
 par new generation   total 109248K, used 99654K [0x14800000, 0x1c800000, 0x1c800000)
  eden space 87424K, 100% used [0x14800000, 0x19d60000, 0x19d60000)
  from space 21824K,  56% used [0x19d60000, 0x1a9518f0, 0x1b2b0000)
  to   space 21824K,   0% used [0x1b2b0000, 0x1b2b0000, 0x1c800000)
 concurrent mark-sweep generation total 393216K, used 0K [0x1c800000, 0x34800000, 0x34800000)
 Metaspace       used 21346K, capacity 21913K, committed 22016K, reserved 22912K
2017-11-21T18:40:45.440-0600: 287.277: [GC (Allocation Failure) 2017-11-21T18:40:45.440-0600: 287.277: [ParNew
Desired survivor size 20112996 bytes, new threshold 8 (max 8)
- age   1:    7485152 bytes,    7485152 total
- age   2:     258208 bytes,    7743360 total
- age   3:     291568 bytes,    8034928 total
- age   4:    1997784 bytes,   10032712 total
- age   5:    5447840 bytes,   15480552 total
: 99654K->16569K(109248K), 0.0145374 secs] 99654K->16569K(502464K), 0.0146381 secs] [Times: user=0.06 sys=0.00, real=0.01 secs] 
Heap after GC invocations=5 (full 1):
 par new generation   total 109248K, used 16569K [0x14800000, 0x1c800000, 0x1c800000)
  eden space 87424K,   0% used [0x14800000, 0x14800000, 0x19d60000)
  from space 21824K,  75% used [0x1b2b0000, 0x1c2de550, 0x1c800000)
  to   space 21824K,   0% used [0x19d60000, 0x19d60000, 0x1b2b0000)
 concurrent mark-sweep generation total 393216K, used 0K [0x1c800000, 0x34800000, 0x34800000)
 Metaspace       used 21346K, capacity 21913K, committed 22016K, reserved 22912K
}
2017-11-21T18:40:45.455-0600: 287.292: Total time for which application threads were stopped: 0.0148365 seconds, Stopping threads took: 0.0000222 seconds
2017-11-21T18:40:45.456-0600: 287.294: Total time for which application threads were stopped: 0.0003883 seconds, Stopping threads took: 0.0003149 seconds
2017-11-21T18:40:45.610-0600: 287.447: Total time for which application threads were stopped: 0.0000751 seconds, Stopping threads took: 0.0000179 seconds
2017-11-21T18:40:45.611-0600: 287.448: Total time for which application threads were stopped: 0.0000666 seconds, Stopping threads took: 0.0000158 seconds
2017-11-21T18:40:45.613-0600: 287.450: Total time for which application threads were stopped: 0.0000713 seconds, Stopping threads took: 0.0000205 seconds
2017-11-21T18:40:45.629-0600: 287.466: Total time for which application threads were stopped: 0.0000674 seconds, Stopping threads took: 0.0000252 seconds
2017-11-21T18:40:45.660-0600: 287.497: Total time for which application threads were stopped: 0.0000704 seconds, Stopping threads took: 0.0000218 seconds
2017-11-21T18:40:45.681-0600: 287.519: Total time for which application threads were stopped: 0.0000704 seconds, Stopping threads took: 0.0000222 seconds
2017-11-21T18:40:45.697-0600: 287.535: Total time for which application threads were stopped: 0.0000649 seconds, Stopping threads took: 0.0000269 seconds
2017-11-21T18:40:46.697-0600: 288.535: Total time for which application threads were stopped: 0.0001404 seconds, Stopping threads took: 0.0000260 seconds
2017-11-21T18:45:21.106-0600: 562.943: Total time for which application threads were stopped: 0.0000887 seconds, Stopping threads took: 0.0000294 seconds
2017-11-21T18:45:21.106-0600: 562.944: Total time for which application threads were stopped: 0.0000610 seconds, Stopping threads took: 0.0000256 seconds
2017-11-21T18:45:21.107-0600: 562.945: Total time for which application threads were stopped: 0.0001037 seconds, Stopping threads took: 0.0000401 seconds
2017-11-21T18:45:24.478-0600: 566.316: Total time for which application threads were stopped: 0.0000563 seconds, Stopping threads took: 0.0000179 seconds
2017-11-21T18:45:24.487-0600: 566.325: Total time for which application threads were stopped: 0.0000491 seconds, Stopping threads took: 0.0000162 seconds
2017-11-21T18:45:24.488-0600: 566.325: Total time for which application threads were stopped: 0.0000337 seconds, Stopping threads took: 0.0000085 seconds
2017-11-21T18:45:24.488-0600: 566.325: Total time for which application threads were stopped: 0.0000230 seconds, Stopping threads took: 0.0000060 seconds
2017-11-21T18:45:24.488-0600: 566.325: Total time for which application threads were stopped: 0.0000230 seconds, Stopping threads took: 0.0000055 seconds
2017-11-21T18:45:24.488-0600: 566.325: Total time for which application threads were stopped: 0.0000239 seconds, Stopping threads took: 0.0000060 seconds
2017-11-21T18:45:24.488-0600: 566.325: Total time for which application threads were stopped: 0.0000226 seconds, Stopping threads took: 0.0000055 seconds
2017-11-21T18:45:24.488-0600: 566.325: Total time for which application threads were stopped: 0.0000230 seconds, Stopping threads took: 0.0000055 seconds
2017-11-21T18:45:24.488-0600: 566.326: Total time for which application threads were stopped: 0.0000435 seconds, Stopping threads took: 0.0000137 seconds
2017-11-21T18:45:24.488-0600: 566.326: Total time for which application threads were stopped: 0.0000606 seconds, Stopping threads took: 0.0000141 seconds
2017-11-21T18:45:24.489-0600: 566.326: Total time for which application threads were stopped: 0.0000371 seconds, Stopping threads took: 0.0000128 seconds
2017-11-21T18:45:24.491-0600: 566.328: Total time for which application threads were stopped: 0.0000751 seconds, Stopping threads took: 0.0000213 seconds
2017-11-21T18:45:25.492-0600: 567.329: Total time for which application threads were stopped: 0.0000691 seconds, Stopping threads took: 0.0000346 seconds
2017-11-21T18:45:28.772-0600: 570.609: Total time for which application threads were stopped: 0.0001220 seconds, Stopping threads took: 0.0000393 seconds
2017-11-21T18:45:28.774-0600: 570.612: Total time for which application threads were stopped: 0.0000858 seconds, Stopping threads took: 0.0000307 seconds
2017-11-21T18:45:28.778-0600: 570.615: Total time for which application threads were stopped: 0.0000845 seconds, Stopping threads took: 0.0000294 seconds
2017-11-21T18:45:28.790-0600: 570.627: Total time for which application threads were stopped: 0.0000806 seconds, Stopping threads took: 0.0000363 seconds
{Heap before GC invocations=5 (full 1):
 par new generation   total 109248K, used 103993K [0x14800000, 0x1c800000, 0x1c800000)
  eden space 87424K, 100% used [0x14800000, 0x19d60000, 0x19d60000)
  from space 21824K,  75% used [0x1b2b0000, 0x1c2de550, 0x1c800000)
  to   space 21824K,   0% used [0x19d60000, 0x19d60000, 0x1b2b0000)
 concurrent mark-sweep generation total 393216K, used 0K [0x1c800000, 0x34800000, 0x34800000)
 Metaspace       used 22282K, capacity 22859K, committed 22912K, reserved 22912K
2017-11-21T18:45:28.832-0600: 570.669: [GC (Allocation Failure) 2017-11-21T18:45:28.832-0600: 570.669: [ParNew
Desired survivor size 20112996 bytes, new threshold 8 (max 8)
- age   1:    3008200 bytes,    3008200 total
- age   2:    2788824 bytes,    5797024 total
- age   3:     257000 bytes,    6054024 total
- age   4:     280976 bytes,    6335000 total
- age   5:    1871840 bytes,    8206840 total
- age   6:    5423800 bytes,   13630640 total
: 103993K->18782K(109248K), 0.0153267 secs] 103993K->18782K(502464K), 0.0154423 secs] [Times: user=0.06 sys=0.00, real=0.01 secs] 
Heap after GC invocations=6 (full 1):
 par new generation   total 109248K, used 18782K [0x14800000, 0x1c800000, 0x1c800000)
  eden space 87424K,   0% used [0x14800000, 0x14800000, 0x19d60000)
  from space 21824K,  86% used [0x19d60000, 0x1afb7a50, 0x1b2b0000)
  to   space 21824K,   0% used [0x1b2b0000, 0x1b2b0000, 0x1c800000)
 concurrent mark-sweep generation total 393216K, used 0K [0x1c800000, 0x34800000, 0x34800000)
 Metaspace       used 22282K, capacity 22859K, committed 22912K, reserved 22912K
}
2017-11-21T18:45:28.847-0600: 570.684: Total time for which application threads were stopped: 0.0160021 seconds, Stopping threads took: 0.0003691 seconds
2017-11-21T18:45:28.847-0600: 570.685: Total time for which application threads were stopped: 0.0000695 seconds, Stopping threads took: 0.0000265 seconds
2017-11-21T18:45:28.848-0600: 570.685: Total time for which application threads were stopped: 0.0001229 seconds, Stopping threads took: 0.0000794 seconds
2017-11-21T18:45:28.848-0600: 570.685: Total time for which application threads were stopped: 0.0001562 seconds, Stopping threads took: 0.0001152 seconds
2017-11-21T18:45:28.848-0600: 570.685: Total time for which application threads were stopped: 0.0000585 seconds, Stopping threads took: 0.0000230 seconds
2017-11-21T18:45:28.850-0600: 570.687: Total time for which application threads were stopped: 0.0001370 seconds, Stopping threads took: 0.0000917 seconds
2017-11-21T18:45:28.850-0600: 570.687: Total time for which application threads were stopped: 0.0000439 seconds, Stopping threads took: 0.0000124 seconds
2017-11-21T18:45:28.850-0600: 570.687: Total time for which application threads were stopped: 0.0000414 seconds, Stopping threads took: 0.0000119 seconds
2017-11-21T18:45:28.850-0600: 570.687: Total time for which application threads were stopped: 0.0000397 seconds, Stopping threads took: 0.0000115 seconds
2017-11-21T18:45:28.850-0600: 570.687: Total time for which application threads were stopped: 0.0000371 seconds, Stopping threads took: 0.0000102 seconds
2017-11-21T18:45:28.850-0600: 570.687: Total time for which application threads were stopped: 0.0000401 seconds, Stopping threads took: 0.0000128 seconds
2017-11-21T18:45:28.850-0600: 570.687: Total time for which application threads were stopped: 0.0000414 seconds, Stopping threads took: 0.0000119 seconds
2017-11-21T18:45:28.850-0600: 570.687: Total time for which application threads were stopped: 0.0000401 seconds, Stopping threads took: 0.0000111 seconds
2017-11-21T18:45:28.850-0600: 570.687: Total time for which application threads were stopped: 0.0000371 seconds, Stopping threads took: 0.0000102 seconds
2017-11-21T18:45:28.850-0600: 570.687: Total time for which application threads were stopped: 0.0000384 seconds, Stopping threads took: 0.0000111 seconds
2017-11-21T18:45:28.850-0600: 570.688: Total time for which application threads were stopped: 0.0000563 seconds, Stopping threads took: 0.0000273 seconds
2017-11-21T18:45:28.850-0600: 570.688: Total time for which application threads were stopped: 0.0000486 seconds, Stopping threads took: 0.0000222 seconds
2017-11-21T18:45:28.850-0600: 570.688: Total time for which application threads were stopped: 0.0000380 seconds, Stopping threads took: 0.0000111 seconds
2017-11-21T18:45:28.851-0600: 570.688: Total time for which application threads were stopped: 0.0000414 seconds, Stopping threads took: 0.0000145 seconds
2017-11-21T18:45:28.851-0600: 570.688: Total time for which application threads were stopped: 0.0000482 seconds, Stopping threads took: 0.0000222 seconds
2017-11-21T18:45:28.851-0600: 570.688: Total time for which application threads were stopped: 0.0001186 seconds, Stopping threads took: 0.0000401 seconds
2017-11-21T18:45:28.851-0600: 570.688: Total time for which application threads were stopped: 0.0000759 seconds, Stopping threads took: 0.0000226 seconds
2017-11-21T18:45:28.863-0600: 570.700: Total time for which application threads were stopped: 0.0003430 seconds, Stopping threads took: 0.0002850 seconds
{Heap before GC invocations=6 (full 1):
 par new generation   total 109248K, used 106206K [0x14800000, 0x1c800000, 0x1c800000)
  eden space 87424K, 100% used [0x14800000, 0x19d60000, 0x19d60000)
  from space 21824K,  86% used [0x19d60000, 0x1afb7a50, 0x1b2b0000)
  to   space 21824K,   0% used [0x1b2b0000, 0x1b2b0000, 0x1c800000)
 concurrent mark-sweep generation total 393216K, used 0K [0x1c800000, 0x34800000, 0x34800000)
 Metaspace       used 22310K, capacity 22896K, committed 22912K, reserved 22912K
2017-11-21T18:45:28.972-0600: 570.810: [GC (Allocation Failure) 2017-11-21T18:45:28.973-0600: 570.810: [ParNew
Desired survivor size 20112996 bytes, new threshold 8 (max 8)
- age   1:     737560 bytes,     737560 total
- age   2:     949128 bytes,    1686688 total
- age   3:    1096976 bytes,    2783664 total
- age   4:     163784 bytes,    2947448 total
- age   5:     196304 bytes,    3143752 total
- age   6:    1415944 bytes,    4559696 total
- age   7:    5002176 bytes,    9561872 total
: 106206K->14213K(109248K), 0.0107776 secs] 106206K->14213K(502464K), 0.0108395 secs] [Times: user=0.06 sys=0.00, real=0.01 secs] 
Heap after GC invocations=7 (full 1):
 par new generation   total 109248K, used 14213K [0x14800000, 0x1c800000, 0x1c800000)
  eden space 87424K,   0% used [0x14800000, 0x14800000, 0x19d60000)
  from space 21824K,  65% used [0x1b2b0000, 0x1c091670, 0x1c800000)
  to   space 21824K,   0% used [0x19d60000, 0x19d60000, 0x1b2b0000)
 concurrent mark-sweep generation total 393216K, used 0K [0x1c800000, 0x34800000, 0x34800000)
 Metaspace       used 22310K, capacity 22896K, committed 22912K, reserved 22912K
}
2017-11-21T18:45:28.983-0600: 570.821: Total time for which application threads were stopped: 0.0111241 seconds, Stopping threads took: 0.0000230 seconds
2017-11-21T18:45:29.157-0600: 570.994: Total time for which application threads were stopped: 0.0000998 seconds, Stopping threads took: 0.0000329 seconds
2017-11-21T18:45:29.190-0600: 571.027: Total time for which application threads were stopped: 0.0000730 seconds, Stopping threads took: 0.0000256 seconds
2017-11-21T18:45:29.190-0600: 571.028: Total time for which application threads were stopped: 0.0000947 seconds, Stopping threads took: 0.0000388 seconds
2017-11-21T18:45:29.192-0600: 571.029: Total time for which application threads were stopped: 0.0000461 seconds, Stopping threads took: 0.0000158 seconds
2017-11-21T18:45:30.192-0600: 572.029: Total time for which application threads were stopped: 0.0000751 seconds, Stopping threads took: 0.0000222 seconds
2017-11-21T18:45:33.772-0600: 575.609: Total time for which application threads were stopped: 0.0011814 seconds, Stopping threads took: 0.0011183 seconds
2017-11-21T18:45:33.772-0600: 575.610: Total time for which application threads were stopped: 0.0000755 seconds, Stopping threads took: 0.0000239 seconds
2017-11-21T18:45:33.773-0600: 575.610: Total time for which application threads were stopped: 0.0000649 seconds, Stopping threads took: 0.0000196 seconds
2017-11-21T18:45:33.776-0600: 575.613: Total time for which application threads were stopped: 0.0000704 seconds, Stopping threads took: 0.0000256 seconds
2017-11-21T18:45:33.779-0600: 575.616: Total time for which application threads were stopped: 0.0000742 seconds, Stopping threads took: 0.0000265 seconds
2017-11-21T18:45:33.780-0600: 575.617: Total time for which application threads were stopped: 0.0000742 seconds, Stopping threads took: 0.0000307 seconds
2017-11-21T18:45:33.781-0600: 575.618: Total time for which application threads were stopped: 0.0000691 seconds, Stopping threads took: 0.0000235 seconds
2017-11-21T18:45:33.783-0600: 575.620: Total time for which application threads were stopped: 0.0000879 seconds, Stopping threads took: 0.0000277 seconds
2017-11-21T18:45:33.787-0600: 575.624: Total time for which application threads were stopped: 0.0001161 seconds, Stopping threads took: 0.0000401 seconds
2017-11-21T18:45:33.826-0600: 575.663: Total time for which application threads were stopped: 0.0000798 seconds, Stopping threads took: 0.0000230 seconds
2017-11-21T18:45:33.827-0600: 575.664: Total time for which application threads were stopped: 0.0000977 seconds, Stopping threads took: 0.0000222 seconds
{Heap before GC invocations=7 (full 1):
 par new generation   total 109248K, used 101637K [0x14800000, 0x1c800000, 0x1c800000)
  eden space 87424K, 100% used [0x14800000, 0x19d60000, 0x19d60000)
  from space 21824K,  65% used [0x1b2b0000, 0x1c091670, 0x1c800000)
  to   space 21824K,   0% used [0x19d60000, 0x19d60000, 0x1b2b0000)
 concurrent mark-sweep generation total 393216K, used 0K [0x1c800000, 0x34800000, 0x34800000)
 Metaspace       used 22353K, capacity 22928K, committed 23040K, reserved 23936K
2017-11-21T18:45:33.919-0600: 575.757: [GC (Allocation Failure) 2017-11-21T18:45:33.919-0600: 575.757: [ParNew
Desired survivor size 20112996 bytes, new threshold 8 (max 8)
- age   1:    2352848 bytes,    2352848 total
- age   2:      70192 bytes,    2423040 total
- age   3:     812672 bytes,    3235712 total
- age   4:    1096080 bytes,    4331792 total
- age   5:     163784 bytes,    4495576 total
- age   6:     196304 bytes,    4691880 total
- age   7:    1415744 bytes,    6107624 total
- age   8:    5002168 bytes,   11109792 total
: 101637K->13094K(109248K), 0.0127518 secs] 101637K->13094K(502464K), 0.0128431 secs] [Times: user=0.06 sys=0.00, real=0.01 secs] 
Heap after GC invocations=8 (full 1):
 par new generation   total 109248K, used 13094K [0x14800000, 0x1c800000, 0x1c800000)
  eden space 87424K,   0% used [0x14800000, 0x14800000, 0x19d60000)
  from space 21824K,  60% used [0x19d60000, 0x1aa29ae0, 0x1b2b0000)
  to   space 21824K,   0% used [0x1b2b0000, 0x1b2b0000, 0x1c800000)
 concurrent mark-sweep generation total 393216K, used 0K [0x1c800000, 0x34800000, 0x34800000)
 Metaspace       used 22353K, capacity 22928K, committed 23040K, reserved 23936K
}
2017-11-21T18:45:33.932-0600: 575.770: Total time for which application threads were stopped: 0.0130995 seconds, Stopping threads took: 0.0000273 seconds
2017-11-21T18:45:33.933-0600: 575.771: Total time for which application threads were stopped: 0.0000781 seconds, Stopping threads took: 0.0000333 seconds
2017-11-21T18:45:34.016-0600: 575.853: Total time for which application threads were stopped: 0.0001050 seconds, Stopping threads took: 0.0000427 seconds
2017-11-21T18:45:35.016-0600: 576.853: Total time for which application threads were stopped: 0.0001609 seconds, Stopping threads took: 0.0000529 seconds
2017-11-21T18:46:39.689-0600: 641.526: Total time for which application threads were stopped: 0.0000986 seconds, Stopping threads took: 0.0000286 seconds
2017-11-21T18:46:39.689-0600: 641.527: Total time for which application threads were stopped: 0.0000892 seconds, Stopping threads took: 0.0000614 seconds
2017-11-21T18:46:39.690-0600: 641.527: Total time for which application threads were stopped: 0.0000503 seconds, Stopping threads took: 0.0000171 seconds
2017-11-21T18:46:40.691-0600: 642.528: Total time for which application threads were stopped: 0.0000951 seconds, Stopping threads took: 0.0000286 seconds
2017-11-21T18:46:43.258-0600: 645.095: Total time for which application threads were stopped: 0.0000939 seconds, Stopping threads took: 0.0000235 seconds
2017-11-21T18:46:43.260-0600: 645.097: Total time for which application threads were stopped: 0.0000678 seconds, Stopping threads took: 0.0000239 seconds
2017-11-21T18:46:43.260-0600: 645.097: Total time for which application threads were stopped: 0.0000461 seconds, Stopping threads took: 0.0000145 seconds
2017-11-21T18:46:43.260-0600: 645.097: Total time for which application threads were stopped: 0.0000896 seconds, Stopping threads took: 0.0000555 seconds
2017-11-21T18:46:43.260-0600: 645.097: Total time for which application threads were stopped: 0.0000427 seconds, Stopping threads took: 0.0000115 seconds
2017-11-21T18:46:43.260-0600: 645.097: Total time for which application threads were stopped: 0.0000610 seconds, Stopping threads took: 0.0000294 seconds
2017-11-21T18:46:43.260-0600: 645.097: Total time for which application threads were stopped: 0.0000474 seconds, Stopping threads took: 0.0000128 seconds
2017-11-21T18:46:43.260-0600: 645.097: Total time for which application threads were stopped: 0.0000290 seconds, Stopping threads took: 0.0000081 seconds
2017-11-21T18:46:43.260-0600: 645.098: Total time for which application threads were stopped: 0.0000435 seconds, Stopping threads took: 0.0000090 seconds
2017-11-21T18:46:43.261-0600: 645.098: Total time for which application threads were stopped: 0.0000674 seconds, Stopping threads took: 0.0000192 seconds
2017-11-21T18:46:43.261-0600: 645.099: Total time for which application threads were stopped: 0.0000550 seconds, Stopping threads took: 0.0000192 seconds
2017-11-21T18:46:43.268-0600: 645.105: Total time for which application threads were stopped: 0.0000747 seconds, Stopping threads took: 0.0000230 seconds
2017-11-21T18:46:43.271-0600: 645.109: Total time for which application threads were stopped: 0.0000687 seconds, Stopping threads took: 0.0000209 seconds
2017-11-21T18:46:44.271-0600: 646.108: Total time for which application threads were stopped: 0.0000759 seconds, Stopping threads took: 0.0000183 seconds
2017-11-21T18:46:49.936-0600: 651.773: Total time for which application threads were stopped: 0.0000772 seconds, Stopping threads took: 0.0000166 seconds
{Heap before GC invocations=8 (full 1):
 par new generation   total 109248K, used 100518K [0x14800000, 0x1c800000, 0x1c800000)
  eden space 87424K, 100% used [0x14800000, 0x19d60000, 0x19d60000)
  from space 21824K,  60% used [0x19d60000, 0x1aa29ae0, 0x1b2b0000)
  to   space 21824K,   0% used [0x1b2b0000, 0x1b2b0000, 0x1c800000)
 concurrent mark-sweep generation total 393216K, used 0K [0x1c800000, 0x34800000, 0x34800000)
 Metaspace       used 22421K, capacity 22997K, committed 23040K, reserved 23936K
2017-11-21T18:46:50.065-0600: 651.902: [GC (Allocation Failure) 2017-11-21T18:46:50.065-0600: 651.902: [ParNew
Desired survivor size 20112996 bytes, new threshold 8 (max 8)
- age   1:    2341728 bytes,    2341728 total
- age   2:    1801112 bytes,    4142840 total
- age   3:      70192 bytes,    4213032 total
- age   4:     801648 bytes,    5014680 total
- age   5:    1094664 bytes,    6109344 total
- age   6:     163784 bytes,    6273128 total
- age   7:     196112 bytes,    6469240 total
- age   8:    1415264 bytes,    7884504 total
: 100518K->11535K(109248K), 0.0299908 secs] 100518K->16735K(502464K), 0.0300787 secs] [Times: user=0.13 sys=0.00, real=0.03 secs] 
Heap after GC invocations=9 (full 1):
 par new generation   total 109248K, used 11535K [0x14800000, 0x1c800000, 0x1c800000)
  eden space 87424K,   0% used [0x14800000, 0x14800000, 0x19d60000)
  from space 21824K,  52% used [0x1b2b0000, 0x1bdf3ca0, 0x1c800000)
  to   space 21824K,   0% used [0x19d60000, 0x19d60000, 0x1b2b0000)
 concurrent mark-sweep generation total 393216K, used 5200K [0x1c800000, 0x34800000, 0x34800000)
 Metaspace       used 22421K, capacity 22997K, committed 23040K, reserved 23936K
}
2017-11-21T18:46:50.095-0600: 651.932: Total time for which application threads were stopped: 0.0303991 seconds, Stopping threads took: 0.0000235 seconds
2017-11-21T18:46:50.095-0600: 651.933: Total time for which application threads were stopped: 0.0001195 seconds, Stopping threads took: 0.0000836 seconds
2017-11-21T18:46:50.095-0600: 651.933: Total time for which application threads were stopped: 0.0000717 seconds, Stopping threads took: 0.0000444 seconds
2017-11-21T18:46:50.095-0600: 651.933: Total time for which application threads were stopped: 0.0000546 seconds, Stopping threads took: 0.0000316 seconds
2017-11-21T18:46:50.096-0600: 651.933: Total time for which application threads were stopped: 0.0000683 seconds, Stopping threads took: 0.0000358 seconds
2017-11-21T18:46:50.096-0600: 651.933: Total time for which application threads were stopped: 0.0000593 seconds, Stopping threads took: 0.0000363 seconds
2017-11-21T18:46:50.096-0600: 651.933: Total time for which application threads were stopped: 0.0000542 seconds, Stopping threads took: 0.0000290 seconds
2017-11-21T18:46:50.096-0600: 651.933: Total time for which application threads were stopped: 0.0000316 seconds, Stopping threads took: 0.0000081 seconds
2017-11-21T18:46:50.096-0600: 651.933: Total time for which application threads were stopped: 0.0000461 seconds, Stopping threads took: 0.0000171 seconds
2017-11-21T18:46:50.096-0600: 651.933: Total time for which application threads were stopped: 0.0000422 seconds, Stopping threads took: 0.0000175 seconds
2017-11-21T18:46:50.096-0600: 651.933: Total time for which application threads were stopped: 0.0000457 seconds, Stopping threads took: 0.0000201 seconds
2017-11-21T18:46:50.096-0600: 651.933: Total time for which application threads were stopped: 0.0000311 seconds, Stopping threads took: 0.0000098 seconds
2017-11-21T18:46:50.096-0600: 651.933: Total time for which application threads were stopped: 0.0000789 seconds, Stopping threads took: 0.0000427 seconds
2017-11-21T18:46:50.096-0600: 651.934: Total time for which application threads were stopped: 0.0000730 seconds, Stopping threads took: 0.0000422 seconds
2017-11-21T18:46:50.096-0600: 651.934: Total time for which application threads were stopped: 0.0000474 seconds, Stopping threads took: 0.0000171 seconds
2017-11-21T18:46:50.096-0600: 651.934: Total time for which application threads were stopped: 0.0000602 seconds, Stopping threads took: 0.0000294 seconds
2017-11-21T18:46:50.097-0600: 651.934: Total time for which application threads were stopped: 0.0001020 seconds, Stopping threads took: 0.0000213 seconds
2017-11-21T18:46:50.097-0600: 651.934: Total time for which application threads were stopped: 0.0000448 seconds, Stopping threads took: 0.0000226 seconds
2017-11-21T18:46:50.097-0600: 651.934: Total time for which application threads were stopped: 0.0000299 seconds, Stopping threads took: 0.0000102 seconds
2017-11-21T18:46:50.097-0600: 651.934: Total time for which application threads were stopped: 0.0000367 seconds, Stopping threads took: 0.0000158 seconds
2017-11-21T18:46:50.097-0600: 651.934: Total time for which application threads were stopped: 0.0001216 seconds, Stopping threads took: 0.0000499 seconds
2017-11-21T18:46:50.098-0600: 651.935: Total time for which application threads were stopped: 0.0001481 seconds, Stopping threads took: 0.0000627 seconds
{Heap before GC invocations=9 (full 1):
 par new generation   total 109248K, used 98959K [0x14800000, 0x1c800000, 0x1c800000)
  eden space 87424K, 100% used [0x14800000, 0x19d60000, 0x19d60000)
  from space 21824K,  52% used [0x1b2b0000, 0x1bdf3ca0, 0x1c800000)
  to   space 21824K,   0% used [0x19d60000, 0x19d60000, 0x1b2b0000)
 concurrent mark-sweep generation total 393216K, used 5200K [0x1c800000, 0x34800000, 0x34800000)
 Metaspace       used 22428K, capacity 22997K, committed 23040K, reserved 23936K
2017-11-21T18:46:50.197-0600: 652.034: [GC (Allocation Failure) 2017-11-21T18:46:50.197-0600: 652.034: [ParNew
Desired survivor size 20112996 bytes, new threshold 8 (max 8)
- age   1:     192472 bytes,     192472 total
- age   2:    1330144 bytes,    1522616 total
- age   3:      31752 bytes,    1554368 total
- age   4:       5992 bytes,    1560360 total
- age   5:     344040 bytes,    1904400 total
- age   6:    1094664 bytes,    2999064 total
- age   7:     163784 bytes,    3162848 total
- age   8:     196112 bytes,    3358960 total
: 98959K->5194K(109248K), 0.0086473 secs] 104159K->11795K(502464K), 0.0087078 secs] [Times: user=0.00 sys=0.00, real=0.01 secs] 
Heap after GC invocations=10 (full 1):
 par new generation   total 109248K, used 5194K [0x14800000, 0x1c800000, 0x1c800000)
  eden space 87424K,   0% used [0x14800000, 0x14800000, 0x19d60000)
  from space 21824K,  23% used [0x19d60000, 0x1a2729a0, 0x1b2b0000)
  to   space 21824K,   0% used [0x1b2b0000, 0x1b2b0000, 0x1c800000)
 concurrent mark-sweep generation total 393216K, used 6600K [0x1c800000, 0x34800000, 0x34800000)
 Metaspace       used 22428K, capacity 22997K, committed 23040K, reserved 23936K
}
2017-11-21T18:46:50.206-0600: 652.043: Total time for which application threads were stopped: 0.0089434 seconds, Stopping threads took: 0.0000183 seconds
2017-11-21T18:46:50.386-0600: 652.223: Total time for which application threads were stopped: 0.0001067 seconds, Stopping threads took: 0.0000213 seconds
2017-11-21T18:46:54.898-0600: 656.735: Total time for which application threads were stopped: 0.0000849 seconds, Stopping threads took: 0.0000329 seconds
2017-11-21T18:46:54.907-0600: 656.744: Total time for which application threads were stopped: 0.0001084 seconds, Stopping threads took: 0.0000380 seconds
2017-11-21T18:46:54.941-0600: 656.778: Total time for which application threads were stopped: 0.0000939 seconds, Stopping threads took: 0.0000247 seconds
2017-11-21T18:46:55.140-0600: 656.978: Total time for which application threads were stopped: 0.0004169 seconds, Stopping threads took: 0.0000239 seconds
2017-11-21T18:46:56.141-0600: 657.978: Total time for which application threads were stopped: 0.0000815 seconds, Stopping threads took: 0.0000239 seconds
2017-11-21T18:47:02.145-0600: 663.982: Total time for which application threads were stopped: 0.0000734 seconds, Stopping threads took: 0.0000252 seconds
2017-11-21T18:47:03.032-0600: 664.869: Total time for which application threads were stopped: 0.0000994 seconds, Stopping threads took: 0.0000286 seconds
2017-11-21T18:47:03.032-0600: 664.869: Total time for which application threads were stopped: 0.0000836 seconds, Stopping threads took: 0.0000192 seconds
2017-11-21T18:47:03.032-0600: 664.870: Total time for which application threads were stopped: 0.0000815 seconds, Stopping threads took: 0.0000226 seconds
2017-11-21T18:47:03.032-0600: 664.870: Total time for which application threads were stopped: 0.0000777 seconds, Stopping threads took: 0.0000222 seconds
2017-11-21T18:47:03.032-0600: 664.870: Total time for which application threads were stopped: 0.0000521 seconds, Stopping threads took: 0.0000119 seconds
2017-11-21T18:47:03.033-0600: 664.871: Total time for which application threads were stopped: 0.0000905 seconds, Stopping threads took: 0.0000311 seconds
2017-11-21T18:47:03.033-0600: 664.871: Total time for which application threads were stopped: 0.0001242 seconds, Stopping threads took: 0.0000149 seconds
2017-11-21T18:47:04.034-0600: 665.871: Total time for which application threads were stopped: 0.0000691 seconds, Stopping threads took: 0.0000201 seconds
2017-11-21T18:47:05.319-0600: 667.157: Total time for which application threads were stopped: 0.0000905 seconds, Stopping threads took: 0.0000333 seconds
2017-11-21T18:47:05.320-0600: 667.157: Total time for which application threads were stopped: 0.0000922 seconds, Stopping threads took: 0.0000529 seconds
2017-11-21T18:47:05.320-0600: 667.158: Total time for which application threads were stopped: 0.0000747 seconds, Stopping threads took: 0.0000243 seconds
2017-11-21T18:47:05.320-0600: 667.158: Total time for which application threads were stopped: 0.0000550 seconds, Stopping threads took: 0.0000188 seconds
2017-11-21T18:47:05.320-0600: 667.158: Total time for which application threads were stopped: 0.0000525 seconds, Stopping threads took: 0.0000162 seconds
2017-11-21T18:47:05.320-0600: 667.158: Total time for which application threads were stopped: 0.0000614 seconds, Stopping threads took: 0.0000239 seconds
2017-11-21T18:47:05.320-0600: 667.158: Total time for which application threads were stopped: 0.0000934 seconds, Stopping threads took: 0.0000589 seconds
2017-11-21T18:47:05.324-0600: 667.162: Total time for which application threads were stopped: 0.0001152 seconds, Stopping threads took: 0.0000465 seconds
2017-11-21T18:47:05.324-0600: 667.162: Total time for which application threads were stopped: 0.0000589 seconds, Stopping threads took: 0.0000179 seconds
2017-11-21T18:47:05.326-0600: 667.164: Total time for which application threads were stopped: 0.0001033 seconds, Stopping threads took: 0.0000303 seconds
2017-11-21T18:47:06.328-0600: 668.165: Total time for which application threads were stopped: 0.0000866 seconds, Stopping threads took: 0.0000201 seconds
2017-11-21T18:47:07.125-0600: 668.963: Total time for which application threads were stopped: 0.0006434 seconds, Stopping threads took: 0.0000333 seconds
2017-11-21T18:47:08.126-0600: 669.963: Total time for which application threads were stopped: 0.0000849 seconds, Stopping threads took: 0.0000201 seconds
2017-11-21T18:47:32.142-0600: 693.979: Total time for which application threads were stopped: 0.0001126 seconds, Stopping threads took: 0.0000614 seconds
2017-11-21T18:48:02.162-0600: 723.999: Total time for which application threads were stopped: 0.0001280 seconds, Stopping threads took: 0.0000414 seconds
2017-11-21T18:49:08.205-0600: 790.041: Total time for which application threads were stopped: 0.0000896 seconds, Stopping threads took: 0.0000299 seconds
2017-11-21T18:49:58.238-0600: 840.075: Total time for which application threads were stopped: 0.0000973 seconds, Stopping threads took: 0.0000346 seconds
2017-11-21T18:50:00.239-0600: 842.076: Total time for which application threads were stopped: 0.0000832 seconds, Stopping threads took: 0.0000273 seconds
2017-11-21T18:52:02.320-0600: 964.157: Total time for which application threads were stopped: 0.0001165 seconds, Stopping threads took: 0.0000465 seconds
2017-11-21T18:57:55.554-0600: 1317.391: Total time for which application threads were stopped: 0.0001028 seconds, Stopping threads took: 0.0000337 seconds
2017-11-21T18:57:55.586-0600: 1317.423: Total time for which application threads were stopped: 0.0000998 seconds, Stopping threads took: 0.0000235 seconds
2017-11-21T18:57:55.586-0600: 1317.423: Total time for which application threads were stopped: 0.0000789 seconds, Stopping threads took: 0.0000158 seconds
2017-11-21T18:57:55.586-0600: 1317.423: Total time for which application threads were stopped: 0.0000580 seconds, Stopping threads took: 0.0000132 seconds
2017-11-21T18:57:55.586-0600: 1317.423: Total time for which application threads were stopped: 0.0000521 seconds, Stopping threads took: 0.0000145 seconds
2017-11-21T18:57:55.587-0600: 1317.423: Total time for which application threads were stopped: 0.0000461 seconds, Stopping threads took: 0.0000102 seconds
2017-11-21T18:57:55.587-0600: 1317.423: Total time for which application threads were stopped: 0.0000452 seconds, Stopping threads took: 0.0000085 seconds
2017-11-21T18:57:55.587-0600: 1317.424: Total time for which application threads were stopped: 0.0000457 seconds, Stopping threads took: 0.0000098 seconds
2017-11-21T18:57:55.587-0600: 1317.424: Total time for which application threads were stopped: 0.0000435 seconds, Stopping threads took: 0.0000094 seconds
2017-11-21T18:57:55.587-0600: 1317.424: Total time for which application threads were stopped: 0.0000452 seconds, Stopping threads took: 0.0000090 seconds
2017-11-21T18:57:55.587-0600: 1317.424: Total time for which application threads were stopped: 0.0000521 seconds, Stopping threads took: 0.0000124 seconds
2017-11-21T18:57:55.587-0600: 1317.424: Total time for which application threads were stopped: 0.0000614 seconds, Stopping threads took: 0.0000111 seconds
2017-11-21T18:57:55.587-0600: 1317.424: Total time for which application threads were stopped: 0.0000567 seconds, Stopping threads took: 0.0000098 seconds
2017-11-21T18:57:55.587-0600: 1317.424: Total time for which application threads were stopped: 0.0000631 seconds, Stopping threads took: 0.0000158 seconds
2017-11-21T18:57:55.587-0600: 1317.424: Total time for which application threads were stopped: 0.0000606 seconds, Stopping threads took: 0.0000098 seconds
2017-11-21T18:57:55.587-0600: 1317.424: Total time for which application threads were stopped: 0.0000580 seconds, Stopping threads took: 0.0000124 seconds
2017-11-21T18:57:55.587-0600: 1317.424: Total time for which application threads were stopped: 0.0000516 seconds, Stopping threads took: 0.0000111 seconds
2017-11-21T18:57:55.588-0600: 1317.424: Total time for which application threads were stopped: 0.0000623 seconds, Stopping threads took: 0.0000132 seconds
2017-11-21T18:57:55.588-0600: 1317.425: Total time for which application threads were stopped: 0.0000555 seconds, Stopping threads took: 0.0000098 seconds
2017-11-21T18:57:55.588-0600: 1317.425: Total time for which application threads were stopped: 0.0000486 seconds, Stopping threads took: 0.0000098 seconds
2017-11-21T18:57:55.588-0600: 1317.425: Total time for which application threads were stopped: 0.0000486 seconds, Stopping threads took: 0.0000107 seconds
2017-11-21T18:57:55.588-0600: 1317.425: Total time for which application threads were stopped: 0.0001263 seconds, Stopping threads took: 0.0000107 seconds
2017-11-21T18:57:55.588-0600: 1317.425: Total time for which application threads were stopped: 0.0000533 seconds, Stopping threads took: 0.0000111 seconds
2017-11-21T18:57:55.590-0600: 1317.427: Total time for which application threads were stopped: 0.0000794 seconds, Stopping threads took: 0.0000201 seconds
2017-11-21T18:57:55.590-0600: 1317.427: Total time for which application threads were stopped: 0.0000670 seconds, Stopping threads took: 0.0000141 seconds
2017-11-21T18:57:55.610-0600: 1317.447: Total time for which application threads were stopped: 0.0000721 seconds, Stopping threads took: 0.0000183 seconds
2017-11-21T18:57:55.612-0600: 1317.449: Total time for which application threads were stopped: 0.0000636 seconds, Stopping threads took: 0.0000162 seconds
2017-11-21T18:57:55.612-0600: 1317.449: Total time for which application threads were stopped: 0.0000350 seconds, Stopping threads took: 0.0000077 seconds
2017-11-21T18:57:55.624-0600: 1317.461: Total time for which application threads were stopped: 0.0000947 seconds, Stopping threads took: 0.0000235 seconds
2017-11-21T18:57:55.749-0600: 1317.586: Total time for which application threads were stopped: 0.0004463 seconds, Stopping threads took: 0.0000209 seconds
2017-11-21T18:57:55.827-0600: 1317.665: Total time for which application threads were stopped: 0.0001284 seconds, Stopping threads took: 0.0000256 seconds
2017-11-21T18:57:55.842-0600: 1317.680: Total time for which application threads were stopped: 0.0000951 seconds, Stopping threads took: 0.0000316 seconds
{Heap before GC invocations=10 (full 1):
 par new generation   total 109248K, used 92599K [0x14800000, 0x1c800000, 0x1c800000)
  eden space 87424K,  99% used [0x14800000, 0x19d5b560, 0x19d60000)
  from space 21824K,  23% used [0x19d60000, 0x1a2729a0, 0x1b2b0000)
  to   space 21824K,   0% used [0x1b2b0000, 0x1b2b0000, 0x1c800000)
 concurrent mark-sweep generation total 393216K, used 6600K [0x1c800000, 0x34800000, 0x34800000)
 Metaspace       used 22936K, capacity 23563K, committed 23680K, reserved 23936K
2017-11-21T18:57:55.846-0600: 1317.683: [GC (Allocation Failure) 2017-11-21T18:57:55.846-0600: 1317.683: [ParNew
Desired survivor size 20112996 bytes, new threshold 8 (max 8)
- age   1:    3934896 bytes,    3934896 total
- age   2:      69280 bytes,    4004176 total
- age   3:     692816 bytes,    4696992 total
- age   4:      30512 bytes,    4727504 total
- age   5:       5992 bytes,    4733496 total
- age   6:     343176 bytes,    5076672 total
- age   7:    1094664 bytes,    6171336 total
- age   8:     163808 bytes,    6335144 total
: 92599K->6885K(109248K), 0.0113869 secs] 99200K->13681K(502464K), 0.0114863 secs] [Times: user=0.06 sys=0.00, real=0.01 secs] 
Heap after GC invocations=11 (full 1):
 par new generation   total 109248K, used 6885K [0x14800000, 0x1c800000, 0x1c800000)
  eden space 87424K,   0% used [0x14800000, 0x14800000, 0x19d60000)
  from space 21824K,  31% used [0x1b2b0000, 0x1b969688, 0x1c800000)
  to   space 21824K,   0% used [0x19d60000, 0x19d60000, 0x1b2b0000)
 concurrent mark-sweep generation total 393216K, used 6795K [0x1c800000, 0x34800000, 0x34800000)
 Metaspace       used 22936K, capacity 23563K, committed 23680K, reserved 23936K
}
2017-11-21T18:57:55.857-0600: 1317.695: Total time for which application threads were stopped: 0.0117158 seconds, Stopping threads took: 0.0000260 seconds
2017-11-21T18:57:55.859-0600: 1317.696: Total time for which application threads were stopped: 0.0004403 seconds, Stopping threads took: 0.0003755 seconds
2017-11-21T18:57:55.860-0600: 1317.697: Total time for which application threads were stopped: 0.0000841 seconds, Stopping threads took: 0.0000282 seconds
2017-11-21T18:57:55.861-0600: 1317.699: Total time for which application threads were stopped: 0.0000892 seconds, Stopping threads took: 0.0000265 seconds
2017-11-21T18:57:55.861-0600: 1317.699: Total time for which application threads were stopped: 0.0000636 seconds, Stopping threads took: 0.0000158 seconds
2017-11-21T18:57:55.874-0600: 1317.712: Total time for which application threads were stopped: 0.0000939 seconds, Stopping threads took: 0.0000273 seconds
2017-11-21T18:57:55.896-0600: 1317.733: Total time for which application threads were stopped: 0.0000913 seconds, Stopping threads took: 0.0000269 seconds
2017-11-21T18:57:55.896-0600: 1317.733: Total time for which application threads were stopped: 0.0000555 seconds, Stopping threads took: 0.0000141 seconds
2017-11-21T18:57:55.896-0600: 1317.734: Total time for which application threads were stopped: 0.0000597 seconds, Stopping threads took: 0.0000145 seconds
2017-11-21T18:57:55.898-0600: 1317.735: Total time for which application threads were stopped: 0.0000811 seconds, Stopping threads took: 0.0000230 seconds
2017-11-21T18:57:55.898-0600: 1317.735: Total time for which application threads were stopped: 0.0000802 seconds, Stopping threads took: 0.0000401 seconds
2017-11-21T18:57:55.907-0600: 1317.745: Total time for which application threads were stopped: 0.0000819 seconds, Stopping threads took: 0.0000218 seconds
2017-11-21T18:57:55.923-0600: 1317.760: Total time for which application threads were stopped: 0.0000700 seconds, Stopping threads took: 0.0000222 seconds
2017-11-21T18:57:55.923-0600: 1317.760: Total time for which application threads were stopped: 0.0000678 seconds, Stopping threads took: 0.0000128 seconds
2017-11-21T18:57:55.931-0600: 1317.769: Total time for which application threads were stopped: 0.0000934 seconds, Stopping threads took: 0.0000290 seconds
2017-11-21T18:57:56.095-0600: 1317.932: Total time for which application threads were stopped: 0.0005726 seconds, Stopping threads took: 0.0000230 seconds
2017-11-21T18:57:56.097-0600: 1317.934: Total time for which application threads were stopped: 0.0000981 seconds, Stopping threads took: 0.0000235 seconds
2017-11-21T18:57:56.097-0600: 1317.934: Total time for which application threads were stopped: 0.0000623 seconds, Stopping threads took: 0.0000107 seconds
2017-11-21T18:57:56.107-0600: 1317.944: Total time for which application threads were stopped: 0.0000777 seconds, Stopping threads took: 0.0000175 seconds
2017-11-21T18:57:56.111-0600: 1317.949: Total time for which application threads were stopped: 0.0000866 seconds, Stopping threads took: 0.0000247 seconds
2017-11-21T18:57:56.111-0600: 1317.949: Total time for which application threads were stopped: 0.0000772 seconds, Stopping threads took: 0.0000384 seconds
2017-11-21T18:57:56.126-0600: 1317.964: Total time for which application threads were stopped: 0.0001225 seconds, Stopping threads took: 0.0000546 seconds
2017-11-21T18:57:56.236-0600: 1318.073: Total time for which application threads were stopped: 0.0001882 seconds, Stopping threads took: 0.0000213 seconds
2017-11-21T18:57:56.236-0600: 1318.074: Total time for which application threads were stopped: 0.0000631 seconds, Stopping threads took: 0.0000107 seconds
2017-11-21T18:57:56.251-0600: 1318.088: Total time for which application threads were stopped: 0.0000964 seconds, Stopping threads took: 0.0000252 seconds
2017-11-21T18:57:56.255-0600: 1318.093: Total time for which application threads were stopped: 0.0000802 seconds, Stopping threads took: 0.0000324 seconds
2017-11-21T18:57:56.272-0600: 1318.110: Total time for which application threads were stopped: 0.0001126 seconds, Stopping threads took: 0.0000329 seconds
2017-11-21T18:57:56.283-0600: 1318.120: Total time for which application threads were stopped: 0.0000704 seconds, Stopping threads took: 0.0000196 seconds
2017-11-21T18:57:56.287-0600: 1318.125: Total time for which application threads were stopped: 0.0001092 seconds, Stopping threads took: 0.0000269 seconds
2017-11-21T18:57:56.327-0600: 1318.165: Total time for which application threads were stopped: 0.0000900 seconds, Stopping threads took: 0.0000427 seconds
2017-11-21T18:57:56.337-0600: 1318.174: Total time for which application threads were stopped: 0.0000956 seconds, Stopping threads took: 0.0000277 seconds
2017-11-21T18:57:56.380-0600: 1318.217: Total time for which application threads were stopped: 0.0000657 seconds, Stopping threads took: 0.0000179 seconds
2017-11-21T18:57:56.387-0600: 1318.224: Total time for which application threads were stopped: 0.0001058 seconds, Stopping threads took: 0.0000243 seconds
2017-11-21T18:57:56.388-0600: 1318.225: Total time for which application threads were stopped: 0.0000811 seconds, Stopping threads took: 0.0000290 seconds
2017-11-21T18:57:56.397-0600: 1318.234: Total time for which application threads were stopped: 0.0000960 seconds, Stopping threads took: 0.0000196 seconds
2017-11-21T18:57:56.425-0600: 1318.262: Total time for which application threads were stopped: 0.0000657 seconds, Stopping threads took: 0.0000175 seconds
2017-11-21T18:57:56.425-0600: 1318.262: Total time for which application threads were stopped: 0.0000572 seconds, Stopping threads took: 0.0000188 seconds
2017-11-21T18:57:56.425-0600: 1318.262: Total time for which application threads were stopped: 0.0000401 seconds, Stopping threads took: 0.0000145 seconds
2017-11-21T18:57:56.436-0600: 1318.273: Total time for which application threads were stopped: 0.0001079 seconds, Stopping threads took: 0.0000401 seconds
2017-11-21T18:57:56.447-0600: 1318.284: Total time for which application threads were stopped: 0.0000661 seconds, Stopping threads took: 0.0000171 seconds
2017-11-21T18:57:56.520-0600: 1318.358: Total time for which application threads were stopped: 0.0000742 seconds, Stopping threads took: 0.0000218 seconds
2017-11-21T18:57:56.546-0600: 1318.383: Total time for which application threads were stopped: 0.0001220 seconds, Stopping threads took: 0.0000256 seconds
2017-11-21T18:57:56.692-0600: 1318.530: Total time for which application threads were stopped: 0.0001455 seconds, Stopping threads took: 0.0000188 seconds
2017-11-21T18:57:56.709-0600: 1318.547: Total time for which application threads were stopped: 0.0000892 seconds, Stopping threads took: 0.0000213 seconds
2017-11-21T18:57:56.857-0600: 1318.695: Total time for which application threads were stopped: 0.0001148 seconds, Stopping threads took: 0.0000230 seconds
2017-11-21T18:57:56.877-0600: 1318.714: Total time for which application threads were stopped: 0.0001088 seconds, Stopping threads took: 0.0000230 seconds
2017-11-21T18:57:56.904-0600: 1318.742: Total time for which application threads were stopped: 0.0005491 seconds, Stopping threads took: 0.0000252 seconds
2017-11-21T18:57:57.072-0600: 1318.910: Total time for which application threads were stopped: 0.0000781 seconds, Stopping threads took: 0.0000188 seconds
2017-11-21T18:57:58.073-0600: 1319.910: Total time for which application threads were stopped: 0.0001190 seconds, Stopping threads took: 0.0000265 seconds
2017-11-21T18:57:58.379-0600: 1320.217: Total time for which application threads were stopped: 0.0004169 seconds, Stopping threads took: 0.0000179 seconds
2017-11-21T18:57:58.380-0600: 1320.218: Total time for which application threads were stopped: 0.0003708 seconds, Stopping threads took: 0.0000137 seconds
2017-11-21T18:57:58.448-0600: 1320.285: Total time for which application threads were stopped: 0.0001429 seconds, Stopping threads took: 0.0000179 seconds
{Heap before GC invocations=11 (full 1):
 par new generation   total 109248K, used 94309K [0x14800000, 0x1c800000, 0x1c800000)
  eden space 87424K, 100% used [0x14800000, 0x19d60000, 0x19d60000)
  from space 21824K,  31% used [0x1b2b0000, 0x1b969688, 0x1c800000)
  to   space 21824K,   0% used [0x19d60000, 0x19d60000, 0x1b2b0000)
 concurrent mark-sweep generation total 393216K, used 6795K [0x1c800000, 0x34800000, 0x34800000)
 Metaspace       used 26251K, capacity 26866K, committed 27008K, reserved 27008K
2017-11-21T18:57:59.139-0600: 1320.976: [GC (Allocation Failure) 2017-11-21T18:57:59.139-0600: 1320.976: [ParNew
Desired survivor size 20112996 bytes, new threshold 8 (max 8)
- age   1:   10560992 bytes,   10560992 total
- age   2:    3396864 bytes,   13957856 total
- age   3:      69256 bytes,   14027112 total
- age   4:     660704 bytes,   14687816 total
- age   5:      30512 bytes,   14718328 total
- age   6:       5864 bytes,   14724192 total
- age   7:     298672 bytes,   15022864 total
- age   8:    1037080 bytes,   16059944 total
: 94309K->18093K(109248K), 0.0165252 secs] 101105K->25051K(502464K), 0.0166263 secs] [Times: user=0.06 sys=0.00, real=0.02 secs] 
Heap after GC invocations=12 (full 1):
 par new generation   total 109248K, used 18093K [0x14800000, 0x1c800000, 0x1c800000)
  eden space 87424K,   0% used [0x14800000, 0x14800000, 0x19d60000)
  from space 21824K,  82% used [0x19d60000, 0x1af0b6c0, 0x1b2b0000)
  to   space 21824K,   0% used [0x1b2b0000, 0x1b2b0000, 0x1c800000)
 concurrent mark-sweep generation total 393216K, used 6957K [0x1c800000, 0x34800000, 0x34800000)
 Metaspace       used 26251K, capacity 26866K, committed 27008K, reserved 27008K
}
2017-11-21T18:57:59.156-0600: 1320.993: Total time for which application threads were stopped: 0.0169101 seconds, Stopping threads took: 0.0000341 seconds
2017-11-21T18:57:59.158-0600: 1320.995: Total time for which application threads were stopped: 0.0000939 seconds, Stopping threads took: 0.0000346 seconds
2017-11-21T18:57:59.158-0600: 1320.995: Total time for which application threads were stopped: 0.0000529 seconds, Stopping threads took: 0.0000149 seconds
2017-11-21T18:57:59.158-0600: 1320.995: Total time for which application threads were stopped: 0.0000572 seconds, Stopping threads took: 0.0000188 seconds
2017-11-21T18:57:59.158-0600: 1320.995: Total time for which application threads were stopped: 0.0001054 seconds, Stopping threads took: 0.0000649 seconds
2017-11-21T18:57:59.158-0600: 1320.995: Total time for which application threads were stopped: 0.0000990 seconds, Stopping threads took: 0.0000567 seconds
2017-11-21T18:57:59.158-0600: 1320.995: Total time for which application threads were stopped: 0.0000823 seconds, Stopping threads took: 0.0000448 seconds
2017-11-21T18:57:59.158-0600: 1320.996: Total time for which application threads were stopped: 0.0000721 seconds, Stopping threads took: 0.0000358 seconds
2017-11-21T18:57:59.158-0600: 1320.996: Total time for which application threads were stopped: 0.0000798 seconds, Stopping threads took: 0.0000384 seconds
2017-11-21T18:57:59.158-0600: 1320.996: Total time for which application threads were stopped: 0.0000815 seconds, Stopping threads took: 0.0000422 seconds
2017-11-21T18:57:59.159-0600: 1320.996: Total time for which application threads were stopped: 0.0001088 seconds, Stopping threads took: 0.0000576 seconds
2017-11-21T18:57:59.159-0600: 1320.996: Total time for which application threads were stopped: 0.0000866 seconds, Stopping threads took: 0.0000448 seconds
2017-11-21T18:57:59.159-0600: 1320.996: Total time for which application threads were stopped: 0.0000900 seconds, Stopping threads took: 0.0000491 seconds
2017-11-21T18:57:59.159-0600: 1320.996: Total time for which application threads were stopped: 0.0001148 seconds, Stopping threads took: 0.0000713 seconds
2017-11-21T18:57:59.159-0600: 1320.996: Total time for which application threads were stopped: 0.0000866 seconds, Stopping threads took: 0.0000435 seconds
2017-11-21T18:57:59.159-0600: 1320.997: Total time for which application threads were stopped: 0.0000828 seconds, Stopping threads took: 0.0000431 seconds
2017-11-21T18:57:59.159-0600: 1320.997: Total time for which application threads were stopped: 0.0000870 seconds, Stopping threads took: 0.0000393 seconds
2017-11-21T18:57:59.159-0600: 1320.997: Total time for which application threads were stopped: 0.0000623 seconds, Stopping threads took: 0.0000205 seconds
2017-11-21T18:57:59.159-0600: 1320.997: Total time for which application threads were stopped: 0.0000900 seconds, Stopping threads took: 0.0000499 seconds
2017-11-21T18:57:59.160-0600: 1320.997: Total time for which application threads were stopped: 0.0001463 seconds, Stopping threads took: 0.0001045 seconds
2017-11-21T18:57:59.160-0600: 1320.997: Total time for which application threads were stopped: 0.0001647 seconds, Stopping threads took: 0.0000422 seconds
2017-11-21T18:57:59.172-0600: 1321.009: Total time for which application threads were stopped: 0.0059127 seconds, Stopping threads took: 0.0058069 seconds
2017-11-21T18:57:59.172-0600: 1321.010: Total time for which application threads were stopped: 0.0001105 seconds, Stopping threads took: 0.0000252 seconds
2017-11-21T18:57:59.298-0600: 1321.136: Total time for which application threads were stopped: 0.0006199 seconds, Stopping threads took: 0.0000277 seconds
{Heap before GC invocations=12 (full 1):
 par new generation   total 109248K, used 105517K [0x14800000, 0x1c800000, 0x1c800000)
  eden space 87424K, 100% used [0x14800000, 0x19d60000, 0x19d60000)
  from space 21824K,  82% used [0x19d60000, 0x1af0b6c0, 0x1b2b0000)
  to   space 21824K,   0% used [0x1b2b0000, 0x1b2b0000, 0x1c800000)
 concurrent mark-sweep generation total 393216K, used 6957K [0x1c800000, 0x34800000, 0x34800000)
 Metaspace       used 26872K, capacity 27529K, committed 27648K, reserved 28032K
2017-11-21T18:58:00.090-0600: 1321.928: [GC (Allocation Failure) 2017-11-21T18:58:00.090-0600: 1321.928: [ParNew
Desired survivor size 20112996 bytes, new threshold 8 (max 8)
- age   1:    1932232 bytes,    1932232 total
- age   2:    5115848 bytes,    7048080 total
- age   3:    2809688 bytes,    9857768 total
- age   4:      69256 bytes,    9927024 total
- age   5:     660552 bytes,   10587576 total
- age   6:      30512 bytes,   10618088 total
- age   7:       5864 bytes,   10623952 total
- age   8:     298672 bytes,   10922624 total
: 105517K->19973K(109248K), 0.0167407 secs] 112475K->27975K(502464K), 0.0168226 secs] [Times: user=0.06 sys=0.00, real=0.02 secs] 
Heap after GC invocations=13 (full 1):
 par new generation   total 109248K, used 19973K [0x14800000, 0x1c800000, 0x1c800000)
  eden space 87424K,   0% used [0x14800000, 0x14800000, 0x19d60000)
  from space 21824K,  91% used [0x1b2b0000, 0x1c6314f0, 0x1c800000)
  to   space 21824K,   0% used [0x19d60000, 0x19d60000, 0x1b2b0000)
 concurrent mark-sweep generation total 393216K, used 8002K [0x1c800000, 0x34800000, 0x34800000)
 Metaspace       used 26872K, capacity 27529K, committed 27648K, reserved 28032K
}
2017-11-21T18:58:00.108-0600: 1321.944: Total time for which application threads were stopped: 0.0171110 seconds, Stopping threads took: 0.0000294 seconds
2017-11-21T18:58:00.108-0600: 1321.945: Total time for which application threads were stopped: 0.0001600 seconds, Stopping threads took: 0.0000717 seconds
2017-11-21T18:58:00.108-0600: 1321.945: Total time for which application threads were stopped: 0.0002138 seconds, Stopping threads took: 0.0000990 seconds
2017-11-21T18:58:00.109-0600: 1321.946: Total time for which application threads were stopped: 0.0001327 seconds, Stopping threads took: 0.0000427 seconds
2017-11-21T18:58:00.109-0600: 1321.946: Total time for which application threads were stopped: 0.0001335 seconds, Stopping threads took: 0.0000465 seconds
2017-11-21T18:58:00.109-0600: 1321.946: Total time for which application threads were stopped: 0.0001105 seconds, Stopping threads took: 0.0000418 seconds
2017-11-21T18:58:00.109-0600: 1321.946: Total time for which application threads were stopped: 0.0001293 seconds, Stopping threads took: 0.0000491 seconds
2017-11-21T18:58:00.109-0600: 1321.946: Total time for which application threads were stopped: 0.0000905 seconds, Stopping threads took: 0.0000329 seconds
2017-11-21T18:58:00.109-0600: 1321.946: Total time for which application threads were stopped: 0.0001011 seconds, Stopping threads took: 0.0000320 seconds
2017-11-21T18:58:00.110-0600: 1321.946: Total time for which application threads were stopped: 0.0001020 seconds, Stopping threads took: 0.0000320 seconds
2017-11-21T18:58:00.539-0600: 1322.376: Total time for which application threads were stopped: 0.0001293 seconds, Stopping threads took: 0.0000358 seconds
2017-11-21T18:58:00.539-0600: 1322.376: Total time for which application threads were stopped: 0.0000691 seconds, Stopping threads took: 0.0000154 seconds
2017-11-21T18:58:00.540-0600: 1322.377: Total time for which application threads were stopped: 0.0000704 seconds, Stopping threads took: 0.0000196 seconds
2017-11-21T18:58:00.604-0600: 1322.442: Total time for which application threads were stopped: 0.0001011 seconds, Stopping threads took: 0.0000371 seconds
2017-11-21T18:58:00.604-0600: 1322.442: Total time for which application threads were stopped: 0.0000495 seconds, Stopping threads took: 0.0000111 seconds
2017-11-21T18:58:00.630-0600: 1322.467: Total time for which application threads were stopped: 0.0001037 seconds, Stopping threads took: 0.0000273 seconds
2017-11-21T18:58:00.730-0600: 1322.568: Total time for which application threads were stopped: 0.0001523 seconds, Stopping threads took: 0.0000337 seconds
2017-11-21T18:58:00.765-0600: 1322.603: Total time for which application threads were stopped: 0.0000917 seconds, Stopping threads took: 0.0000290 seconds
2017-11-21T18:58:00.766-0600: 1322.603: Total time for which application threads were stopped: 0.0000585 seconds, Stopping threads took: 0.0000158 seconds
{Heap before GC invocations=13 (full 1):
 par new generation   total 109248K, used 107397K [0x14800000, 0x1c800000, 0x1c800000)
  eden space 87424K, 100% used [0x14800000, 0x19d60000, 0x19d60000)
  from space 21824K,  91% used [0x1b2b0000, 0x1c6314f0, 0x1c800000)
  to   space 21824K,   0% used [0x19d60000, 0x19d60000, 0x1b2b0000)
 concurrent mark-sweep generation total 393216K, used 8002K [0x1c800000, 0x34800000, 0x34800000)
 Metaspace       used 27542K, capacity 28201K, committed 28288K, reserved 29056K
2017-11-21T18:58:00.798-0600: 1322.635: [GC (Allocation Failure) 2017-11-21T18:58:00.798-0600: 1322.635: [ParNew
Desired survivor size 20112996 bytes, new threshold 8 (max 8)
- age   1:    5159968 bytes,    5159968 total
- age   2:     711080 bytes,    5871048 total
- age   3:    4347808 bytes,   10218856 total
- age   4:    2809552 bytes,   13028408 total
- age   5:      69256 bytes,   13097664 total
- age   6:     660552 bytes,   13758216 total
- age   7:      30512 bytes,   13788728 total
- age   8:       5864 bytes,   13794592 total
: 107397K->16449K(109248K), 0.0195209 secs] 115399K->24747K(502464K), 0.0196109 secs] [Times: user=0.06 sys=0.00, real=0.02 secs] 
Heap after GC invocations=14 (full 1):
 par new generation   total 109248K, used 16449K [0x14800000, 0x1c800000, 0x1c800000)
  eden space 87424K,   0% used [0x14800000, 0x14800000, 0x19d60000)
  from space 21824K,  75% used [0x19d60000, 0x1ad70790, 0x1b2b0000)
  to   space 21824K,   0% used [0x1b2b0000, 0x1b2b0000, 0x1c800000)
 concurrent mark-sweep generation total 393216K, used 8297K [0x1c800000, 0x34800000, 0x34800000)
 Metaspace       used 27542K, capacity 28201K, committed 28288K, reserved 29056K
}
2017-11-21T18:58:00.817-0600: 1322.655: Total time for which application threads were stopped: 0.0198323 seconds, Stopping threads took: 0.0000226 seconds
2017-11-21T18:58:00.905-0600: 1322.742: Total time for which application threads were stopped: 0.0001382 seconds, Stopping threads took: 0.0000290 seconds
2017-11-21T18:58:01.303-0600: 1323.140: Total time for which application threads were stopped: 0.0000670 seconds, Stopping threads took: 0.0000179 seconds
2017-11-21T18:58:01.303-0600: 1323.140: Total time for which application threads were stopped: 0.0000576 seconds, Stopping threads took: 0.0000128 seconds
2017-11-21T18:58:01.306-0600: 1323.143: Total time for which application threads were stopped: 0.0000627 seconds, Stopping threads took: 0.0000188 seconds
2017-11-21T18:58:01.311-0600: 1323.148: Total time for which application threads were stopped: 0.0004791 seconds, Stopping threads took: 0.0000171 seconds
2017-11-21T18:58:02.311-0600: 1324.148: Total time for which application threads were stopped: 0.0000879 seconds, Stopping threads took: 0.0000243 seconds
2017-11-21T18:58:05.055-0600: 1326.892: Total time for which application threads were stopped: 0.0001045 seconds, Stopping threads took: 0.0000230 seconds
2017-11-21T18:58:05.055-0600: 1326.893: Total time for which application threads were stopped: 0.0000657 seconds, Stopping threads took: 0.0000239 seconds
2017-11-21T18:58:05.065-0600: 1326.902: Total time for which application threads were stopped: 0.0000934 seconds, Stopping threads took: 0.0000192 seconds
2017-11-21T18:58:05.065-0600: 1326.902: Total time for which application threads were stopped: 0.0000649 seconds, Stopping threads took: 0.0000260 seconds
2017-11-21T18:58:05.074-0600: 1326.911: Total time for which application threads were stopped: 0.0000922 seconds, Stopping threads took: 0.0000239 seconds
2017-11-21T18:58:05.074-0600: 1326.911: Total time for which application threads were stopped: 0.0001673 seconds, Stopping threads took: 0.0001024 seconds
2017-11-21T18:58:05.105-0600: 1326.942: Total time for which application threads were stopped: 0.0004612 seconds, Stopping threads took: 0.0000179 seconds
2017-11-21T18:58:05.121-0600: 1326.958: Total time for which application threads were stopped: 0.0000713 seconds, Stopping threads took: 0.0000179 seconds
2017-11-21T18:58:05.121-0600: 1326.958: Total time for which application threads were stopped: 0.0000358 seconds, Stopping threads took: 0.0000077 seconds
2017-11-21T18:58:05.123-0600: 1326.961: Total time for which application threads were stopped: 0.0001289 seconds, Stopping threads took: 0.0000525 seconds
2017-11-21T18:58:05.124-0600: 1326.961: Total time for which application threads were stopped: 0.0001028 seconds, Stopping threads took: 0.0000265 seconds
2017-11-21T18:58:05.124-0600: 1326.962: Total time for which application threads were stopped: 0.0000503 seconds, Stopping threads took: 0.0000149 seconds
2017-11-21T18:58:05.130-0600: 1326.968: Total time for which application threads were stopped: 0.0001246 seconds, Stopping threads took: 0.0000384 seconds
2017-11-21T18:58:05.131-0600: 1326.968: Total time for which application threads were stopped: 0.0000879 seconds, Stopping threads took: 0.0000286 seconds
2017-11-21T18:58:05.131-0600: 1326.968: Total time for which application threads were stopped: 0.0000772 seconds, Stopping threads took: 0.0000329 seconds
2017-11-21T18:58:05.131-0600: 1326.968: Total time for which application threads were stopped: 0.0000721 seconds, Stopping threads took: 0.0000192 seconds
2017-11-21T18:58:05.148-0600: 1326.985: Total time for which application threads were stopped: 0.0001404 seconds, Stopping threads took: 0.0000341 seconds
2017-11-21T18:58:05.148-0600: 1326.985: Total time for which application threads were stopped: 0.0000981 seconds, Stopping threads took: 0.0000226 seconds
2017-11-21T18:58:06.090-0600: 1327.928: Total time for which application threads were stopped: 0.0000649 seconds, Stopping threads took: 0.0000175 seconds
2017-11-21T18:58:06.095-0600: 1327.933: Total time for which application threads were stopped: 0.0000930 seconds, Stopping threads took: 0.0000401 seconds
2017-11-21T18:58:06.096-0600: 1327.934: Total time for which application threads were stopped: 0.0000802 seconds, Stopping threads took: 0.0000209 seconds
2017-11-21T18:58:06.096-0600: 1327.934: Total time for which application threads were stopped: 0.0000521 seconds, Stopping threads took: 0.0000145 seconds
2017-11-21T18:58:06.096-0600: 1327.934: Total time for which application threads were stopped: 0.0000742 seconds, Stopping threads took: 0.0000166 seconds
2017-11-21T18:58:06.096-0600: 1327.934: Total time for which application threads were stopped: 0.0000670 seconds, Stopping threads took: 0.0000307 seconds
2017-11-21T18:58:06.097-0600: 1327.934: Total time for which application threads were stopped: 0.0000431 seconds, Stopping threads took: 0.0000107 seconds
2017-11-21T18:58:06.097-0600: 1327.934: Total time for which application threads were stopped: 0.0000388 seconds, Stopping threads took: 0.0000102 seconds
2017-11-21T18:58:06.097-0600: 1327.935: Total time for which application threads were stopped: 0.0000512 seconds, Stopping threads took: 0.0000124 seconds
2017-11-21T18:58:06.097-0600: 1327.935: Total time for which application threads were stopped: 0.0000559 seconds, Stopping threads took: 0.0000132 seconds
2017-11-21T18:58:06.097-0600: 1327.935: Total time for which application threads were stopped: 0.0000350 seconds, Stopping threads took: 0.0000090 seconds
2017-11-21T18:58:06.116-0600: 1327.953: Total time for which application threads were stopped: 0.0001702 seconds, Stopping threads took: 0.0000239 seconds
2017-11-21T18:58:07.116-0600: 1328.953: Total time for which application threads were stopped: 0.0000798 seconds, Stopping threads took: 0.0000243 seconds
2017-11-21T18:58:11.519-0600: 1333.356: Total time for which application threads were stopped: 0.0001062 seconds, Stopping threads took: 0.0000337 seconds
2017-11-21T18:58:12.520-0600: 1334.357: Total time for which application threads were stopped: 0.0000853 seconds, Stopping threads took: 0.0000235 seconds
2017-11-21T18:58:17.172-0600: 1339.009: Total time for which application threads were stopped: 0.0000977 seconds, Stopping threads took: 0.0000247 seconds
2017-11-21T18:58:17.172-0600: 1339.009: Total time for which application threads were stopped: 0.0000533 seconds, Stopping threads took: 0.0000115 seconds
2017-11-21T18:58:17.172-0600: 1339.010: Total time for which application threads were stopped: 0.0000798 seconds, Stopping threads took: 0.0000230 seconds
2017-11-21T18:58:17.172-0600: 1339.010: Total time for which application threads were stopped: 0.0001250 seconds, Stopping threads took: 0.0000674 seconds
2017-11-21T18:58:18.173-0600: 1340.010: Total time for which application threads were stopped: 0.0000905 seconds, Stopping threads took: 0.0000218 seconds
2017-11-21T18:58:40.210-0600: 1362.047: Total time for which application threads were stopped: 0.0000883 seconds, Stopping threads took: 0.0000354 seconds
2017-11-21T18:58:41.211-0600: 1363.048: Total time for which application threads were stopped: 0.0001502 seconds, Stopping threads took: 0.0000414 seconds
2017-11-21T18:58:41.221-0600: 1363.058: Total time for which application threads were stopped: 0.0001079 seconds, Stopping threads took: 0.0000341 seconds
2017-11-21T18:58:41.221-0600: 1363.059: Total time for which application threads were stopped: 0.0000653 seconds, Stopping threads took: 0.0000141 seconds
2017-11-21T18:58:41.221-0600: 1363.059: Total time for which application threads were stopped: 0.0000695 seconds, Stopping threads took: 0.0000188 seconds
2017-11-21T18:58:41.222-0600: 1363.059: Total time for which application threads were stopped: 0.0000542 seconds, Stopping threads took: 0.0000115 seconds
2017-11-21T18:58:41.222-0600: 1363.059: Total time for which application threads were stopped: 0.0000465 seconds, Stopping threads took: 0.0000102 seconds
2017-11-21T18:58:41.222-0600: 1363.060: Total time for which application threads were stopped: 0.0000853 seconds, Stopping threads took: 0.0000230 seconds
2017-11-21T18:58:41.222-0600: 1363.060: Total time for which application threads were stopped: 0.0000533 seconds, Stopping threads took: 0.0000107 seconds
2017-11-21T18:58:41.223-0600: 1363.060: Total time for which application threads were stopped: 0.0000708 seconds, Stopping threads took: 0.0000235 seconds
2017-11-21T18:58:41.223-0600: 1363.060: Total time for which application threads were stopped: 0.0000529 seconds, Stopping threads took: 0.0000111 seconds
2017-11-21T18:58:41.223-0600: 1363.060: Total time for which application threads were stopped: 0.0000478 seconds, Stopping threads took: 0.0000094 seconds
2017-11-21T18:58:41.223-0600: 1363.060: Total time for which application threads were stopped: 0.0000474 seconds, Stopping threads took: 0.0000094 seconds
2017-11-21T18:58:41.223-0600: 1363.060: Total time for which application threads were stopped: 0.0000482 seconds, Stopping threads took: 0.0000094 seconds
2017-11-21T18:58:41.223-0600: 1363.060: Total time for which application threads were stopped: 0.0000474 seconds, Stopping threads took: 0.0000090 seconds
2017-11-21T18:58:50.229-0600: 1372.066: Total time for which application threads were stopped: 0.0001647 seconds, Stopping threads took: 0.0000567 seconds
2017-11-21T18:58:53.231-0600: 1375.068: Total time for which application threads were stopped: 0.0000913 seconds, Stopping threads took: 0.0000384 seconds
2017-11-21T18:58:55.232-0600: 1377.069: Total time for which application threads were stopped: 0.0001011 seconds, Stopping threads took: 0.0000405 seconds
2017-11-21T19:01:21.799-0600: 1523.636: Total time for which application threads were stopped: 0.0000986 seconds, Stopping threads took: 0.0000294 seconds
2017-11-21T19:01:21.799-0600: 1523.636: Total time for which application threads were stopped: 0.0000700 seconds, Stopping threads took: 0.0000166 seconds
2017-11-21T19:01:22.800-0600: 1524.637: Total time for which application threads were stopped: 0.0000798 seconds, Stopping threads took: 0.0000346 seconds
2017-11-21T19:09:11.161-0600: 1992.998: Total time for which application threads were stopped: 0.0000981 seconds, Stopping threads took: 0.0000367 seconds
2017-11-21T19:09:17.165-0600: 1999.002: Total time for which application threads were stopped: 0.0001306 seconds, Stopping threads took: 0.0000606 seconds
2017-11-21T19:09:34.176-0600: 2016.013: Total time for which application threads were stopped: 0.0001007 seconds, Stopping threads took: 0.0000320 seconds
2017-11-21T19:09:37.028-0600: 2018.865: Total time for which application threads were stopped: 0.0001421 seconds, Stopping threads took: 0.0000290 seconds
2017-11-21T19:09:38.028-0600: 2019.865: Total time for which application threads were stopped: 0.0000674 seconds, Stopping threads took: 0.0000239 seconds
2017-11-21T19:09:39.029-0600: 2020.866: Total time for which application threads were stopped: 0.0000917 seconds, Stopping threads took: 0.0000273 seconds
2017-11-21T19:09:40.030-0600: 2021.867: Total time for which application threads were stopped: 0.0000998 seconds, Stopping threads took: 0.0000277 seconds
2017-11-21T19:10:19.069-0600: 2060.906: Total time for which application threads were stopped: 0.0000956 seconds, Stopping threads took: 0.0000273 seconds
2017-11-21T19:10:20.069-0600: 2061.906: Total time for which application threads were stopped: 0.0000900 seconds, Stopping threads took: 0.0000260 seconds
2017-11-21T19:10:21.070-0600: 2062.907: Total time for which application threads were stopped: 0.0000845 seconds, Stopping threads took: 0.0000252 seconds
2017-11-21T19:10:22.071-0600: 2063.908: Total time for which application threads were stopped: 0.0001084 seconds, Stopping threads took: 0.0000422 seconds
2017-11-21T19:10:23.071-0600: 2064.908: Total time for which application threads were stopped: 0.0001143 seconds, Stopping threads took: 0.0000307 seconds
2017-11-21T19:10:24.072-0600: 2065.909: Total time for which application threads were stopped: 0.0000883 seconds, Stopping threads took: 0.0000273 seconds
2017-11-21T19:10:25.072-0600: 2066.909: Total time for which application threads were stopped: 0.0000909 seconds, Stopping threads took: 0.0000294 seconds
2017-11-21T19:18:27.488-0600: 2549.325: Total time for which application threads were stopped: 0.0001088 seconds, Stopping threads took: 0.0000448 seconds
2017-11-21T19:18:58.512-0600: 2580.349: Total time for which application threads were stopped: 0.0001105 seconds, Stopping threads took: 0.0000320 seconds
2017-11-21T19:20:54.614-0600: 2696.451: Total time for which application threads were stopped: 0.0001182 seconds, Stopping threads took: 0.0000316 seconds
2017-11-21T19:21:01.618-0600: 2703.455: Total time for which application threads were stopped: 0.0000930 seconds, Stopping threads took: 0.0000265 seconds
2017-11-21T19:21:01.634-0600: 2703.471: Total time for which application threads were stopped: 0.0001169 seconds, Stopping threads took: 0.0000230 seconds
2017-11-21T19:21:37.915-0600: 2739.752: Total time for which application threads were stopped: 0.0001438 seconds, Stopping threads took: 0.0000384 seconds
2017-11-21T19:21:37.916-0600: 2739.753: Total time for which application threads were stopped: 0.0001114 seconds, Stopping threads took: 0.0000337 seconds
2017-11-21T19:21:37.916-0600: 2739.753: Total time for which application threads were stopped: 0.0000730 seconds, Stopping threads took: 0.0000171 seconds
2017-11-21T19:21:37.916-0600: 2739.754: Total time for which application threads were stopped: 0.0000730 seconds, Stopping threads took: 0.0000162 seconds
2017-11-21T19:21:37.916-0600: 2739.754: Total time for which application threads were stopped: 0.0000478 seconds, Stopping threads took: 0.0000107 seconds
2017-11-21T19:21:37.916-0600: 2739.754: Total time for which application threads were stopped: 0.0000585 seconds, Stopping threads took: 0.0000119 seconds
2017-11-21T19:21:37.917-0600: 2739.754: Total time for which application threads were stopped: 0.0000708 seconds, Stopping threads took: 0.0000290 seconds
2017-11-21T19:21:37.917-0600: 2739.754: Total time for which application threads were stopped: 0.0000695 seconds, Stopping threads took: 0.0000218 seconds
2017-11-21T19:21:37.917-0600: 2739.754: Total time for which application threads were stopped: 0.0000930 seconds, Stopping threads took: 0.0000286 seconds
2017-11-21T19:21:37.917-0600: 2739.754: Total time for which application threads were stopped: 0.0001357 seconds, Stopping threads took: 0.0000734 seconds
2017-11-21T19:21:37.917-0600: 2739.755: Total time for which application threads were stopped: 0.0001271 seconds, Stopping threads took: 0.0000687 seconds
2017-11-21T19:21:37.917-0600: 2739.755: Total time for which application threads were stopped: 0.0000661 seconds, Stopping threads took: 0.0000235 seconds
2017-11-21T19:21:37.917-0600: 2739.755: Total time for which application threads were stopped: 0.0000981 seconds, Stopping threads took: 0.0000422 seconds
2017-11-21T19:21:37.917-0600: 2739.755: Total time for which application threads were stopped: 0.0000661 seconds, Stopping threads took: 0.0000098 seconds
2017-11-21T19:21:37.918-0600: 2739.755: Total time for which application threads were stopped: 0.0000670 seconds, Stopping threads took: 0.0000205 seconds
2017-11-21T19:21:37.918-0600: 2739.755: Total time for which application threads were stopped: 0.0000589 seconds, Stopping threads took: 0.0000166 seconds
2017-11-21T19:21:37.918-0600: 2739.755: Total time for which application threads were stopped: 0.0001417 seconds, Stopping threads took: 0.0000209 seconds
2017-11-21T19:21:37.918-0600: 2739.755: Total time for which application threads were stopped: 0.0000666 seconds, Stopping threads took: 0.0000218 seconds
2017-11-21T19:21:37.918-0600: 2739.756: Total time for which application threads were stopped: 0.0000597 seconds, Stopping threads took: 0.0000213 seconds
2017-11-21T19:21:37.918-0600: 2739.756: Total time for which application threads were stopped: 0.0000811 seconds, Stopping threads took: 0.0000230 seconds
2017-11-21T19:21:37.919-0600: 2739.756: Total time for which application threads were stopped: 0.0001357 seconds, Stopping threads took: 0.0000213 seconds
2017-11-21T19:21:37.919-0600: 2739.757: Total time for which application threads were stopped: 0.0001114 seconds, Stopping threads took: 0.0000209 seconds
2017-11-21T19:21:37.941-0600: 2739.778: Total time for which application threads were stopped: 0.0001097 seconds, Stopping threads took: 0.0000183 seconds
2017-11-21T19:21:37.941-0600: 2739.778: Total time for which application threads were stopped: 0.0000410 seconds, Stopping threads took: 0.0000077 seconds
2017-11-21T19:21:37.941-0600: 2739.779: Total time for which application threads were stopped: 0.0000401 seconds, Stopping threads took: 0.0000068 seconds
2017-11-21T19:21:37.941-0600: 2739.779: Total time for which application threads were stopped: 0.0000367 seconds, Stopping threads took: 0.0000064 seconds
2017-11-21T19:21:37.941-0600: 2739.779: Total time for which application threads were stopped: 0.0000384 seconds, Stopping threads took: 0.0000068 seconds
2017-11-21T19:21:37.942-0600: 2739.779: Total time for which application threads were stopped: 0.0000444 seconds, Stopping threads took: 0.0000081 seconds
2017-11-21T19:21:37.949-0600: 2739.786: Total time for which application threads were stopped: 0.0001003 seconds, Stopping threads took: 0.0000256 seconds
2017-11-21T19:21:37.949-0600: 2739.786: Total time for which application threads were stopped: 0.0000772 seconds, Stopping threads took: 0.0000179 seconds
{Heap before GC invocations=14 (full 1):
 par new generation   total 109248K, used 103873K [0x14800000, 0x1c800000, 0x1c800000)
  eden space 87424K, 100% used [0x14800000, 0x19d60000, 0x19d60000)
  from space 21824K,  75% used [0x19d60000, 0x1ad70790, 0x1b2b0000)
  to   space 21824K,   0% used [0x1b2b0000, 0x1b2b0000, 0x1c800000)
 concurrent mark-sweep generation total 393216K, used 8297K [0x1c800000, 0x34800000, 0x34800000)
 Metaspace       used 28810K, capacity 29462K, committed 29568K, reserved 30080K
2017-11-21T19:21:38.009-0600: 2739.847: [GC (Allocation Failure) 2017-11-21T19:21:38.009-0600: 2739.847: [ParNew
Desired survivor size 20112996 bytes, new threshold 8 (max 8)
- age   1:    7853552 bytes,    7853552 total
- age   2:    2824200 bytes,   10677752 total
- age   3:     589352 bytes,   11267104 total
- age   4:    4344488 bytes,   15611592 total
- age   5:    2772104 bytes,   18383696 total
- age   6:      69256 bytes,   18452952 total
- age   7:     660320 bytes,   19113272 total
- age   8:      30512 bytes,   19143784 total
: 103873K->21824K(109248K), 0.0183654 secs] 112171K->30173K(502464K), 0.0184725 secs] [Times: user=0.06 sys=0.00, real=0.02 secs] 
Heap after GC invocations=15 (full 1):
 par new generation   total 109248K, used 21824K [0x14800000, 0x1c800000, 0x1c800000)
  eden space 87424K,   0% used [0x14800000, 0x14800000, 0x19d60000)
  from space 21824K, 100% used [0x1b2b0000, 0x1c800000, 0x1c800000)
  to   space 21824K,   0% used [0x19d60000, 0x19d60000, 0x1b2b0000)
 concurrent mark-sweep generation total 393216K, used 8349K [0x1c800000, 0x34800000, 0x34800000)
 Metaspace       used 28810K, capacity 29462K, committed 29568K, reserved 30080K
}
2017-11-21T19:21:38.028-0600: 2739.865: Total time for which application threads were stopped: 0.0187430 seconds, Stopping threads took: 0.0000316 seconds
2017-11-21T19:21:38.028-0600: 2739.866: Total time for which application threads were stopped: 0.0001882 seconds, Stopping threads took: 0.0000819 seconds
2017-11-21T19:21:38.028-0600: 2739.866: Total time for which application threads were stopped: 0.0001097 seconds, Stopping threads took: 0.0000397 seconds
2017-11-21T19:21:38.028-0600: 2739.866: Total time for which application threads were stopped: 0.0000943 seconds, Stopping threads took: 0.0000222 seconds
2017-11-21T19:21:38.028-0600: 2739.866: Total time for which application threads were stopped: 0.0001233 seconds, Stopping threads took: 0.0000486 seconds
2017-11-21T19:21:38.029-0600: 2739.866: Total time for which application threads were stopped: 0.0000956 seconds, Stopping threads took: 0.0000354 seconds
2017-11-21T19:21:38.029-0600: 2739.867: Total time for which application threads were stopped: 0.0001220 seconds, Stopping threads took: 0.0000401 seconds
2017-11-21T19:21:38.029-0600: 2739.867: Total time for which application threads were stopped: 0.0001293 seconds, Stopping threads took: 0.0000482 seconds
2017-11-21T19:21:38.029-0600: 2739.867: Total time for which application threads were stopped: 0.0000704 seconds, Stopping threads took: 0.0000166 seconds
2017-11-21T19:21:38.099-0600: 2739.937: Total time for which application threads were stopped: 0.0001579 seconds, Stopping threads took: 0.0000277 seconds
2017-11-21T19:21:38.099-0600: 2739.937: Total time for which application threads were stopped: 0.0000619 seconds, Stopping threads took: 0.0000128 seconds
2017-11-21T19:21:38.138-0600: 2739.975: Total time for which application threads were stopped: 0.0001647 seconds, Stopping threads took: 0.0000678 seconds
2017-11-21T19:21:38.138-0600: 2739.975: Total time for which application threads were stopped: 0.0000845 seconds, Stopping threads took: 0.0000226 seconds
2017-11-21T19:21:38.149-0600: 2739.986: Total time for which application threads were stopped: 0.0001289 seconds, Stopping threads took: 0.0000282 seconds
2017-11-21T19:21:38.154-0600: 2739.991: Total time for which application threads were stopped: 0.0001109 seconds, Stopping threads took: 0.0000282 seconds
2017-11-21T19:21:38.154-0600: 2739.991: Total time for which application threads were stopped: 0.0000798 seconds, Stopping threads took: 0.0000265 seconds
2017-11-21T19:21:38.232-0600: 2740.069: Total time for which application threads were stopped: 0.0006839 seconds, Stopping threads took: 0.0000290 seconds
2017-11-21T19:21:38.235-0600: 2740.072: Total time for which application threads were stopped: 0.0001024 seconds, Stopping threads took: 0.0000311 seconds
2017-11-21T19:21:39.026-0600: 2740.863: Total time for which application threads were stopped: 0.0001425 seconds, Stopping threads took: 0.0000316 seconds
2017-11-21T19:21:39.148-0600: 2740.985: Total time for which application threads were stopped: 0.0001335 seconds, Stopping threads took: 0.0000299 seconds
{Heap before GC invocations=15 (full 1):
 par new generation   total 109248K, used 109248K [0x14800000, 0x1c800000, 0x1c800000)
  eden space 87424K, 100% used [0x14800000, 0x19d60000, 0x19d60000)
  from space 21824K, 100% used [0x1b2b0000, 0x1c800000, 0x1c800000)
  to   space 21824K,   0% used [0x19d60000, 0x19d60000, 0x1b2b0000)
 concurrent mark-sweep generation total 393216K, used 8349K [0x1c800000, 0x34800000, 0x34800000)
 Metaspace       used 29158K, capacity 29784K, committed 29868K, reserved 30080K
2017-11-21T19:21:39.528-0600: 2741.365: [GC (Allocation Failure) 2017-11-21T19:21:39.528-0600: 2741.365: [ParNew
Desired survivor size 20112996 bytes, new threshold 6 (max 8)
- age   1:    6978968 bytes,    6978968 total
- age   2:    5877624 bytes,   12856592 total
- age   3:    2805864 bytes,   15662456 total
- age   4:     367728 bytes,   16030184 total
- age   5:    3473384 bytes,   19503568 total
- age   6:    2238288 bytes,   21741856 total
- age   7:      68656 bytes,   21810512 total
- age   8:     491568 bytes,   22302080 total
: 109248K->21824K(109248K), 0.0285568 secs] 117597K->41505K(502464K), 0.0286281 secs] [Times: user=0.11 sys=0.00, real=0.03 secs] 
Heap after GC invocations=16 (full 1):
 par new generation   total 109248K, used 21824K [0x14800000, 0x1c800000, 0x1c800000)
  eden space 87424K,   0% used [0x14800000, 0x14800000, 0x19d60000)
  from space 21824K, 100% used [0x19d60000, 0x1b2b0000, 0x1b2b0000)
  to   space 21824K,   0% used [0x1b2b0000, 0x1b2b0000, 0x1c800000)
 concurrent mark-sweep generation total 393216K, used 19681K [0x1c800000, 0x34800000, 0x34800000)
 Metaspace       used 29158K, capacity 29784K, committed 29868K, reserved 30080K
}
2017-11-21T19:21:39.556-0600: 2741.394: Total time for which application threads were stopped: 0.0289856 seconds, Stopping threads took: 0.0000282 seconds
2017-11-21T19:21:39.557-0600: 2741.394: Total time for which application threads were stopped: 0.0001263 seconds, Stopping threads took: 0.0000290 seconds
2017-11-21T19:21:39.557-0600: 2741.395: Total time for which application threads were stopped: 0.0001399 seconds, Stopping threads took: 0.0000555 seconds
2017-11-21T19:21:39.557-0600: 2741.395: Total time for which application threads were stopped: 0.0001122 seconds, Stopping threads took: 0.0000431 seconds
2017-11-21T19:21:39.557-0600: 2741.395: Total time for which application threads were stopped: 0.0000960 seconds, Stopping threads took: 0.0000196 seconds
2017-11-21T19:21:39.557-0600: 2741.395: Total time for which application threads were stopped: 0.0000823 seconds, Stopping threads took: 0.0000166 seconds
2017-11-21T19:21:39.557-0600: 2741.395: Total time for which application threads were stopped: 0.0001246 seconds, Stopping threads took: 0.0000431 seconds
2017-11-21T19:21:39.557-0600: 2741.395: Total time for which application threads were stopped: 0.0000900 seconds, Stopping threads took: 0.0000205 seconds
2017-11-21T19:21:39.558-0600: 2741.395: Total time for which application threads were stopped: 0.0000896 seconds, Stopping threads took: 0.0000230 seconds
2017-11-21T19:21:39.558-0600: 2741.395: Total time for which application threads were stopped: 0.0000811 seconds, Stopping threads took: 0.0000171 seconds
2017-11-21T19:21:39.558-0600: 2741.396: Total time for which application threads were stopped: 0.0000892 seconds, Stopping threads took: 0.0000196 seconds
2017-11-21T19:21:39.558-0600: 2741.396: Total time for which application threads were stopped: 0.0001463 seconds, Stopping threads took: 0.0000188 seconds
2017-11-21T19:21:39.558-0600: 2741.396: Total time for which application threads were stopped: 0.0001455 seconds, Stopping threads took: 0.0000610 seconds
2017-11-21T19:21:39.558-0600: 2741.396: Total time for which application threads were stopped: 0.0001506 seconds, Stopping threads took: 0.0000687 seconds
2017-11-21T19:21:40.249-0600: 2742.087: Total time for which application threads were stopped: 0.0001792 seconds, Stopping threads took: 0.0000401 seconds
2017-11-21T19:21:40.389-0600: 2742.226: Total time for which application threads were stopped: 0.0001067 seconds, Stopping threads took: 0.0000286 seconds
{Heap before GC invocations=16 (full 1):
 par new generation   total 109248K, used 109248K [0x14800000, 0x1c800000, 0x1c800000)
  eden space 87424K, 100% used [0x14800000, 0x19d60000, 0x19d60000)
  from space 21824K, 100% used [0x19d60000, 0x1b2b0000, 0x1b2b0000)
  to   space 21824K,   0% used [0x1b2b0000, 0x1b2b0000, 0x1c800000)
 concurrent mark-sweep generation total 393216K, used 19681K [0x1c800000, 0x34800000, 0x34800000)
 Metaspace       used 29250K, capacity 29900K, committed 29996K, reserved 30080K
2017-11-21T19:21:40.443-0600: 2742.280: [GC (Allocation Failure) 2017-11-21T19:21:40.443-0600: 2742.280: [ParNew
Desired survivor size 20112996 bytes, new threshold 8 (max 8)
- age   1:    4590104 bytes,    4590104 total
- age   2:    2344536 bytes,    6934640 total
- age   3:    4679824 bytes,   11614464 total
- age   4:    2382360 bytes,   13996824 total
- age   5:     364088 bytes,   14360912 total
- age   6:    3456496 bytes,   17817408 total
: 109248K->21824K(109248K), 0.0220979 secs] 128929K->47398K(502464K), 0.0222626 secs] [Times: user=0.13 sys=0.00, real=0.02 secs] 
Heap after GC invocations=17 (full 1):
 par new generation   total 109248K, used 21824K [0x14800000, 0x1c800000, 0x1c800000)
  eden space 87424K,   0% used [0x14800000, 0x14800000, 0x19d60000)
  from space 21824K, 100% used [0x1b2b0000, 0x1c800000, 0x1c800000)
  to   space 21824K,   0% used [0x19d60000, 0x19d60000, 0x1b2b0000)
 concurrent mark-sweep generation total 393216K, used 25574K [0x1c800000, 0x34800000, 0x34800000)
 Metaspace       used 29250K, capacity 29900K, committed 29996K, reserved 30080K
}
2017-11-21T19:21:40.465-0600: 2742.302: Total time for which application threads were stopped: 0.0225203 seconds, Stopping threads took: 0.0000410 seconds
2017-11-21T19:21:40.465-0600: 2742.302: [GC (CMS Initial Mark) [1 CMS-initial-mark: 25574K(393216K)] 47910K(502464K), 0.0061312 secs] [Times: user=0.00 sys=0.00, real=0.01 secs] 
2017-11-21T19:21:40.471-0600: 2742.309: Total time for which application threads were stopped: 0.0063215 seconds, Stopping threads took: 0.0000619 seconds
2017-11-21T19:21:40.472-0600: 2742.309: [CMS-concurrent-mark-start]
2017-11-21T19:21:40.499-0600: 2742.337: [CMS-concurrent-mark: 0.028/0.028 secs] [Times: user=0.13 sys=0.00, real=0.03 secs] 
2017-11-21T19:21:40.500-0600: 2742.338: Total time for which application threads were stopped: 0.0007620 seconds, Stopping threads took: 0.0006613 seconds
2017-11-21T19:21:40.500-0600: 2742.338: [CMS-concurrent-preclean-start]
2017-11-21T19:21:40.500-0600: 2742.338: Total time for which application threads were stopped: 0.0000853 seconds, Stopping threads took: 0.0000192 seconds
2017-11-21T19:21:40.501-0600: 2742.338: Total time for which application threads were stopped: 0.0000670 seconds, Stopping threads took: 0.0000102 seconds
2017-11-21T19:21:40.501-0600: 2742.338: Total time for which application threads were stopped: 0.0000730 seconds, Stopping threads took: 0.0000119 seconds
2017-11-21T19:21:40.502-0600: 2742.339: Total time for which application threads were stopped: 0.0001067 seconds, Stopping threads took: 0.0000218 seconds
2017-11-21T19:21:40.502-0600: 2742.339: [CMS-concurrent-preclean: 0.002/0.002 secs] [Times: user=0.00 sys=0.00, real=0.00 secs] 
2017-11-21T19:21:40.502-0600: 2742.340: Total time for which application threads were stopped: 0.0001178 seconds, Stopping threads took: 0.0000205 seconds
2017-11-21T19:21:40.503-0600: 2742.340: Total time for which application threads were stopped: 0.0001267 seconds, Stopping threads took: 0.0000218 seconds
2017-11-21T19:21:40.503-0600: 2742.340: Total time for which application threads were stopped: 0.0000683 seconds, Stopping threads took: 0.0000145 seconds
2017-11-21T19:21:40.503-0600: 2742.340: [GC (CMS Final Remark) [YG occupancy: 22336 K (109248 K)]{Heap before GC invocations=17 (full 2):
 par new generation   total 109248K, used 22336K [0x14800000, 0x1c800000, 0x1c800000)
  eden space 87424K,   0% used [0x14800000, 0x14880010, 0x19d60000)
  from space 21824K, 100% used [0x1b2b0000, 0x1c800000, 0x1c800000)
  to   space 21824K,   0% used [0x19d60000, 0x19d60000, 0x1b2b0000)
 concurrent mark-sweep generation total 393216K, used 25574K [0x1c800000, 0x34800000, 0x34800000)
 Metaspace       used 29250K, capacity 29900K, committed 29996K, reserved 30080K
2017-11-21T19:21:40.503-0600: 2742.341: [GC (CMS Final Remark) 2017-11-21T19:21:40.503-0600: 2742.341: [ParNew
Desired survivor size 20112996 bytes, new threshold 8 (max 8)
- age   1:     524304 bytes,     524304 total
- age   2:    4408680 bytes,    4932984 total
- age   3:    2344536 bytes,    7277520 total
- age   4:    4679824 bytes,   11957344 total
- age   5:    2382360 bytes,   14339704 total
- age   6:     364088 bytes,   14703792 total
- age   7:    3456496 bytes,   18160288 total
: 22336K->21824K(109248K), 0.0125555 secs] 47910K->47601K(502464K), 0.0126118 secs] [Times: user=0.06 sys=0.00, real=0.01 secs] 
Heap after GC invocations=18 (full 2):
 par new generation   total 109248K, used 21824K [0x14800000, 0x1c800000, 0x1c800000)
  eden space 87424K,   0% used [0x14800000, 0x14800000, 0x19d60000)
  from space 21824K, 100% used [0x19d60000, 0x1b2b0000, 0x1b2b0000)
  to   space 21824K,   0% used [0x1b2b0000, 0x1b2b0000, 0x1c800000)
 concurrent mark-sweep generation total 393216K, used 25777K [0x1c800000, 0x34800000, 0x34800000)
 Metaspace       used 29250K, capacity 29900K, committed 29996K, reserved 30080K
}
2017-11-21T19:21:40.516-0600: 2742.353: [Rescan (parallel) , 0.0048213 secs]2017-11-21T19:21:40.521-0600: 2742.358: [weak refs processing, 0.0030127 secs]2017-11-21T19:21:40.524-0600: 2742.361: [class unloading, 0.0195132 secs]2017-11-21T19:21:40.543-0600: 2742.381: [scrub symbol table, 0.0122146 secs]2017-11-21T19:21:40.556-0600: 2742.393: [scrub string table, 0.0005107 secs][1 CMS-remark: 25777K(393216K)] 47601K(502464K), 0.0544883 secs] [Times: user=0.14 sys=0.02, real=0.06 secs] 
2017-11-21T19:21:40.558-0600: 2742.395: Total time for which application threads were stopped: 0.0549210 seconds, Stopping threads took: 0.0003392 seconds
2017-11-21T19:21:40.558-0600: 2742.395: Total time for which application threads were stopped: 0.0000951 seconds, Stopping threads took: 0.0000252 seconds
2017-11-21T19:21:40.558-0600: 2742.395: [CMS-concurrent-sweep-start]
2017-11-21T19:21:40.560-0600: 2742.398: Total time for which application threads were stopped: 0.0001220 seconds, Stopping threads took: 0.0000393 seconds
2017-11-21T19:21:40.560-0600: 2742.398: Total time for which application threads were stopped: 0.0000794 seconds, Stopping threads took: 0.0000294 seconds
2017-11-21T19:21:40.561-0600: 2742.398: Total time for which application threads were stopped: 0.0000841 seconds, Stopping threads took: 0.0000226 seconds
2017-11-21T19:21:40.561-0600: 2742.398: Total time for which application threads were stopped: 0.0001131 seconds, Stopping threads took: 0.0000589 seconds
2017-11-21T19:21:40.561-0600: 2742.399: Total time for which application threads were stopped: 0.0000657 seconds, Stopping threads took: 0.0000260 seconds
2017-11-21T19:21:40.562-0600: 2742.399: Total time for which application threads were stopped: 0.0000802 seconds, Stopping threads took: 0.0000273 seconds
2017-11-21T19:21:40.562-0600: 2742.399: Total time for which application threads were stopped: 0.0000700 seconds, Stopping threads took: 0.0000201 seconds
2017-11-21T19:21:40.562-0600: 2742.400: Total time for which application threads were stopped: 0.0000845 seconds, Stopping threads took: 0.0000316 seconds
2017-11-21T19:21:40.562-0600: 2742.400: Total time for which application threads were stopped: 0.0000649 seconds, Stopping threads took: 0.0000235 seconds
2017-11-21T19:21:40.563-0600: 2742.400: Total time for which application threads were stopped: 0.0000567 seconds, Stopping threads took: 0.0000149 seconds
2017-11-21T19:21:40.563-0600: 2742.400: Total time for which application threads were stopped: 0.0000678 seconds, Stopping threads took: 0.0000192 seconds
2017-11-21T19:21:40.563-0600: 2742.400: Total time for which application threads were stopped: 0.0000751 seconds, Stopping threads took: 0.0000205 seconds
2017-11-21T19:21:40.563-0600: 2742.401: Total time for which application threads were stopped: 0.0000619 seconds, Stopping threads took: 0.0000183 seconds
2017-11-21T19:21:40.563-0600: 2742.401: Total time for which application threads were stopped: 0.0000747 seconds, Stopping threads took: 0.0000260 seconds
2017-11-21T19:21:40.564-0600: 2742.401: Total time for which application threads were stopped: 0.0001075 seconds, Stopping threads took: 0.0000521 seconds
2017-11-21T19:21:40.564-0600: 2742.401: Total time for which application threads were stopped: 0.0000704 seconds, Stopping threads took: 0.0000290 seconds
2017-11-21T19:21:40.564-0600: 2742.401: Total time for which application threads were stopped: 0.0001630 seconds, Stopping threads took: 0.0000239 seconds
2017-11-21T19:21:40.567-0600: 2742.404: Total time for which application threads were stopped: 0.0001186 seconds, Stopping threads took: 0.0000397 seconds
2017-11-21T19:21:40.567-0600: 2742.405: Total time for which application threads were stopped: 0.0001105 seconds, Stopping threads took: 0.0000367 seconds
2017-11-21T19:21:40.568-0600: 2742.405: Total time for which application threads were stopped: 0.0001007 seconds, Stopping threads took: 0.0000201 seconds
2017-11-21T19:21:40.569-0600: 2742.407: Total time for which application threads were stopped: 0.0004676 seconds, Stopping threads took: 0.0003866 seconds
2017-11-21T19:21:40.569-0600: 2742.407: Total time for which application threads were stopped: 0.0001015 seconds, Stopping threads took: 0.0000260 seconds
2017-11-21T19:21:40.569-0600: 2742.407: Total time for which application threads were stopped: 0.0000772 seconds, Stopping threads took: 0.0000158 seconds
2017-11-21T19:21:40.570-0600: 2742.407: Total time for which application threads were stopped: 0.0000823 seconds, Stopping threads took: 0.0000209 seconds
2017-11-21T19:21:40.570-0600: 2742.407: Total time for which application threads were stopped: 0.0000777 seconds, Stopping threads took: 0.0000265 seconds
2017-11-21T19:21:40.570-0600: 2742.408: Total time for which application threads were stopped: 0.0000695 seconds, Stopping threads took: 0.0000209 seconds
2017-11-21T19:21:40.570-0600: 2742.408: Total time for which application threads were stopped: 0.0000521 seconds, Stopping threads took: 0.0000107 seconds
2017-11-21T19:21:40.570-0600: 2742.408: Total time for which application threads were stopped: 0.0001493 seconds, Stopping threads took: 0.0000171 seconds
2017-11-21T19:21:40.572-0600: 2742.410: [CMS-concurrent-sweep: 0.012/0.015 secs] [Times: user=0.05 sys=0.00, real=0.01 secs] 
2017-11-21T19:21:40.573-0600: 2742.410: [CMS-concurrent-reset-start]
2017-11-21T19:21:40.577-0600: 2742.414: [CMS-concurrent-reset: 0.004/0.004 secs] [Times: user=0.00 sys=0.00, real=0.00 secs] 
2017-11-21T19:21:40.601-0600: 2742.438: Total time for which application threads were stopped: 0.0003460 seconds, Stopping threads took: 0.0000380 seconds
2017-11-21T19:21:40.602-0600: 2742.439: Total time for which application threads were stopped: 0.0000956 seconds, Stopping threads took: 0.0000265 seconds
2017-11-21T19:21:41.235-0600: 2743.073: Total time for which application threads were stopped: 0.0001365 seconds, Stopping threads took: 0.0000474 seconds
2017-11-21T19:21:41.239-0600: 2743.077: Total time for which application threads were stopped: 0.0001062 seconds, Stopping threads took: 0.0000273 seconds
2017-11-21T19:21:42.240-0600: 2744.076: Total time for which application threads were stopped: 0.0000883 seconds, Stopping threads took: 0.0000260 seconds
2017-11-21T19:21:54.497-0600: 2756.334: Total time for which application threads were stopped: 0.0001344 seconds, Stopping threads took: 0.0000277 seconds
2017-11-21T19:21:54.501-0600: 2756.339: Total time for which application threads were stopped: 0.0001152 seconds, Stopping threads took: 0.0000439 seconds
2017-11-21T19:21:54.502-0600: 2756.339: Total time for which application threads were stopped: 0.0000678 seconds, Stopping threads took: 0.0000158 seconds
2017-11-21T19:21:54.547-0600: 2756.384: Total time for which application threads were stopped: 0.0000990 seconds, Stopping threads took: 0.0000260 seconds
2017-11-21T19:21:54.547-0600: 2756.385: Total time for which application threads were stopped: 0.0000661 seconds, Stopping threads took: 0.0000137 seconds
2017-11-21T19:21:54.570-0600: 2756.408: Total time for which application threads were stopped: 0.0001719 seconds, Stopping threads took: 0.0000610 seconds
2017-11-21T19:21:55.102-0600: 2756.939: Total time for which application threads were stopped: 0.0001050 seconds, Stopping threads took: 0.0000230 seconds
2017-11-21T19:21:55.105-0600: 2756.942: Total time for which application threads were stopped: 0.0001109 seconds, Stopping threads took: 0.0000265 seconds
2017-11-21T19:21:55.105-0600: 2756.942: Total time for which application threads were stopped: 0.0000666 seconds, Stopping threads took: 0.0000252 seconds
2017-11-21T19:21:55.105-0600: 2756.942: Total time for which application threads were stopped: 0.0000836 seconds, Stopping threads took: 0.0000235 seconds
2017-11-21T19:21:55.105-0600: 2756.942: Total time for which application threads were stopped: 0.0000529 seconds, Stopping threads took: 0.0000218 seconds
2017-11-21T19:21:55.105-0600: 2756.942: Total time for which application threads were stopped: 0.0000734 seconds, Stopping threads took: 0.0000188 seconds
2017-11-21T19:21:55.106-0600: 2756.943: Total time for which application threads were stopped: 0.0000934 seconds, Stopping threads took: 0.0000162 seconds
2017-11-21T19:21:55.106-0600: 2756.943: Total time for which application threads were stopped: 0.0000538 seconds, Stopping threads took: 0.0000196 seconds
2017-11-21T19:21:55.106-0600: 2756.943: Total time for which application threads were stopped: 0.0000798 seconds, Stopping threads took: 0.0000252 seconds
2017-11-21T19:21:55.106-0600: 2756.943: Total time for which application threads were stopped: 0.0000606 seconds, Stopping threads took: 0.0000201 seconds
2017-11-21T19:21:55.106-0600: 2756.943: Total time for which application threads were stopped: 0.0000695 seconds, Stopping threads took: 0.0000282 seconds
2017-11-21T19:21:55.106-0600: 2756.943: Total time for which application threads were stopped: 0.0000469 seconds, Stopping threads took: 0.0000196 seconds
2017-11-21T19:21:56.106-0600: 2757.943: Total time for which application threads were stopped: 0.0000695 seconds, Stopping threads took: 0.0000230 seconds
2017-11-21T19:21:58.837-0600: 2760.675: Total time for which application threads were stopped: 0.0000823 seconds, Stopping threads took: 0.0000290 seconds
2017-11-21T19:21:59.837-0600: 2761.674: Total time for which application threads were stopped: 0.0001050 seconds, Stopping threads took: 0.0000384 seconds
2017-11-21T19:22:06.691-0600: 2768.528: Total time for which application threads were stopped: 0.0001293 seconds, Stopping threads took: 0.0000294 seconds
2017-11-21T19:22:06.692-0600: 2768.529: Total time for which application threads were stopped: 0.0000922 seconds, Stopping threads took: 0.0000226 seconds
2017-11-21T19:22:06.692-0600: 2768.529: Total time for which application threads were stopped: 0.0000866 seconds, Stopping threads took: 0.0000171 seconds
2017-11-21T19:22:06.692-0600: 2768.529: Total time for which application threads were stopped: 0.0001361 seconds, Stopping threads took: 0.0000119 seconds
2017-11-21T19:22:06.693-0600: 2768.530: Total time for which application threads were stopped: 0.0000909 seconds, Stopping threads took: 0.0000230 seconds
2017-11-21T19:22:06.694-0600: 2768.531: Total time for which application threads were stopped: 0.0000994 seconds, Stopping threads took: 0.0000201 seconds
2017-11-21T19:22:13.698-0600: 2775.535: Total time for which application threads were stopped: 0.0000892 seconds, Stopping threads took: 0.0000273 seconds
2017-11-21T19:22:23.434-0600: 2785.271: Total time for which application threads were stopped: 0.0001079 seconds, Stopping threads took: 0.0000299 seconds
2017-11-21T19:22:23.434-0600: 2785.271: Total time for which application threads were stopped: 0.0000704 seconds, Stopping threads took: 0.0000179 seconds
2017-11-21T19:22:23.434-0600: 2785.271: Total time for which application threads were stopped: 0.0000960 seconds, Stopping threads took: 0.0000422 seconds
2017-11-21T19:22:23.434-0600: 2785.272: Total time for which application threads were stopped: 0.0000738 seconds, Stopping threads took: 0.0000247 seconds
2017-11-21T19:22:23.434-0600: 2785.272: Total time for which application threads were stopped: 0.0000691 seconds, Stopping threads took: 0.0000205 seconds
2017-11-21T19:22:23.434-0600: 2785.272: Total time for which application threads were stopped: 0.0000951 seconds, Stopping threads took: 0.0000452 seconds
2017-11-21T19:22:23.435-0600: 2785.272: Total time for which application threads were stopped: 0.0000597 seconds, Stopping threads took: 0.0000137 seconds
2017-11-21T19:22:23.435-0600: 2785.272: Total time for which application threads were stopped: 0.0000550 seconds, Stopping threads took: 0.0000119 seconds
2017-11-21T19:22:23.435-0600: 2785.272: Total time for which application threads were stopped: 0.0000627 seconds, Stopping threads took: 0.0000171 seconds
2017-11-21T19:22:23.435-0600: 2785.272: Total time for which application threads were stopped: 0.0000546 seconds, Stopping threads took: 0.0000171 seconds
2017-11-21T19:22:23.435-0600: 2785.272: Total time for which application threads were stopped: 0.0000495 seconds, Stopping threads took: 0.0000124 seconds
2017-11-21T19:22:23.435-0600: 2785.272: Total time for which application threads were stopped: 0.0000538 seconds, Stopping threads took: 0.0000183 seconds
2017-11-21T19:22:23.435-0600: 2785.273: Total time for which application threads were stopped: 0.0000474 seconds, Stopping threads took: 0.0000119 seconds
2017-11-21T19:22:23.435-0600: 2785.273: Total time for which application threads were stopped: 0.0000521 seconds, Stopping threads took: 0.0000119 seconds
2017-11-21T19:22:23.435-0600: 2785.273: Total time for which application threads were stopped: 0.0000602 seconds, Stopping threads took: 0.0000175 seconds
2017-11-21T19:22:23.435-0600: 2785.273: Total time for which application threads were stopped: 0.0000525 seconds, Stopping threads took: 0.0000171 seconds
2017-11-21T19:22:23.435-0600: 2785.273: Total time for which application threads were stopped: 0.0000529 seconds, Stopping threads took: 0.0000171 seconds
2017-11-21T19:22:23.435-0600: 2785.273: Total time for which application threads were stopped: 0.0000542 seconds, Stopping threads took: 0.0000128 seconds
2017-11-21T19:22:23.436-0600: 2785.273: Total time for which application threads were stopped: 0.0000508 seconds, Stopping threads took: 0.0000124 seconds
2017-11-21T19:22:23.436-0600: 2785.273: Total time for which application threads were stopped: 0.0001395 seconds, Stopping threads took: 0.0000213 seconds
2017-11-21T19:22:23.471-0600: 2785.309: Total time for which application threads were stopped: 0.0001775 seconds, Stopping threads took: 0.0000516 seconds
2017-11-21T19:22:23.487-0600: 2785.325: Total time for which application threads were stopped: 0.0004237 seconds, Stopping threads took: 0.0003230 seconds
{Heap before GC invocations=18 (full 2):
 par new generation   total 109248K, used 109248K [0x14800000, 0x1c800000, 0x1c800000)
  eden space 87424K, 100% used [0x14800000, 0x19d60000, 0x19d60000)
  from space 21824K, 100% used [0x19d60000, 0x1b2b0000, 0x1b2b0000)
  to   space 21824K,   0% used [0x1b2b0000, 0x1b2b0000, 0x1c800000)
 concurrent mark-sweep generation total 393216K, used 23713K [0x1c800000, 0x34800000, 0x34800000)
 Metaspace       used 29294K, capacity 29906K, committed 30080K, reserved 30080K
2017-11-21T19:22:23.506-0600: 2785.343: [GC (Allocation Failure) 2017-11-21T19:22:23.506-0600: 2785.343: [ParNew
Desired survivor size 20112996 bytes, new threshold 8 (max 8)
- age   1:    2601200 bytes,    2601200 total
- age   3:    3216088 bytes,    5817288 total
- age   4:    2344248 bytes,    8161536 total
- age   5:    4650248 bytes,   12811784 total
- age   6:    2382360 bytes,   15194144 total
- age   7:     363192 bytes,   15557336 total
- age   8:    3453784 bytes,   19011120 total
: 109248K->21824K(109248K), 0.0168666 secs] 132961K->46925K(502464K), 0.0169604 secs] [Times: user=0.05 sys=0.00, real=0.02 secs] 
Heap after GC invocations=19 (full 2):
 par new generation   total 109248K, used 21824K [0x14800000, 0x1c800000, 0x1c800000)
  eden space 87424K,   0% used [0x14800000, 0x14800000, 0x19d60000)
  from space 21824K, 100% used [0x1b2b0000, 0x1c800000, 0x1c800000)
  to   space 21824K,   0% used [0x19d60000, 0x19d60000, 0x1b2b0000)
 concurrent mark-sweep generation total 393216K, used 25101K [0x1c800000, 0x34800000, 0x34800000)
 Metaspace       used 29294K, capacity 29906K, committed 30080K, reserved 30080K
}
2017-11-21T19:22:23.523-0600: 2785.360: Total time for which application threads were stopped: 0.0172352 seconds, Stopping threads took: 0.0000371 seconds
2017-11-21T19:22:23.523-0600: 2785.361: Total time for which application threads were stopped: 0.0001246 seconds, Stopping threads took: 0.0000320 seconds
2017-11-21T19:22:23.705-0600: 2785.542: Total time for which application threads were stopped: 0.0001263 seconds, Stopping threads took: 0.0000337 seconds
2017-11-21T19:22:23.735-0600: 2785.572: Total time for which application threads were stopped: 0.0001067 seconds, Stopping threads took: 0.0000294 seconds
2017-11-21T19:22:24.192-0600: 2786.030: Total time for which application threads were stopped: 0.0001229 seconds, Stopping threads took: 0.0000277 seconds
2017-11-21T19:22:25.193-0600: 2787.030: Total time for which application threads were stopped: 0.0000977 seconds, Stopping threads took: 0.0000260 seconds
2017-11-21T19:22:27.550-0600: 2789.387: Total time for which application threads were stopped: 0.0001028 seconds, Stopping threads took: 0.0000235 seconds
2017-11-21T19:22:27.550-0600: 2789.388: Total time for which application threads were stopped: 0.0000862 seconds, Stopping threads took: 0.0000162 seconds
2017-11-21T19:22:27.555-0600: 2789.393: Total time for which application threads were stopped: 0.0000930 seconds, Stopping threads took: 0.0000273 seconds
2017-11-21T19:22:27.556-0600: 2789.393: Total time for which application threads were stopped: 0.0000789 seconds, Stopping threads took: 0.0000175 seconds
2017-11-21T19:22:27.596-0600: 2789.434: Total time for which application threads were stopped: 0.0000853 seconds, Stopping threads took: 0.0000230 seconds
2017-11-21T19:22:27.597-0600: 2789.434: Total time for which application threads were stopped: 0.0001084 seconds, Stopping threads took: 0.0000226 seconds
2017-11-21T19:22:27.597-0600: 2789.435: Total time for which application threads were stopped: 0.0000759 seconds, Stopping threads took: 0.0000128 seconds
2017-11-21T19:22:27.597-0600: 2789.435: Total time for which application threads were stopped: 0.0000751 seconds, Stopping threads took: 0.0000196 seconds
{Heap before GC invocations=19 (full 2):
 par new generation   total 109248K, used 108942K [0x14800000, 0x1c800000, 0x1c800000)
  eden space 87424K,  99% used [0x14800000, 0x19d13a80, 0x19d60000)
  from space 21824K, 100% used [0x1b2b0000, 0x1c800000, 0x1c800000)
  to   space 21824K,   0% used [0x19d60000, 0x19d60000, 0x1b2b0000)
 concurrent mark-sweep generation total 393216K, used 25101K [0x1c800000, 0x34800000, 0x34800000)
 Metaspace       used 29326K, capacity 29941K, committed 30080K, reserved 30080K
2017-11-21T19:22:27.606-0600: 2789.444: [GC (Allocation Failure) 2017-11-21T19:22:27.607-0600: 2789.444: [ParNew
Desired survivor size 20112996 bytes, new threshold 8 (max 8)
- age   1:    2583120 bytes,    2583120 total
- age   2:    1087344 bytes,    3670464 total
- age   4:    3215944 bytes,    6886408 total
- age   5:    2344208 bytes,    9230616 total
- age   6:    4649960 bytes,   13880576 total
- age   7:    2382360 bytes,   16262936 total
- age   8:     363192 bytes,   16626128 total
: 108942K->21824K(109248K), 0.0161988 secs] 134044K->51004K(502464K), 0.0162803 secs] [Times: user=0.06 sys=0.00, real=0.02 secs] 
Heap after GC invocations=20 (full 2):
 par new generation   total 109248K, used 21824K [0x14800000, 0x1c800000, 0x1c800000)
  eden space 87424K,   0% used [0x14800000, 0x14800000, 0x19d60000)
  from space 21824K, 100% used [0x19d60000, 0x1b2b0000, 0x1b2b0000)
  to   space 21824K,   0% used [0x1b2b0000, 0x1b2b0000, 0x1c800000)
 concurrent mark-sweep generation total 393216K, used 29180K [0x1c800000, 0x34800000, 0x34800000)
 Metaspace       used 29326K, capacity 29941K, committed 30080K, reserved 30080K
}
2017-11-21T19:22:27.623-0600: 2789.460: Total time for which application threads were stopped: 0.0164954 seconds, Stopping threads took: 0.0000508 seconds
2017-11-21T19:22:27.635-0600: 2789.472: Total time for which application threads were stopped: 0.0000947 seconds, Stopping threads took: 0.0000311 seconds
2017-11-21T19:22:28.154-0600: 2789.991: Total time for which application threads were stopped: 0.0001165 seconds, Stopping threads took: 0.0000371 seconds
2017-11-21T19:22:28.157-0600: 2789.994: Total time for which application threads were stopped: 0.0001131 seconds, Stopping threads took: 0.0000299 seconds
2017-11-21T19:22:28.157-0600: 2789.994: Total time for which application threads were stopped: 0.0000960 seconds, Stopping threads took: 0.0000179 seconds
2017-11-21T19:22:28.157-0600: 2789.994: Total time for which application threads were stopped: 0.0000759 seconds, Stopping threads took: 0.0000320 seconds
2017-11-21T19:22:28.158-0600: 2789.995: Total time for which application threads were stopped: 0.0000661 seconds, Stopping threads took: 0.0000277 seconds
2017-11-21T19:22:28.158-0600: 2789.995: Total time for which application threads were stopped: 0.0000555 seconds, Stopping threads took: 0.0000247 seconds
2017-11-21T19:22:29.158-0600: 2790.995: Total time for which application threads were stopped: 0.0001075 seconds, Stopping threads took: 0.0000410 seconds
2017-11-21T19:22:39.756-0600: 2801.593: Total time for which application threads were stopped: 0.0000751 seconds, Stopping threads took: 0.0000196 seconds
2017-11-21T19:22:40.756-0600: 2802.593: Total time for which application threads were stopped: 0.0000841 seconds, Stopping threads took: 0.0000371 seconds
2017-11-21T19:22:43.009-0600: 2804.847: Total time for which application threads were stopped: 0.0001195 seconds, Stopping threads took: 0.0000299 seconds
2017-11-21T19:22:43.009-0600: 2804.847: Total time for which application threads were stopped: 0.0000887 seconds, Stopping threads took: 0.0000183 seconds
2017-11-21T19:22:43.011-0600: 2804.848: Total time for which application threads were stopped: 0.0002304 seconds, Stopping threads took: 0.0000768 seconds
2017-11-21T19:22:43.012-0600: 2804.849: Total time for which application threads were stopped: 0.0001233 seconds, Stopping threads took: 0.0000491 seconds
2017-11-21T19:22:43.012-0600: 2804.849: Total time for which application threads were stopped: 0.0000627 seconds, Stopping threads took: 0.0000171 seconds
2017-11-21T19:22:43.012-0600: 2804.850: Total time for which application threads were stopped: 0.0000751 seconds, Stopping threads took: 0.0000192 seconds
2017-11-21T19:22:43.012-0600: 2804.850: Total time for which application threads were stopped: 0.0000785 seconds, Stopping threads took: 0.0000218 seconds
2017-11-21T19:22:43.013-0600: 2804.851: Total time for which application threads were stopped: 0.0000917 seconds, Stopping threads took: 0.0000230 seconds
2017-11-21T19:22:43.013-0600: 2804.851: Total time for which application threads were stopped: 0.0000640 seconds, Stopping threads took: 0.0000141 seconds
2017-11-21T19:22:43.014-0600: 2804.851: Total time for which application threads were stopped: 0.0000934 seconds, Stopping threads took: 0.0000307 seconds
2017-11-21T19:22:43.014-0600: 2804.851: Total time for which application threads were stopped: 0.0000777 seconds, Stopping threads took: 0.0000213 seconds
2017-11-21T19:22:44.015-0600: 2805.852: Total time for which application threads were stopped: 0.0000747 seconds, Stopping threads took: 0.0000226 seconds
2017-11-21T19:23:54.893-0600: 2876.731: Total time for which application threads were stopped: 0.0001395 seconds, Stopping threads took: 0.0000205 seconds
2017-11-21T19:23:54.894-0600: 2876.731: Total time for which application threads were stopped: 0.0000828 seconds, Stopping threads took: 0.0000166 seconds
2017-11-21T19:23:55.895-0600: 2877.732: Total time for which application threads were stopped: 0.0000794 seconds, Stopping threads took: 0.0000256 seconds
2017-11-21T19:23:57.896-0600: 2879.733: Total time for which application threads were stopped: 0.0000802 seconds, Stopping threads took: 0.0000205 seconds
2017-11-21T19:24:18.947-0600: 2900.784: Total time for which application threads were stopped: 0.0001071 seconds, Stopping threads took: 0.0000329 seconds
2017-11-21T19:24:31.110-0600: 2912.947: Total time for which application threads were stopped: 0.0001783 seconds, Stopping threads took: 0.0000252 seconds
2017-11-21T19:25:44.158-0600: 2985.995: Total time for which application threads were stopped: 0.0000939 seconds, Stopping threads took: 0.0000273 seconds
2017-11-21T19:26:37.262-0600: 3039.099: Total time for which application threads were stopped: 0.0001101 seconds, Stopping threads took: 0.0000265 seconds
2017-11-21T19:27:06.311-0600: 3068.148: Total time for which application threads were stopped: 0.0001101 seconds, Stopping threads took: 0.0000324 seconds
2017-11-21T19:27:18.319-0600: 3080.156: Total time for which application threads were stopped: 0.0001033 seconds, Stopping threads took: 0.0000265 seconds
2017-11-21T19:27:25.326-0600: 3087.163: Total time for which application threads were stopped: 0.0000943 seconds, Stopping threads took: 0.0000299 seconds
2017-11-21T19:29:02.378-0600: 3184.216: Total time for which application threads were stopped: 0.0001775 seconds, Stopping threads took: 0.0000277 seconds
2017-11-21T19:31:37.509-0600: 3339.346: Total time for which application threads were stopped: 0.0001425 seconds, Stopping threads took: 0.0000585 seconds
2017-11-21T19:32:35.547-0600: 3397.384: Total time for which application threads were stopped: 0.0001451 seconds, Stopping threads took: 0.0000512 seconds
2017-11-21T19:32:55.560-0600: 3417.397: Total time for which application threads were stopped: 0.0001050 seconds, Stopping threads took: 0.0000371 seconds
2017-11-21T19:33:57.613-0600: 3479.450: Total time for which application threads were stopped: 0.0000896 seconds, Stopping threads took: 0.0000294 seconds
2017-11-21T19:34:56.652-0600: 3538.489: Total time for which application threads were stopped: 0.0001327 seconds, Stopping threads took: 0.0000290 seconds
2017-11-21T19:35:08.039-0600: 3549.876: Total time for which application threads were stopped: 0.0001775 seconds, Stopping threads took: 0.0000235 seconds
2017-11-21T19:36:41.125-0600: 3642.962: Total time for which application threads were stopped: 0.0001220 seconds, Stopping threads took: 0.0000320 seconds
2017-11-21T19:38:01.186-0600: 3723.023: Total time for which application threads were stopped: 0.0001557 seconds, Stopping threads took: 0.0000439 seconds
2017-11-21T19:38:17.197-0600: 3739.034: Total time for which application threads were stopped: 0.0000930 seconds, Stopping threads took: 0.0000286 seconds
2017-11-21T19:40:36.290-0600: 3878.127: Total time for which application threads were stopped: 0.0001412 seconds, Stopping threads took: 0.0000401 seconds
2017-11-21T19:43:33.420-0600: 4055.257: Total time for which application threads were stopped: 0.0001075 seconds, Stopping threads took: 0.0000311 seconds
2017-11-21T19:44:04.440-0600: 4086.277: Total time for which application threads were stopped: 0.0001617 seconds, Stopping threads took: 0.0000290 seconds
2017-11-21T19:44:23.457-0600: 4105.294: Total time for which application threads were stopped: 0.0001050 seconds, Stopping threads took: 0.0000303 seconds
2017-11-21T19:44:29.461-0600: 4111.298: Total time for which application threads were stopped: 0.0001007 seconds, Stopping threads took: 0.0000290 seconds
2017-11-21T19:48:35.778-0600: 4357.616: Total time for which application threads were stopped: 0.0002061 seconds, Stopping threads took: 0.0000290 seconds
2017-11-21T19:48:36.780-0600: 4358.617: Total time for which application threads were stopped: 0.0000947 seconds, Stopping threads took: 0.0000341 seconds
2017-11-21T19:55:13.152-0600: 4754.989: Total time for which application threads were stopped: 0.0001058 seconds, Stopping threads took: 0.0000324 seconds
2017-11-21T19:57:01.240-0600: 4863.077: Total time for which application threads were stopped: 0.0001195 seconds, Stopping threads took: 0.0000478 seconds
2017-11-21T20:01:12.425-0600: 5114.262: Total time for which application threads were stopped: 0.0001037 seconds, Stopping threads took: 0.0000307 seconds
2017-11-21T20:02:02.543-0600: 5164.380: Total time for which application threads were stopped: 0.0001007 seconds, Stopping threads took: 0.0000324 seconds
2017-11-21T20:03:02.614-0600: 5224.451: Total time for which application threads were stopped: 0.0001135 seconds, Stopping threads took: 0.0000333 seconds
2017-11-21T20:03:32.646-0600: 5254.483: Total time for which application threads were stopped: 0.0001050 seconds, Stopping threads took: 0.0000375 seconds
2017-11-21T20:06:11.775-0600: 5413.612: Total time for which application threads were stopped: 0.0001058 seconds, Stopping threads took: 0.0000277 seconds
2017-11-21T20:07:06.816-0600: 5468.653: Total time for which application threads were stopped: 0.0002483 seconds, Stopping threads took: 0.0001809 seconds
2017-11-21T20:08:38.351-0600: 5560.189: Total time for which application threads were stopped: 0.0001532 seconds, Stopping threads took: 0.0000252 seconds
2017-11-21T20:08:58.365-0600: 5580.202: Total time for which application threads were stopped: 0.0001335 seconds, Stopping threads took: 0.0000307 seconds
2017-11-21T20:09:17.383-0600: 5599.220: Total time for which application threads were stopped: 0.0000960 seconds, Stopping threads took: 0.0000282 seconds
2017-11-21T20:09:24.388-0600: 5606.225: Total time for which application threads were stopped: 0.0001007 seconds, Stopping threads took: 0.0000350 seconds
2017-11-21T20:09:34.419-0600: 5616.256: Total time for which application threads were stopped: 0.0001242 seconds, Stopping threads took: 0.0000508 seconds
2017-11-21T20:10:03.454-0600: 5645.291: Total time for which application threads were stopped: 0.0000947 seconds, Stopping threads took: 0.0000294 seconds
2017-11-21T20:13:37.029-0600: 5858.866: Total time for which application threads were stopped: 0.0001818 seconds, Stopping threads took: 0.0000282 seconds
2017-11-21T20:13:38.029-0600: 5859.866: Total time for which application threads were stopped: 0.0000815 seconds, Stopping threads took: 0.0000196 seconds
2017-11-21T20:15:25.104-0600: 5966.941: Total time for which application threads were stopped: 0.0001011 seconds, Stopping threads took: 0.0000226 seconds
2017-11-21T20:15:26.105-0600: 5967.942: Total time for which application threads were stopped: 0.0001054 seconds, Stopping threads took: 0.0000273 seconds
2017-11-21T20:16:02.134-0600: 6003.971: Total time for which application threads were stopped: 0.0001220 seconds, Stopping threads took: 0.0000337 seconds
2017-11-21T20:16:08.138-0600: 6009.975: Total time for which application threads were stopped: 0.0000794 seconds, Stopping threads took: 0.0000218 seconds
2017-11-21T20:17:16.183-0600: 6078.020: Total time for which application threads were stopped: 0.0001015 seconds, Stopping threads took: 0.0000299 seconds
2017-11-21T20:18:20.226-0600: 6142.063: Total time for which application threads were stopped: 0.0001114 seconds, Stopping threads took: 0.0000256 seconds
2017-11-21T20:18:34.235-0600: 6156.072: Total time for which application threads were stopped: 0.0001020 seconds, Stopping threads took: 0.0000341 seconds
2017-11-21T20:19:16.263-0600: 6198.100: Total time for which application threads were stopped: 0.0000930 seconds, Stopping threads took: 0.0000230 seconds
2017-11-21T20:19:17.264-0600: 6199.101: Total time for which application threads were stopped: 0.0001058 seconds, Stopping threads took: 0.0000277 seconds
2017-11-21T20:19:18.264-0600: 6200.101: Total time for which application threads were stopped: 0.0000853 seconds, Stopping threads took: 0.0000230 seconds
2017-11-21T20:19:19.265-0600: 6201.102: Total time for which application threads were stopped: 0.0000934 seconds, Stopping threads took: 0.0000218 seconds
2017-11-21T20:19:30.114-0600: 6211.952: Total time for which application threads were stopped: 0.0001271 seconds, Stopping threads took: 0.0000188 seconds
2017-11-21T20:19:32.115-0600: 6213.952: Total time for which application threads were stopped: 0.0001131 seconds, Stopping threads took: 0.0000405 seconds
2017-11-21T20:20:02.135-0600: 6243.972: Total time for which application threads were stopped: 0.0001297 seconds, Stopping threads took: 0.0000640 seconds
2017-11-21T20:21:14.183-0600: 6316.020: Total time for which application threads were stopped: 0.0001109 seconds, Stopping threads took: 0.0000299 seconds
2017-11-21T20:21:54.206-0600: 6356.043: Total time for which application threads were stopped: 0.0001126 seconds, Stopping threads took: 0.0000303 seconds
2017-11-21T20:22:21.224-0600: 6383.061: Total time for which application threads were stopped: 0.0001289 seconds, Stopping threads took: 0.0000422 seconds
2017-11-21T20:22:49.242-0600: 6411.079: Total time for which application threads were stopped: 0.0000969 seconds, Stopping threads took: 0.0000247 seconds
2017-11-21T20:22:50.243-0600: 6412.080: Total time for which application threads were stopped: 0.0000934 seconds, Stopping threads took: 0.0000371 seconds
2017-11-21T20:22:53.466-0600: 6415.304: Total time for which application threads were stopped: 0.0001741 seconds, Stopping threads took: 0.0000235 seconds
2017-11-21T20:22:54.467-0600: 6416.304: Total time for which application threads were stopped: 0.0000862 seconds, Stopping threads took: 0.0000218 seconds
2017-11-21T20:23:14.480-0600: 6436.317: Total time for which application threads were stopped: 0.0000969 seconds, Stopping threads took: 0.0000397 seconds
2017-11-21T20:24:12.519-0600: 6494.356: Total time for which application threads were stopped: 0.0001079 seconds, Stopping threads took: 0.0000316 seconds
2017-11-21T20:26:26.657-0600: 6628.494: Total time for which application threads were stopped: 0.0001088 seconds, Stopping threads took: 0.0000294 seconds
2017-11-21T20:26:52.675-0600: 6654.512: Total time for which application threads were stopped: 0.0001007 seconds, Stopping threads took: 0.0000448 seconds
2017-11-21T20:27:29.725-0600: 6691.562: Total time for which application threads were stopped: 0.0001067 seconds, Stopping threads took: 0.0000294 seconds
2017-11-21T20:30:41.795-0600: 6883.632: Total time for which application threads were stopped: 0.0003772 seconds, Stopping threads took: 0.0000350 seconds
2017-11-21T20:30:41.796-0600: 6883.633: Total time for which application threads were stopped: 0.0000934 seconds, Stopping threads took: 0.0000166 seconds
2017-11-21T20:30:41.796-0600: 6883.633: Total time for which application threads were stopped: 0.0000900 seconds, Stopping threads took: 0.0000090 seconds
2017-11-21T20:30:41.796-0600: 6883.634: Total time for which application threads were stopped: 0.0000546 seconds, Stopping threads took: 0.0000107 seconds
2017-11-21T20:30:41.805-0600: 6883.642: Total time for which application threads were stopped: 0.0001212 seconds, Stopping threads took: 0.0000265 seconds
2017-11-21T20:30:41.805-0600: 6883.643: Total time for which application threads were stopped: 0.0001242 seconds, Stopping threads took: 0.0000154 seconds
2017-11-21T20:30:41.805-0600: 6883.643: Total time for which application threads were stopped: 0.0000815 seconds, Stopping threads took: 0.0000137 seconds
2017-11-21T20:30:41.813-0600: 6883.650: Total time for which application threads were stopped: 0.0001118 seconds, Stopping threads took: 0.0000226 seconds
2017-11-21T20:30:41.813-0600: 6883.650: Total time for which application threads were stopped: 0.0000939 seconds, Stopping threads took: 0.0000102 seconds
2017-11-21T20:30:41.818-0600: 6883.656: Total time for which application threads were stopped: 0.0000785 seconds, Stopping threads took: 0.0000179 seconds
2017-11-21T20:30:41.819-0600: 6883.656: Total time for which application threads were stopped: 0.0000448 seconds, Stopping threads took: 0.0000081 seconds
2017-11-21T20:30:41.829-0600: 6883.666: Total time for which application threads were stopped: 0.0000870 seconds, Stopping threads took: 0.0000235 seconds
2017-11-21T20:30:41.829-0600: 6883.666: Total time for which application threads were stopped: 0.0000725 seconds, Stopping threads took: 0.0000119 seconds
2017-11-21T20:30:41.836-0600: 6883.673: Total time for which application threads were stopped: 0.0001079 seconds, Stopping threads took: 0.0000239 seconds
2017-11-21T20:30:41.850-0600: 6883.687: Total time for which application threads were stopped: 0.0000755 seconds, Stopping threads took: 0.0000166 seconds
2017-11-21T20:30:41.850-0600: 6883.688: Total time for which application threads were stopped: 0.0001395 seconds, Stopping threads took: 0.0000090 seconds
2017-11-21T20:30:41.851-0600: 6883.688: Total time for which application threads were stopped: 0.0000759 seconds, Stopping threads took: 0.0000303 seconds
2017-11-21T20:30:41.851-0600: 6883.688: Total time for which application threads were stopped: 0.0000589 seconds, Stopping threads took: 0.0000209 seconds
2017-11-21T20:30:41.851-0600: 6883.688: Total time for which application threads were stopped: 0.0000802 seconds, Stopping threads took: 0.0000201 seconds
2017-11-21T20:30:41.851-0600: 6883.688: Total time for which application threads were stopped: 0.0000482 seconds, Stopping threads took: 0.0000124 seconds
2017-11-21T20:30:41.851-0600: 6883.689: Total time for which application threads were stopped: 0.0000397 seconds, Stopping threads took: 0.0000094 seconds
2017-11-21T20:30:41.852-0600: 6883.689: Total time for which application threads were stopped: 0.0000841 seconds, Stopping threads took: 0.0000260 seconds
2017-11-21T20:30:41.852-0600: 6883.689: Total time for which application threads were stopped: 0.0000670 seconds, Stopping threads took: 0.0000183 seconds
2017-11-21T20:30:41.852-0600: 6883.689: Total time for which application threads were stopped: 0.0000939 seconds, Stopping threads took: 0.0000235 seconds
2017-11-21T20:30:41.852-0600: 6883.690: Total time for which application threads were stopped: 0.0000879 seconds, Stopping threads took: 0.0000239 seconds
2017-11-21T20:30:41.852-0600: 6883.690: Total time for which application threads were stopped: 0.0000866 seconds, Stopping threads took: 0.0000256 seconds
2017-11-21T20:30:41.852-0600: 6883.690: Total time for which application threads were stopped: 0.0000751 seconds, Stopping threads took: 0.0000179 seconds
2017-11-21T20:30:41.859-0600: 6883.696: Total time for which application threads were stopped: 0.0001472 seconds, Stopping threads took: 0.0000183 seconds
2017-11-21T20:30:42.860-0600: 6884.697: Total time for which application threads were stopped: 0.0000858 seconds, Stopping threads took: 0.0000205 seconds
{Heap before GC invocations=20 (full 2):
 par new generation   total 109248K, used 109248K [0x14800000, 0x1c800000, 0x1c800000)
  eden space 87424K, 100% used [0x14800000, 0x19d60000, 0x19d60000)
  from space 21824K, 100% used [0x19d60000, 0x1b2b0000, 0x1b2b0000)
  to   space 21824K,   0% used [0x1b2b0000, 0x1b2b0000, 0x1c800000)
 concurrent mark-sweep generation total 393216K, used 29180K [0x1c800000, 0x34800000, 0x34800000)
 Metaspace       used 29624K, capacity 30266K, committed 30464K, reserved 31104K
2017-11-21T20:30:46.030-0600: 6887.867: [GC (Allocation Failure) 2017-11-21T20:30:46.030-0600: 6887.867: [ParNew
Desired survivor size 20112996 bytes, new threshold 8 (max 8)
- age   1:    1251784 bytes,    1251784 total
- age   2:     963832 bytes,    2215616 total
- age   3:     962184 bytes,    3177800 total
- age   5:    3215920 bytes,    6393720 total
- age   6:    2344208 bytes,    8737928 total
- age   7:    4647184 bytes,   13385112 total
- age   8:    2382336 bytes,   15767448 total
: 109248K->21363K(109248K), 0.0440892 secs] 138428K->50901K(502464K), 0.0442091 secs] [Times: user=0.02 sys=0.13, real=0.04 secs] 
Heap after GC invocations=21 (full 2):
 par new generation   total 109248K, used 21363K [0x14800000, 0x1c800000, 0x1c800000)
  eden space 87424K,   0% used [0x14800000, 0x14800000, 0x19d60000)
  from space 21824K,  97% used [0x1b2b0000, 0x1c78cd80, 0x1c800000)
  to   space 21824K,   0% used [0x19d60000, 0x19d60000, 0x1b2b0000)
 concurrent mark-sweep generation total 393216K, used 29538K [0x1c800000, 0x34800000, 0x34800000)
 Metaspace       used 29624K, capacity 30266K, committed 30464K, reserved 31104K
}
2017-11-21T20:30:46.074-0600: 6887.911: Total time for which application threads were stopped: 0.0445589 seconds, Stopping threads took: 0.0000243 seconds
2017-11-21T20:30:46.075-0600: 6887.913: Total time for which application threads were stopped: 0.0003234 seconds, Stopping threads took: 0.0000768 seconds
{Heap before GC invocations=21 (full 2):
 par new generation   total 109248K, used 108787K [0x14800000, 0x1c800000, 0x1c800000)
  eden space 87424K, 100% used [0x14800000, 0x19d60000, 0x19d60000)
  from space 21824K,  97% used [0x1b2b0000, 0x1c78cd80, 0x1c800000)
  to   space 21824K,   0% used [0x19d60000, 0x19d60000, 0x1b2b0000)
 concurrent mark-sweep generation total 393216K, used 29538K [0x1c800000, 0x34800000, 0x34800000)
 Metaspace       used 29628K, capacity 30268K, committed 30464K, reserved 31104K
2017-11-21T20:30:46.334-0600: 6888.171: [GC (Allocation Failure) 2017-11-21T20:30:46.334-0600: 6888.171: [ParNew
Desired survivor size 20112996 bytes, new threshold 8 (max 8)
- age   1:     865880 bytes,     865880 total
- age   2:    1012816 bytes,    1878696 total
- age   3:     963016 bytes,    2841712 total
- age   4:     919904 bytes,    3761616 total
- age   6:    1093568 bytes,    4855184 total
- age   7:    1872024 bytes,    6727208 total
- age   8:    4647184 bytes,   11374392 total
: 108787K->14778K(109248K), 0.0119599 secs] 138325K->46644K(502464K), 0.0120474 secs] [Times: user=0.06 sys=0.00, real=0.01 secs] 
Heap after GC invocations=22 (full 2):
 par new generation   total 109248K, used 14778K [0x14800000, 0x1c800000, 0x1c800000)
  eden space 87424K,   0% used [0x14800000, 0x14800000, 0x19d60000)
  from space 21824K,  67% used [0x19d60000, 0x1abce860, 0x1b2b0000)
  to   space 21824K,   0% used [0x1b2b0000, 0x1b2b0000, 0x1c800000)
 concurrent mark-sweep generation total 393216K, used 31865K [0x1c800000, 0x34800000, 0x34800000)
 Metaspace       used 29628K, capacity 30268K, committed 30464K, reserved 31104K
}
2017-11-21T20:30:46.346-0600: 6888.183: Total time for which application threads were stopped: 0.0123797 seconds, Stopping threads took: 0.0000269 seconds
2017-11-21T20:30:46.676-0600: 6888.513: Total time for which application threads were stopped: 0.0003883 seconds, Stopping threads took: 0.0000239 seconds
2017-11-21T20:30:47.677-0600: 6889.514: Total time for which application threads were stopped: 0.0001446 seconds, Stopping threads took: 0.0000201 seconds
2017-11-21T20:30:51.301-0600: 6893.139: Total time for which application threads were stopped: 0.0001523 seconds, Stopping threads took: 0.0000439 seconds
2017-11-21T20:30:51.311-0600: 6893.148: Total time for which application threads were stopped: 0.0001429 seconds, Stopping threads took: 0.0000329 seconds
2017-11-21T20:30:51.312-0600: 6893.150: Total time for which application threads were stopped: 0.0000994 seconds, Stopping threads took: 0.0000341 seconds
2017-11-21T20:30:51.348-0600: 6893.185: Total time for which application threads were stopped: 0.0001225 seconds, Stopping threads took: 0.0000256 seconds
{Heap before GC invocations=22 (full 2):
 par new generation   total 109248K, used 102202K [0x14800000, 0x1c800000, 0x1c800000)
  eden space 87424K, 100% used [0x14800000, 0x19d60000, 0x19d60000)
  from space 21824K,  67% used [0x19d60000, 0x1abce860, 0x1b2b0000)
  to   space 21824K,   0% used [0x1b2b0000, 0x1b2b0000, 0x1c800000)
 concurrent mark-sweep generation total 393216K, used 31865K [0x1c800000, 0x34800000, 0x34800000)
 Metaspace       used 29653K, capacity 30276K, committed 30464K, reserved 31104K
2017-11-21T20:30:51.349-0600: 6893.187: [GC (Allocation Failure) 2017-11-21T20:30:51.349-0600: 6893.187: [ParNew
Desired survivor size 20112996 bytes, new threshold 8 (max 8)
- age   1:    2437064 bytes,    2437064 total
- age   2:     136912 bytes,    2573976 total
- age   3:     985888 bytes,    3559864 total
- age   4:     962960 bytes,    4522824 total
- age   5:     919904 bytes,    5442728 total
- age   7:    1093536 bytes,    6536264 total
- age   8:    1872024 bytes,    8408288 total
: 102202K->11240K(109248K), 0.0125666 secs] 134068K->47646K(502464K), 0.0126537 secs] [Times: user=0.06 sys=0.00, real=0.01 secs] 
Heap after GC invocations=23 (full 2):
 par new generation   total 109248K, used 11240K [0x14800000, 0x1c800000, 0x1c800000)
  eden space 87424K,   0% used [0x14800000, 0x14800000, 0x19d60000)
  from space 21824K,  51% used [0x1b2b0000, 0x1bdaa000, 0x1c800000)
  to   space 21824K,   0% used [0x19d60000, 0x19d60000, 0x1b2b0000)
 concurrent mark-sweep generation total 393216K, used 36406K [0x1c800000, 0x34800000, 0x34800000)
 Metaspace       used 29653K, capacity 30276K, committed 30464K, reserved 31104K
}
2017-11-21T20:30:51.362-0600: 6893.200: Total time for which application threads were stopped: 0.0130142 seconds, Stopping threads took: 0.0000256 seconds
2017-11-21T20:30:51.362-0600: 6893.200: Total time for which application threads were stopped: 0.0000977 seconds, Stopping threads took: 0.0000243 seconds
2017-11-21T20:30:52.363-0600: 6894.200: Total time for which application threads were stopped: 0.0001306 seconds, Stopping threads took: 0.0000427 seconds
2017-11-21T20:30:54.530-0600: 6896.367: Total time for which application threads were stopped: 0.0001203 seconds, Stopping threads took: 0.0000269 seconds
2017-11-21T20:30:54.530-0600: 6896.367: Total time for which application threads were stopped: 0.0000713 seconds, Stopping threads took: 0.0000235 seconds
2017-11-21T20:30:54.530-0600: 6896.368: Total time for which application threads were stopped: 0.0000785 seconds, Stopping threads took: 0.0000196 seconds
2017-11-21T20:31:00.743-0600: 6902.580: Total time for which application threads were stopped: 0.0001156 seconds, Stopping threads took: 0.0000183 seconds
2017-11-21T20:31:01.117-0600: 6902.955: Total time for which application threads were stopped: 0.0001591 seconds, Stopping threads took: 0.0000235 seconds
2017-11-21T20:31:01.117-0600: 6902.955: Total time for which application threads were stopped: 0.0000725 seconds, Stopping threads took: 0.0000141 seconds
2017-11-21T20:31:01.117-0600: 6902.955: Total time for which application threads were stopped: 0.0000533 seconds, Stopping threads took: 0.0000094 seconds
2017-11-21T20:31:01.117-0600: 6902.955: Total time for which application threads were stopped: 0.0000516 seconds, Stopping threads took: 0.0000090 seconds
2017-11-21T20:31:01.118-0600: 6902.955: Total time for which application threads were stopped: 0.0000516 seconds, Stopping threads took: 0.0000090 seconds
2017-11-21T20:31:01.118-0600: 6902.955: Total time for which application threads were stopped: 0.0000730 seconds, Stopping threads took: 0.0000141 seconds
2017-11-21T20:31:01.118-0600: 6902.955: Total time for which application threads were stopped: 0.0000567 seconds, Stopping threads took: 0.0000107 seconds
2017-11-21T20:31:01.118-0600: 6902.955: Total time for which application threads were stopped: 0.0000751 seconds, Stopping threads took: 0.0000124 seconds
2017-11-21T20:31:01.118-0600: 6902.956: Total time for which application threads were stopped: 0.0000700 seconds, Stopping threads took: 0.0000119 seconds
2017-11-21T20:31:01.118-0600: 6902.956: Total time for which application threads were stopped: 0.0000555 seconds, Stopping threads took: 0.0000128 seconds
2017-11-21T20:31:01.118-0600: 6902.956: Total time for which application threads were stopped: 0.0000546 seconds, Stopping threads took: 0.0000107 seconds
2017-11-21T20:31:01.118-0600: 6902.956: Total time for which application threads were stopped: 0.0000725 seconds, Stopping threads took: 0.0000115 seconds
2017-11-21T20:31:01.118-0600: 6902.956: Total time for which application threads were stopped: 0.0001442 seconds, Stopping threads took: 0.0000102 seconds
2017-11-21T20:31:01.118-0600: 6902.956: Total time for which application threads were stopped: 0.0000713 seconds, Stopping threads took: 0.0000111 seconds
2017-11-21T20:31:01.119-0600: 6902.956: Total time for which application threads were stopped: 0.0000687 seconds, Stopping threads took: 0.0000094 seconds
2017-11-21T20:31:01.119-0600: 6902.956: Total time for which application threads were stopped: 0.0000550 seconds, Stopping threads took: 0.0000111 seconds
2017-11-21T20:31:01.119-0600: 6902.956: Total time for which application threads were stopped: 0.0001067 seconds, Stopping threads took: 0.0000192 seconds
2017-11-21T20:31:01.119-0600: 6902.957: Total time for which application threads were stopped: 0.0000559 seconds, Stopping threads took: 0.0000107 seconds
2017-11-21T20:31:01.119-0600: 6902.957: Total time for which application threads were stopped: 0.0001920 seconds, Stopping threads took: 0.0000119 seconds
2017-11-21T20:31:01.119-0600: 6902.957: Total time for which application threads were stopped: 0.0000777 seconds, Stopping threads took: 0.0000124 seconds
2017-11-21T20:31:01.121-0600: 6902.959: Total time for which application threads were stopped: 0.0001212 seconds, Stopping threads took: 0.0000265 seconds
2017-11-21T20:31:01.122-0600: 6902.960: Total time for which application threads were stopped: 0.0000896 seconds, Stopping threads took: 0.0000188 seconds
2017-11-21T20:31:01.147-0600: 6902.985: Total time for which application threads were stopped: 0.0001024 seconds, Stopping threads took: 0.0000230 seconds
2017-11-21T20:31:01.148-0600: 6902.986: Total time for which application threads were stopped: 0.0000691 seconds, Stopping threads took: 0.0000141 seconds
2017-11-21T20:31:01.176-0600: 6903.014: Total time for which application threads were stopped: 0.0000977 seconds, Stopping threads took: 0.0000265 seconds
2017-11-21T20:31:01.251-0600: 6903.088: Total time for which application threads were stopped: 0.0001920 seconds, Stopping threads took: 0.0000730 seconds
2017-11-21T20:31:01.251-0600: 6903.088: Total time for which application threads were stopped: 0.0000858 seconds, Stopping threads took: 0.0000256 seconds
2017-11-21T20:31:01.254-0600: 6903.091: Total time for which application threads were stopped: 0.0001097 seconds, Stopping threads took: 0.0000324 seconds
2017-11-21T20:31:01.256-0600: 6903.093: Total time for which application threads were stopped: 0.0001301 seconds, Stopping threads took: 0.0000435 seconds
2017-11-21T20:31:01.258-0600: 6903.095: Total time for which application threads were stopped: 0.0001451 seconds, Stopping threads took: 0.0000320 seconds
2017-11-21T20:31:01.260-0600: 6903.097: Total time for which application threads were stopped: 0.0001220 seconds, Stopping threads took: 0.0000346 seconds
2017-11-21T20:31:01.267-0600: 6903.104: Total time for which application threads were stopped: 0.0001045 seconds, Stopping threads took: 0.0000273 seconds
2017-11-21T20:31:01.267-0600: 6903.104: Total time for which application threads were stopped: 0.0000836 seconds, Stopping threads took: 0.0000196 seconds
2017-11-21T20:31:01.275-0600: 6903.112: Total time for which application threads were stopped: 0.0001079 seconds, Stopping threads took: 0.0000282 seconds
2017-11-21T20:31:01.275-0600: 6903.112: Total time for which application threads were stopped: 0.0001122 seconds, Stopping threads took: 0.0000384 seconds
2017-11-21T20:31:01.277-0600: 6903.114: Total time for which application threads were stopped: 0.0000977 seconds, Stopping threads took: 0.0000269 seconds
2017-11-21T20:31:01.277-0600: 6903.114: Total time for which application threads were stopped: 0.0000806 seconds, Stopping threads took: 0.0000179 seconds
2017-11-21T20:31:01.331-0600: 6903.168: Total time for which application threads were stopped: 0.0001143 seconds, Stopping threads took: 0.0000269 seconds
2017-11-21T20:31:01.340-0600: 6903.177: Total time for which application threads were stopped: 0.0001101 seconds, Stopping threads took: 0.0000333 seconds
2017-11-21T20:31:01.340-0600: 6903.178: Total time for which application threads were stopped: 0.0001105 seconds, Stopping threads took: 0.0000299 seconds
2017-11-21T20:31:01.346-0600: 6903.184: Total time for which application threads were stopped: 0.0001109 seconds, Stopping threads took: 0.0000265 seconds
2017-11-21T20:31:01.347-0600: 6903.184: Total time for which application threads were stopped: 0.0000879 seconds, Stopping threads took: 0.0000171 seconds
2017-11-21T20:31:01.398-0600: 6903.235: Total time for which application threads were stopped: 0.0001131 seconds, Stopping threads took: 0.0000290 seconds
2017-11-21T20:31:01.399-0600: 6903.236: Total time for which application threads were stopped: 0.0000845 seconds, Stopping threads took: 0.0000175 seconds
2017-11-21T20:31:01.412-0600: 6903.250: Total time for which application threads were stopped: 0.0001028 seconds, Stopping threads took: 0.0000260 seconds
2017-11-21T20:31:01.413-0600: 6903.250: Total time for which application threads were stopped: 0.0000887 seconds, Stopping threads took: 0.0000294 seconds
2017-11-21T20:31:01.417-0600: 6903.255: Total time for which application threads were stopped: 0.0001907 seconds, Stopping threads took: 0.0000303 seconds
2017-11-21T20:31:01.418-0600: 6903.255: Total time for which application threads were stopped: 0.0000858 seconds, Stopping threads took: 0.0000230 seconds
2017-11-21T20:31:01.442-0600: 6903.280: Total time for which application threads were stopped: 0.0001378 seconds, Stopping threads took: 0.0000333 seconds
2017-11-21T20:31:01.470-0600: 6903.308: Total time for which application threads were stopped: 0.0001382 seconds, Stopping threads took: 0.0000525 seconds
2017-11-21T20:31:01.473-0600: 6903.310: Total time for which application threads were stopped: 0.0001139 seconds, Stopping threads took: 0.0000282 seconds
2017-11-21T20:31:01.486-0600: 6903.323: Total time for which application threads were stopped: 0.0001015 seconds, Stopping threads took: 0.0000265 seconds
2017-11-21T20:31:01.486-0600: 6903.324: Total time for which application threads were stopped: 0.0000589 seconds, Stopping threads took: 0.0000107 seconds
2017-11-21T20:31:01.486-0600: 6903.324: Total time for which application threads were stopped: 0.0000939 seconds, Stopping threads took: 0.0000341 seconds
2017-11-21T20:31:01.487-0600: 6903.324: Total time for which application threads were stopped: 0.0001161 seconds, Stopping threads took: 0.0000171 seconds
2017-11-21T20:31:01.513-0600: 6903.351: Total time for which application threads were stopped: 0.0001664 seconds, Stopping threads took: 0.0000751 seconds
2017-11-21T20:31:01.581-0600: 6903.418: Total time for which application threads were stopped: 0.0001297 seconds, Stopping threads took: 0.0000422 seconds
2017-11-21T20:31:01.612-0600: 6903.449: Total time for which application threads were stopped: 0.0001007 seconds, Stopping threads took: 0.0000226 seconds
2017-11-21T20:31:01.723-0600: 6903.560: Total time for which application threads were stopped: 0.0002462 seconds, Stopping threads took: 0.0000277 seconds
2017-11-21T20:31:01.774-0600: 6903.612: Total time for which application threads were stopped: 0.0001109 seconds, Stopping threads took: 0.0000286 seconds
2017-11-21T20:31:01.774-0600: 6903.612: Total time for which application threads were stopped: 0.0000610 seconds, Stopping threads took: 0.0000141 seconds
{Heap before GC invocations=23 (full 2):
 par new generation   total 109248K, used 98664K [0x14800000, 0x1c800000, 0x1c800000)
  eden space 87424K, 100% used [0x14800000, 0x19d60000, 0x19d60000)
  from space 21824K,  51% used [0x1b2b0000, 0x1bdaa000, 0x1c800000)
  to   space 21824K,   0% used [0x19d60000, 0x19d60000, 0x1b2b0000)
 concurrent mark-sweep generation total 393216K, used 36406K [0x1c800000, 0x34800000, 0x34800000)
 Metaspace       used 31615K, capacity 32266K, committed 32384K, reserved 33152K
2017-11-21T20:31:01.879-0600: 6903.717: [GC (Allocation Failure) 2017-11-21T20:31:01.879-0600: 6903.717: [ParNew
Desired survivor size 20112996 bytes, new threshold 8 (max 8)
- age   1:    6033920 bytes,    6033920 total
- age   2:    1863512 bytes,    7897432 total
- age   3:     136744 bytes,    8034176 total
- age   4:     981200 bytes,    9015376 total
- age   5:     962904 bytes,    9978280 total
- age   6:     919768 bytes,   10898048 total
- age   8:    1093536 bytes,   11991584 total
: 98664K->14756K(109248K), 0.0132476 secs] 135070K->52992K(502464K), 0.0133504 secs] [Times: user=0.06 sys=0.00, real=0.01 secs] 
Heap after GC invocations=24 (full 2):
 par new generation   total 109248K, used 14756K [0x14800000, 0x1c800000, 0x1c800000)
  eden space 87424K,   0% used [0x14800000, 0x14800000, 0x19d60000)
  from space 21824K,  67% used [0x19d60000, 0x1abc9078, 0x1b2b0000)
  to   space 21824K,   0% used [0x1b2b0000, 0x1b2b0000, 0x1c800000)
 concurrent mark-sweep generation total 393216K, used 38236K [0x1c800000, 0x34800000, 0x34800000)
 Metaspace       used 31615K, capacity 32266K, committed 32384K, reserved 33152K
}
2017-11-21T20:31:01.892-0600: 6903.730: Total time for which application threads were stopped: 0.0136034 seconds, Stopping threads took: 0.0000341 seconds
2017-11-21T20:31:02.095-0600: 6903.933: Total time for which application threads were stopped: 0.0008627 seconds, Stopping threads took: 0.0000265 seconds
2017-11-21T20:31:02.973-0600: 6904.811: Total time for which application threads were stopped: 0.0001549 seconds, Stopping threads took: 0.0000256 seconds
2017-11-21T20:31:02.982-0600: 6904.820: Total time for which application threads were stopped: 0.0001101 seconds, Stopping threads took: 0.0000346 seconds
{Heap before GC invocations=24 (full 2):
 par new generation   total 109248K, used 102180K [0x14800000, 0x1c800000, 0x1c800000)
  eden space 87424K, 100% used [0x14800000, 0x19d60000, 0x19d60000)
  from space 21824K,  67% used [0x19d60000, 0x1abc9078, 0x1b2b0000)
  to   space 21824K,   0% used [0x1b2b0000, 0x1b2b0000, 0x1c800000)
 concurrent mark-sweep generation total 393216K, used 38236K [0x1c800000, 0x34800000, 0x34800000)
 Metaspace       used 32894K, capacity 33514K, committed 33664K, reserved 34176K
2017-11-21T20:31:03.207-0600: 6905.044: [GC (Allocation Failure) 2017-11-21T20:31:03.207-0600: 6905.044: [ParNew
Desired survivor size 20112996 bytes, new threshold 8 (max 8)
- age   1:    6111992 bytes,    6111992 total
- age   2:    2643784 bytes,    8755776 total
- age   3:    1693712 bytes,   10449488 total
- age   4:     136744 bytes,   10586232 total
- age   5:     980688 bytes,   11566920 total
- age   6:     962904 bytes,   12529824 total
- age   7:     919744 bytes,   13449568 total
: 102180K->19835K(109248K), 0.0142771 secs] 140416K->59140K(502464K), 0.0144171 secs] [Times: user=0.06 sys=0.00, real=0.01 secs] 
Heap after GC invocations=25 (full 2):
 par new generation   total 109248K, used 19835K [0x14800000, 0x1c800000, 0x1c800000)
  eden space 87424K,   0% used [0x14800000, 0x14800000, 0x19d60000)
  from space 21824K,  90% used [0x1b2b0000, 0x1c60efc0, 0x1c800000)
  to   space 21824K,   0% used [0x19d60000, 0x19d60000, 0x1b2b0000)
 concurrent mark-sweep generation total 393216K, used 39304K [0x1c800000, 0x34800000, 0x34800000)
 Metaspace       used 32894K, capacity 33514K, committed 33664K, reserved 34176K
}
2017-11-21T20:31:03.221-0600: 6905.059: Total time for which application threads were stopped: 0.0146970 seconds, Stopping threads took: 0.0000252 seconds
2017-11-21T20:31:03.222-0600: 6905.059: Total time for which application threads were stopped: 0.0001493 seconds, Stopping threads took: 0.0000290 seconds
{Heap before GC invocations=25 (full 2):
 par new generation   total 109248K, used 107259K [0x14800000, 0x1c800000, 0x1c800000)
  eden space 87424K, 100% used [0x14800000, 0x19d60000, 0x19d60000)
  from space 21824K,  90% used [0x1b2b0000, 0x1c60efc0, 0x1c800000)
  to   space 21824K,   0% used [0x19d60000, 0x19d60000, 0x1b2b0000)
 concurrent mark-sweep generation total 393216K, used 39304K [0x1c800000, 0x34800000, 0x34800000)
 Metaspace       used 32898K, capacity 33518K, committed 33664K, reserved 34176K
2017-11-21T20:31:03.641-0600: 6905.479: [GC (Allocation Failure) 2017-11-21T20:31:03.641-0600: 6905.479: [ParNew
Desired survivor size 20112996 bytes, new threshold 8 (max 8)
- age   1:     518720 bytes,     518720 total
- age   2:    3223808 bytes,    3742528 total
- age   3:    1895896 bytes,    5638424 total
- age   4:    1693616 bytes,    7332040 total
- age   5:     136744 bytes,    7468784 total
- age   6:     980688 bytes,    8449472 total
- age   7:     962904 bytes,    9412376 total
- age   8:     919744 bytes,   10332120 total
: 107259K->12964K(109248K), 0.0125918 secs] 146564K->52269K(502464K), 0.0126750 secs] [Times: user=0.06 sys=0.00, real=0.01 secs] 
Heap after GC invocations=26 (full 2):
 par new generation   total 109248K, used 12964K [0x14800000, 0x1c800000, 0x1c800000)
  eden space 87424K,   0% used [0x14800000, 0x14800000, 0x19d60000)
  from space 21824K,  59% used [0x19d60000, 0x1aa09290, 0x1b2b0000)
  to   space 21824K,   0% used [0x1b2b0000, 0x1b2b0000, 0x1c800000)
 concurrent mark-sweep generation total 393216K, used 39304K [0x1c800000, 0x34800000, 0x34800000)
 Metaspace       used 32898K, capacity 33518K, committed 33664K, reserved 34176K
}
2017-11-21T20:31:03.654-0600: 6905.491: Total time for which application threads were stopped: 0.0130039 seconds, Stopping threads took: 0.0000346 seconds
2017-11-21T20:31:03.779-0600: 6905.617: Total time for which application threads were stopped: 0.0001088 seconds, Stopping threads took: 0.0000282 seconds
2017-11-21T20:31:03.779-0600: 6905.617: Total time for which application threads were stopped: 0.0000614 seconds, Stopping threads took: 0.0000141 seconds
2017-11-21T20:31:03.779-0600: 6905.617: Total time for which application threads were stopped: 0.0000546 seconds, Stopping threads took: 0.0000115 seconds
2017-11-21T20:31:03.780-0600: 6905.617: Total time for which application threads were stopped: 0.0000781 seconds, Stopping threads took: 0.0000209 seconds
2017-11-21T20:31:03.780-0600: 6905.618: Total time for which application threads were stopped: 0.0001079 seconds, Stopping threads took: 0.0000589 seconds
2017-11-21T20:31:03.780-0600: 6905.618: Total time for which application threads were stopped: 0.0000798 seconds, Stopping threads took: 0.0000273 seconds
2017-11-21T20:31:03.790-0600: 6905.628: Total time for which application threads were stopped: 0.0001088 seconds, Stopping threads took: 0.0000260 seconds
2017-11-21T20:31:03.796-0600: 6905.634: Total time for which application threads were stopped: 0.0007953 seconds, Stopping threads took: 0.0007159 seconds
2017-11-21T20:31:03.797-0600: 6905.634: Total time for which application threads were stopped: 0.0000717 seconds, Stopping threads took: 0.0000166 seconds
2017-11-21T20:31:03.814-0600: 6905.652: Total time for which application threads were stopped: 0.0001382 seconds, Stopping threads took: 0.0000397 seconds
2017-11-21T20:31:04.246-0600: 6906.083: Total time for which application threads were stopped: 0.0001182 seconds, Stopping threads took: 0.0000222 seconds
2017-11-21T20:31:04.246-0600: 6906.083: Total time for which application threads were stopped: 0.0000725 seconds, Stopping threads took: 0.0000149 seconds
2017-11-21T20:31:04.248-0600: 6906.085: Total time for which application threads were stopped: 0.0001156 seconds, Stopping threads took: 0.0000235 seconds
2017-11-21T20:31:05.248-0600: 6907.085: Total time for which application threads were stopped: 0.0001058 seconds, Stopping threads took: 0.0000397 seconds
2017-11-21T20:31:07.762-0600: 6909.599: Total time for which application threads were stopped: 0.0002074 seconds, Stopping threads took: 0.0001037 seconds
2017-11-21T20:31:07.762-0600: 6909.599: Total time for which application threads were stopped: 0.0000619 seconds, Stopping threads took: 0.0000111 seconds
2017-11-21T20:31:07.762-0600: 6909.600: Total time for which application threads were stopped: 0.0001481 seconds, Stopping threads took: 0.0000260 seconds
2017-11-21T20:31:07.763-0600: 6909.600: Total time for which application threads were stopped: 0.0002423 seconds, Stopping threads took: 0.0000892 seconds
2017-11-21T20:31:07.766-0600: 6909.604: Total time for which application threads were stopped: 0.0001225 seconds, Stopping threads took: 0.0000303 seconds
2017-11-21T20:31:07.767-0600: 6909.604: Total time for which application threads were stopped: 0.0000913 seconds, Stopping threads took: 0.0000235 seconds
2017-11-21T20:31:07.767-0600: 6909.604: Total time for which application threads were stopped: 0.0001097 seconds, Stopping threads took: 0.0000239 seconds
2017-11-21T20:31:07.800-0600: 6909.638: Total time for which application threads were stopped: 0.0002935 seconds, Stopping threads took: 0.0000644 seconds
2017-11-21T20:31:07.801-0600: 6909.639: Total time for which application threads were stopped: 0.0002155 seconds, Stopping threads took: 0.0000273 seconds
2017-11-21T20:31:07.802-0600: 6909.639: Total time for which application threads were stopped: 0.0001020 seconds, Stopping threads took: 0.0000235 seconds
2017-11-21T20:31:07.802-0600: 6909.640: Total time for which application threads were stopped: 0.0001054 seconds, Stopping threads took: 0.0000188 seconds
2017-11-21T20:31:07.806-0600: 6909.643: Total time for which application threads were stopped: 0.0000798 seconds, Stopping threads took: 0.0000201 seconds
2017-11-21T20:31:07.806-0600: 6909.644: Total time for which application threads were stopped: 0.0000806 seconds, Stopping threads took: 0.0000303 seconds
{Heap before GC invocations=26 (full 2):
 par new generation   total 109248K, used 100079K [0x14800000, 0x1c800000, 0x1c800000)
  eden space 87424K,  99% used [0x14800000, 0x19d12a18, 0x19d60000)
  from space 21824K,  59% used [0x19d60000, 0x1aa09290, 0x1b2b0000)
  to   space 21824K,   0% used [0x1b2b0000, 0x1b2b0000, 0x1c800000)
 concurrent mark-sweep generation total 393216K, used 39304K [0x1c800000, 0x34800000, 0x34800000)
 Metaspace       used 32932K, capacity 33582K, committed 33792K, reserved 34176K
2017-11-21T20:31:07.811-0600: 6909.648: [GC (Allocation Failure) 2017-11-21T20:31:07.811-0600: 6909.649: [ParNew
Desired survivor size 20112996 bytes, new threshold 8 (max 8)
- age   1:    1671848 bytes,    1671848 total
- age   2:      10256 bytes,    1682104 total
- age   3:    2955104 bytes,    4637208 total
- age   4:    1884456 bytes,    6521664 total
- age   5:    1681960 bytes,    8203624 total
- age   6:     136464 bytes,    8340088 total
- age   7:     980688 bytes,    9320776 total
- age   8:     962904 bytes,   10283680 total
: 100079K->13767K(109248K), 0.0132126 secs] 139384K->53971K(502464K), 0.0133457 secs] [Times: user=0.06 sys=0.00, real=0.01 secs] 
Heap after GC invocations=27 (full 2):
 par new generation   total 109248K, used 13767K [0x14800000, 0x1c800000, 0x1c800000)
  eden space 87424K,   0% used [0x14800000, 0x14800000, 0x19d60000)
  from space 21824K,  63% used [0x1b2b0000, 0x1c021fe0, 0x1c800000)
  to   space 21824K,   0% used [0x19d60000, 0x19d60000, 0x1b2b0000)
 concurrent mark-sweep generation total 393216K, used 40203K [0x1c800000, 0x34800000, 0x34800000)
 Metaspace       used 32932K, capacity 33582K, committed 33792K, reserved 34176K
}
2017-11-21T20:31:07.824-0600: 6909.662: Total time for which application threads were stopped: 0.0135940 seconds, Stopping threads took: 0.0000401 seconds
2017-11-21T20:31:07.830-0600: 6909.667: Total time for which application threads were stopped: 0.0001024 seconds, Stopping threads took: 0.0000252 seconds
2017-11-21T20:31:07.830-0600: 6909.667: Total time for which application threads were stopped: 0.0000960 seconds, Stopping threads took: 0.0000282 seconds
2017-11-21T20:31:08.361-0600: 6910.198: Total time for which application threads were stopped: 0.0000858 seconds, Stopping threads took: 0.0000175 seconds
2017-11-21T20:31:08.365-0600: 6910.202: Total time for which application threads were stopped: 0.0001250 seconds, Stopping threads took: 0.0000405 seconds
2017-11-21T20:31:08.366-0600: 6910.203: Total time for which application threads were stopped: 0.0001135 seconds, Stopping threads took: 0.0000175 seconds
2017-11-21T20:31:08.366-0600: 6910.203: Total time for which application threads were stopped: 0.0000789 seconds, Stopping threads took: 0.0000179 seconds
2017-11-21T20:31:08.366-0600: 6910.203: Total time for which application threads were stopped: 0.0000619 seconds, Stopping threads took: 0.0000137 seconds
2017-11-21T20:31:08.366-0600: 6910.203: Total time for which application threads were stopped: 0.0000538 seconds, Stopping threads took: 0.0000107 seconds
2017-11-21T20:31:08.366-0600: 6910.203: Total time for which application threads were stopped: 0.0000529 seconds, Stopping threads took: 0.0000102 seconds
2017-11-21T20:31:08.366-0600: 6910.203: Total time for which application threads were stopped: 0.0001028 seconds, Stopping threads took: 0.0000576 seconds
2017-11-21T20:31:41.168-0600: 6943.006: Total time for which application threads were stopped: 0.0000858 seconds, Stopping threads took: 0.0000218 seconds
2017-11-21T20:31:41.329-0600: 6943.166: Total time for which application threads were stopped: 0.0002547 seconds, Stopping threads took: 0.0001681 seconds
2017-11-21T20:31:41.329-0600: 6943.167: Total time for which application threads were stopped: 0.0000755 seconds, Stopping threads took: 0.0000158 seconds
2017-11-21T20:31:41.329-0600: 6943.167: Total time for which application threads were stopped: 0.0000614 seconds, Stopping threads took: 0.0000124 seconds
2017-11-21T20:31:41.329-0600: 6943.167: Total time for which application threads were stopped: 0.0000516 seconds, Stopping threads took: 0.0000094 seconds
2017-11-21T20:31:41.329-0600: 6943.167: Total time for which application threads were stopped: 0.0000495 seconds, Stopping threads took: 0.0000081 seconds
2017-11-21T20:31:41.329-0600: 6943.167: Total time for which application threads were stopped: 0.0000508 seconds, Stopping threads took: 0.0000090 seconds
2017-11-21T20:31:41.329-0600: 6943.167: Total time for which application threads were stopped: 0.0000495 seconds, Stopping threads took: 0.0000090 seconds
2017-11-21T20:31:41.330-0600: 6943.167: Total time for which application threads were stopped: 0.0000640 seconds, Stopping threads took: 0.0000085 seconds
2017-11-21T20:31:41.330-0600: 6943.167: Total time for which application threads were stopped: 0.0000670 seconds, Stopping threads took: 0.0000222 seconds
2017-11-21T20:31:41.330-0600: 6943.167: Total time for which application threads were stopped: 0.0000926 seconds, Stopping threads took: 0.0000162 seconds
2017-11-21T20:31:41.330-0600: 6943.168: Total time for which application threads were stopped: 0.0000785 seconds, Stopping threads took: 0.0000107 seconds
2017-11-21T20:31:41.330-0600: 6943.168: Total time for which application threads were stopped: 0.0002692 seconds, Stopping threads took: 0.0000149 seconds
2017-11-21T20:31:41.330-0600: 6943.168: Total time for which application threads were stopped: 0.0000764 seconds, Stopping threads took: 0.0000128 seconds
2017-11-21T20:31:41.330-0600: 6943.168: Total time for which application threads were stopped: 0.0000674 seconds, Stopping threads took: 0.0000102 seconds
2017-11-21T20:31:41.331-0600: 6943.168: Total time for which application threads were stopped: 0.0000674 seconds, Stopping threads took: 0.0000145 seconds
2017-11-21T20:31:41.331-0600: 6943.168: Total time for which application threads were stopped: 0.0000704 seconds, Stopping threads took: 0.0000124 seconds
2017-11-21T20:31:41.331-0600: 6943.168: Total time for which application threads were stopped: 0.0000649 seconds, Stopping threads took: 0.0000098 seconds
2017-11-21T20:31:41.331-0600: 6943.169: Total time for which application threads were stopped: 0.0001481 seconds, Stopping threads took: 0.0000324 seconds
2017-11-21T20:31:41.331-0600: 6943.169: Total time for which application threads were stopped: 0.0000610 seconds, Stopping threads took: 0.0000132 seconds
2017-11-21T20:31:41.331-0600: 6943.169: Total time for which application threads were stopped: 0.0001485 seconds, Stopping threads took: 0.0000107 seconds
2017-11-21T20:31:41.332-0600: 6943.170: Total time for which application threads were stopped: 0.0001216 seconds, Stopping threads took: 0.0000371 seconds
2017-11-21T20:31:41.335-0600: 6943.173: Total time for which application threads were stopped: 0.0001092 seconds, Stopping threads took: 0.0000260 seconds
2017-11-21T20:31:41.335-0600: 6943.173: Total time for which application threads were stopped: 0.0000879 seconds, Stopping threads took: 0.0000329 seconds
2017-11-21T20:31:41.336-0600: 6943.173: Total time for which application threads were stopped: 0.0001280 seconds, Stopping threads took: 0.0000819 seconds
2017-11-21T20:31:41.336-0600: 6943.173: Total time for which application threads were stopped: 0.0000550 seconds, Stopping threads took: 0.0000149 seconds
2017-11-21T20:31:41.336-0600: 6943.173: Total time for which application threads were stopped: 0.0000670 seconds, Stopping threads took: 0.0000188 seconds
2017-11-21T20:31:41.336-0600: 6943.174: Total time for which application threads were stopped: 0.0000892 seconds, Stopping threads took: 0.0000171 seconds
2017-11-21T20:31:41.336-0600: 6943.174: Total time for which application threads were stopped: 0.0000913 seconds, Stopping threads took: 0.0000401 seconds
2017-11-21T20:31:41.336-0600: 6943.174: Total time for which application threads were stopped: 0.0000738 seconds, Stopping threads took: 0.0000209 seconds
2017-11-21T20:31:41.337-0600: 6943.174: Total time for which application threads were stopped: 0.0001698 seconds, Stopping threads took: 0.0001020 seconds
2017-11-21T20:31:41.372-0600: 6943.210: Total time for which application threads were stopped: 0.0001681 seconds, Stopping threads took: 0.0000499 seconds
2017-11-21T20:31:41.375-0600: 6943.213: Total time for which application threads were stopped: 0.0001463 seconds, Stopping threads took: 0.0000269 seconds
2017-11-21T20:31:41.375-0600: 6943.213: Total time for which application threads were stopped: 0.0000649 seconds, Stopping threads took: 0.0000141 seconds
2017-11-21T20:31:41.379-0600: 6943.217: Total time for which application threads were stopped: 0.0001643 seconds, Stopping threads took: 0.0000789 seconds
2017-11-21T20:31:41.380-0600: 6943.217: Total time for which application threads were stopped: 0.0000785 seconds, Stopping threads took: 0.0000179 seconds
2017-11-21T20:31:41.380-0600: 6943.218: Total time for which application threads were stopped: 0.0001476 seconds, Stopping threads took: 0.0000789 seconds
2017-11-21T20:31:42.251-0600: 6944.088: Total time for which application threads were stopped: 0.0001698 seconds, Stopping threads took: 0.0000469 seconds
{Heap before GC invocations=27 (full 2):
 par new generation   total 109248K, used 101047K [0x14800000, 0x1c800000, 0x1c800000)
  eden space 87424K,  99% used [0x14800000, 0x19d3bfe8, 0x19d60000)
  from space 21824K,  63% used [0x1b2b0000, 0x1c021fe0, 0x1c800000)
  to   space 21824K,   0% used [0x19d60000, 0x19d60000, 0x1b2b0000)
 concurrent mark-sweep generation total 393216K, used 40203K [0x1c800000, 0x34800000, 0x34800000)
 Metaspace       used 33228K, capacity 33875K, committed 34048K, reserved 34176K
2017-11-21T20:31:42.273-0600: 6944.110: [GC (Allocation Failure) 2017-11-21T20:31:42.273-0600: 6944.110: [ParNew
Desired survivor size 20112996 bytes, new threshold 8 (max 8)
- age   1:    6740088 bytes,    6740088 total
- age   2:     169096 bytes,    6909184 total
- age   3:      10256 bytes,    6919440 total
- age   4:    2954408 bytes,    9873848 total
- age   5:    1868208 bytes,   11742056 total
- age   6:    1681008 bytes,   13423064 total
- age   7:     136464 bytes,   13559528 total
- age   8:     980384 bytes,   14539912 total
: 101047K->16731K(109248K), 0.0144098 secs] 141251K->57875K(502464K), 0.0144802 secs] [Times: user=0.00 sys=0.00, real=0.01 secs] 
Heap after GC invocations=28 (full 2):
 par new generation   total 109248K, used 16731K [0x14800000, 0x1c800000, 0x1c800000)
  eden space 87424K,   0% used [0x14800000, 0x14800000, 0x19d60000)
  from space 21824K,  76% used [0x19d60000, 0x1adb6db8, 0x1b2b0000)
  to   space 21824K,   0% used [0x1b2b0000, 0x1b2b0000, 0x1c800000)
 concurrent mark-sweep generation total 393216K, used 41143K [0x1c800000, 0x34800000, 0x34800000)
 Metaspace       used 33228K, capacity 33875K, committed 34048K, reserved 34176K
}
2017-11-21T20:31:42.287-0600: 6944.125: Total time for which application threads were stopped: 0.0147729 seconds, Stopping threads took: 0.0000294 seconds
2017-11-21T20:31:42.288-0600: 6944.125: Total time for which application threads were stopped: 0.0002402 seconds, Stopping threads took: 0.0001331 seconds
2017-11-21T20:31:42.288-0600: 6944.125: Total time for which application threads were stopped: 0.0002325 seconds, Stopping threads took: 0.0001148 seconds
2017-11-21T20:31:42.288-0600: 6944.125: Total time for which application threads were stopped: 0.0000896 seconds, Stopping threads took: 0.0000205 seconds
2017-11-21T20:31:42.305-0600: 6944.142: Total time for which application threads were stopped: 0.0001540 seconds, Stopping threads took: 0.0000713 seconds
2017-11-21T20:31:42.305-0600: 6944.142: Total time for which application threads were stopped: 0.0001118 seconds, Stopping threads took: 0.0000491 seconds
2017-11-21T20:31:42.762-0600: 6944.600: Total time for which application threads were stopped: 0.0001446 seconds, Stopping threads took: 0.0000478 seconds
2017-11-21T20:31:43.763-0600: 6945.600: Total time for which application threads were stopped: 0.0000896 seconds, Stopping threads took: 0.0000269 seconds
2017-11-21T20:31:46.244-0600: 6948.082: Total time for which application threads were stopped: 0.0001301 seconds, Stopping threads took: 0.0000354 seconds
2017-11-21T20:31:46.244-0600: 6948.082: Total time for which application threads were stopped: 0.0000862 seconds, Stopping threads took: 0.0000205 seconds
2017-11-21T20:31:46.245-0600: 6948.083: Total time for which application threads were stopped: 0.0001054 seconds, Stopping threads took: 0.0000226 seconds
2017-11-21T20:31:46.245-0600: 6948.083: Total time for which application threads were stopped: 0.0001011 seconds, Stopping threads took: 0.0000307 seconds
2017-11-21T20:31:46.249-0600: 6948.087: Total time for which application threads were stopped: 0.0001092 seconds, Stopping threads took: 0.0000333 seconds
2017-11-21T20:31:46.249-0600: 6948.087: Total time for which application threads were stopped: 0.0000870 seconds, Stopping threads took: 0.0000222 seconds
2017-11-21T20:31:46.277-0600: 6948.115: Total time for which application threads were stopped: 0.0001481 seconds, Stopping threads took: 0.0000337 seconds
2017-11-21T20:31:46.278-0600: 6948.115: Total time for which application threads were stopped: 0.0001058 seconds, Stopping threads took: 0.0000290 seconds
2017-11-21T20:31:46.278-0600: 6948.116: Total time for which application threads were stopped: 0.0000772 seconds, Stopping threads took: 0.0000137 seconds
2017-11-21T20:31:46.293-0600: 6948.131: Total time for which application threads were stopped: 0.0000883 seconds, Stopping threads took: 0.0000209 seconds
2017-11-21T20:31:46.872-0600: 6948.709: Total time for which application threads were stopped: 0.0001271 seconds, Stopping threads took: 0.0000273 seconds
2017-11-21T20:31:46.874-0600: 6948.711: Total time for which application threads were stopped: 0.0000934 seconds, Stopping threads took: 0.0000209 seconds
2017-11-21T20:31:46.874-0600: 6948.711: Total time for which application threads were stopped: 0.0000883 seconds, Stopping threads took: 0.0000265 seconds
2017-11-21T20:31:46.874-0600: 6948.712: Total time for which application threads were stopped: 0.0001229 seconds, Stopping threads took: 0.0000384 seconds
2017-11-21T20:31:46.874-0600: 6948.712: Total time for which application threads were stopped: 0.0000631 seconds, Stopping threads took: 0.0000137 seconds
2017-11-21T20:31:46.875-0600: 6948.712: Total time for which application threads were stopped: 0.0000922 seconds, Stopping threads took: 0.0000124 seconds
2017-11-21T20:31:46.875-0600: 6948.712: Total time for which application threads were stopped: 0.0000828 seconds, Stopping threads took: 0.0000205 seconds
2017-11-21T20:31:46.875-0600: 6948.712: Total time for which application threads were stopped: 0.0000593 seconds, Stopping threads took: 0.0000209 seconds
2017-11-21T20:31:46.875-0600: 6948.712: Total time for which application threads were stopped: 0.0000781 seconds, Stopping threads took: 0.0000201 seconds
2017-11-21T20:31:46.875-0600: 6948.712: Total time for which application threads were stopped: 0.0001024 seconds, Stopping threads took: 0.0000213 seconds
2017-11-21T20:31:46.875-0600: 6948.713: Total time for which application threads were stopped: 0.0001220 seconds, Stopping threads took: 0.0000435 seconds
2017-11-21T20:31:46.875-0600: 6948.713: Total time for which application threads were stopped: 0.0000883 seconds, Stopping threads took: 0.0000115 seconds
2017-11-21T20:31:47.876-0600: 6949.713: Total time for which application threads were stopped: 0.0000879 seconds, Stopping threads took: 0.0000397 seconds
2017-11-21T20:31:55.483-0600: 6957.320: Total time for which application threads were stopped: 0.0000747 seconds, Stopping threads took: 0.0000183 seconds
2017-11-21T20:31:59.170-0600: 6961.007: Total time for which application threads were stopped: 0.0001690 seconds, Stopping threads took: 0.0000717 seconds
2017-11-21T20:31:59.170-0600: 6961.007: Total time for which application threads were stopped: 0.0000653 seconds, Stopping threads took: 0.0000175 seconds
2017-11-21T20:31:59.170-0600: 6961.007: Total time for which application threads were stopped: 0.0000930 seconds, Stopping threads took: 0.0000230 seconds
2017-11-21T20:31:59.170-0600: 6961.007: Total time for which application threads were stopped: 0.0000785 seconds, Stopping threads took: 0.0000166 seconds
2017-11-21T20:31:59.171-0600: 6961.008: Total time for which application threads were stopped: 0.0000969 seconds, Stopping threads took: 0.0000213 seconds
2017-11-21T20:31:59.171-0600: 6961.008: Total time for which application threads were stopped: 0.0000619 seconds, Stopping threads took: 0.0000115 seconds
2017-11-21T20:31:59.171-0600: 6961.008: Total time for which application threads were stopped: 0.0000508 seconds, Stopping threads took: 0.0000119 seconds
2017-11-21T20:31:59.171-0600: 6961.008: Total time for which application threads were stopped: 0.0001079 seconds, Stopping threads took: 0.0000154 seconds
2017-11-21T20:33:33.620-0600: 7055.457: Total time for which application threads were stopped: 0.0001481 seconds, Stopping threads took: 0.0000405 seconds
2017-11-21T20:33:33.620-0600: 7055.458: Total time for which application threads were stopped: 0.0001417 seconds, Stopping threads took: 0.0000585 seconds
2017-11-21T20:33:33.620-0600: 7055.458: Total time for which application threads were stopped: 0.0000734 seconds, Stopping threads took: 0.0000226 seconds
2017-11-21T20:33:33.621-0600: 7055.458: Total time for which application threads were stopped: 0.0000815 seconds, Stopping threads took: 0.0000269 seconds
2017-11-21T20:33:33.621-0600: 7055.458: Total time for which application threads were stopped: 0.0001003 seconds, Stopping threads took: 0.0000363 seconds
2017-11-21T20:33:33.621-0600: 7055.458: Total time for which application threads were stopped: 0.0000747 seconds, Stopping threads took: 0.0000201 seconds
2017-11-21T20:33:33.621-0600: 7055.458: Total time for which application threads were stopped: 0.0000713 seconds, Stopping threads took: 0.0000196 seconds
2017-11-21T20:33:33.621-0600: 7055.458: Total time for which application threads were stopped: 0.0000751 seconds, Stopping threads took: 0.0000175 seconds
2017-11-21T20:33:33.621-0600: 7055.459: Total time for which application threads were stopped: 0.0000708 seconds, Stopping threads took: 0.0000196 seconds
2017-11-21T20:33:33.621-0600: 7055.459: Total time for which application threads were stopped: 0.0000661 seconds, Stopping threads took: 0.0000192 seconds
2017-11-21T20:33:33.622-0600: 7055.459: Total time for which application threads were stopped: 0.0000713 seconds, Stopping threads took: 0.0000175 seconds
2017-11-21T20:33:33.622-0600: 7055.459: Total time for which application threads were stopped: 0.0000674 seconds, Stopping threads took: 0.0000171 seconds
2017-11-21T20:33:33.622-0600: 7055.459: Total time for which application threads were stopped: 0.0000751 seconds, Stopping threads took: 0.0000260 seconds
2017-11-21T20:33:33.622-0600: 7055.459: Total time for which application threads were stopped: 0.0000768 seconds, Stopping threads took: 0.0000205 seconds
2017-11-21T20:33:33.622-0600: 7055.459: Total time for which application threads were stopped: 0.0000956 seconds, Stopping threads took: 0.0000303 seconds
2017-11-21T20:33:33.622-0600: 7055.459: Total time for which application threads were stopped: 0.0000973 seconds, Stopping threads took: 0.0000439 seconds
2017-11-21T20:33:33.622-0600: 7055.459: Total time for which application threads were stopped: 0.0000691 seconds, Stopping threads took: 0.0000205 seconds
2017-11-21T20:33:33.622-0600: 7055.460: Total time for which application threads were stopped: 0.0000734 seconds, Stopping threads took: 0.0000239 seconds
2017-11-21T20:33:33.622-0600: 7055.460: Total time for which application threads were stopped: 0.0000687 seconds, Stopping threads took: 0.0000209 seconds
2017-11-21T20:33:33.623-0600: 7055.460: Total time for which application threads were stopped: 0.0002193 seconds, Stopping threads took: 0.0000179 seconds
{Heap before GC invocations=28 (full 2):
 par new generation   total 109248K, used 104155K [0x14800000, 0x1c800000, 0x1c800000)
  eden space 87424K, 100% used [0x14800000, 0x19d60000, 0x19d60000)
  from space 21824K,  76% used [0x19d60000, 0x1adb6db8, 0x1b2b0000)
  to   space 21824K,   0% used [0x1b2b0000, 0x1b2b0000, 0x1c800000)
 concurrent mark-sweep generation total 393216K, used 41143K [0x1c800000, 0x34800000, 0x34800000)
 Metaspace       used 33282K, capacity 33939K, committed 34048K, reserved 34176K
2017-11-21T20:33:33.740-0600: 7055.577: [GC (Allocation Failure) 2017-11-21T20:33:33.740-0600: 7055.577: [ParNew
Desired survivor size 20112996 bytes, new threshold 8 (max 8)
- age   1:    3197480 bytes,    3197480 total
- age   2:    2026304 bytes,    5223784 total
- age   3:     160608 bytes,    5384392 total
- age   4:      10256 bytes,    5394648 total
- age   5:    2954376 bytes,    8349024 total
- age   6:    1867960 bytes,   10216984 total
- age   7:    1680680 bytes,   11897664 total
- age   8:     136464 bytes,   12034128 total
: 104155K->17609K(109248K), 0.0157069 secs] 145299K->59712K(502464K), 0.0158135 secs] [Times: user=0.06 sys=0.00, real=0.02 secs] 
Heap after GC invocations=29 (full 2):
 par new generation   total 109248K, used 17609K [0x14800000, 0x1c800000, 0x1c800000)
  eden space 87424K,   0% used [0x14800000, 0x14800000, 0x19d60000)
  from space 21824K,  80% used [0x1b2b0000, 0x1c3e26b0, 0x1c800000)
  to   space 21824K,   0% used [0x19d60000, 0x19d60000, 0x1b2b0000)
 concurrent mark-sweep generation total 393216K, used 42102K [0x1c800000, 0x34800000, 0x34800000)
 Metaspace       used 33282K, capacity 33939K, committed 34048K, reserved 34176K
}
2017-11-21T20:33:33.756-0600: 7055.593: Total time for which application threads were stopped: 0.0161271 seconds, Stopping threads took: 0.0000819 seconds
2017-11-21T20:33:33.756-0600: 7055.593: Total time for which application threads were stopped: 0.0001562 seconds, Stopping threads took: 0.0000341 seconds
2017-11-21T20:33:33.898-0600: 7055.735: Total time for which application threads were stopped: 0.0001229 seconds, Stopping threads took: 0.0000393 seconds
2017-11-21T20:33:33.964-0600: 7055.802: Total time for which application threads were stopped: 0.0001451 seconds, Stopping threads took: 0.0000431 seconds
2017-11-21T20:33:33.964-0600: 7055.802: Total time for which application threads were stopped: 0.0000585 seconds, Stopping threads took: 0.0000098 seconds
2017-11-21T20:33:34.476-0600: 7056.313: Total time for which application threads were stopped: 0.0001156 seconds, Stopping threads took: 0.0000273 seconds
2017-11-21T20:33:35.477-0600: 7057.314: Total time for which application threads were stopped: 0.0000934 seconds, Stopping threads took: 0.0000273 seconds
2017-11-21T20:33:37.692-0600: 7059.529: Total time for which application threads were stopped: 0.0000853 seconds, Stopping threads took: 0.0000196 seconds
2017-11-21T20:33:37.696-0600: 7059.533: Total time for which application threads were stopped: 0.0000768 seconds, Stopping threads took: 0.0000188 seconds
2017-11-21T20:33:37.696-0600: 7059.533: Total time for which application threads were stopped: 0.0001033 seconds, Stopping threads took: 0.0000307 seconds
2017-11-21T20:33:37.722-0600: 7059.559: Total time for which application threads were stopped: 0.0001114 seconds, Stopping threads took: 0.0000290 seconds
2017-11-21T20:33:37.722-0600: 7059.559: Total time for which application threads were stopped: 0.0000811 seconds, Stopping threads took: 0.0000158 seconds
2017-11-21T20:33:37.722-0600: 7059.559: Total time for which application threads were stopped: 0.0000508 seconds, Stopping threads took: 0.0000085 seconds
{Heap before GC invocations=29 (full 2):
 par new generation   total 109248K, used 104855K [0x14800000, 0x1c800000, 0x1c800000)
  eden space 87424K,  99% used [0x14800000, 0x19d33908, 0x19d60000)
  from space 21824K,  80% used [0x1b2b0000, 0x1c3e26b0, 0x1c800000)
  to   space 21824K,   0% used [0x19d60000, 0x19d60000, 0x1b2b0000)
 concurrent mark-sweep generation total 393216K, used 42102K [0x1c800000, 0x34800000, 0x34800000)
 Metaspace       used 33318K, capacity 33971K, committed 34176K, reserved 34176K
2017-11-21T20:33:37.733-0600: 7059.570: [GC (Allocation Failure) 2017-11-21T20:33:37.733-0600: 7059.570: [ParNew
Desired survivor size 20112996 bytes, new threshold 8 (max 8)
- age   1:    2430184 bytes,    2430184 total
- age   2:    1399328 bytes,    3829512 total
- age   3:    2025520 bytes,    5855032 total
- age   4:     160608 bytes,    6015640 total
- age   5:      10256 bytes,    6025896 total
- age   6:    2953680 bytes,    8979576 total
- age   7:    1867960 bytes,   10847536 total
- age   8:    1680680 bytes,   12528216 total
: 104855K->16519K(109248K), 0.0112529 secs] 146958K->58756K(502464K), 0.0113557 secs] [Times: user=0.06 sys=0.00, real=0.01 secs] 
Heap after GC invocations=30 (full 2):
 par new generation   total 109248K, used 16519K [0x14800000, 0x1c800000, 0x1c800000)
  eden space 87424K,   0% used [0x14800000, 0x14800000, 0x19d60000)
  from space 21824K,  75% used [0x19d60000, 0x1ad81db8, 0x1b2b0000)
  to   space 21824K,   0% used [0x1b2b0000, 0x1b2b0000, 0x1c800000)
 concurrent mark-sweep generation total 393216K, used 42236K [0x1c800000, 0x34800000, 0x34800000)
 Metaspace       used 33318K, capacity 33971K, committed 34176K, reserved 34176K
}
2017-11-21T20:33:37.745-0600: 7059.582: Total time for which application threads were stopped: 0.0115831 seconds, Stopping threads took: 0.0000260 seconds
2017-11-21T20:33:37.750-0600: 7059.587: Total time for which application threads were stopped: 0.0001335 seconds, Stopping threads took: 0.0000478 seconds
2017-11-21T20:33:38.316-0600: 7060.153: Total time for which application threads were stopped: 0.0003277 seconds, Stopping threads took: 0.0002330 seconds
2017-11-21T20:33:38.322-0600: 7060.159: Total time for which application threads were stopped: 0.0001143 seconds, Stopping threads took: 0.0000230 seconds
2017-11-21T20:33:38.322-0600: 7060.159: Total time for which application threads were stopped: 0.0000691 seconds, Stopping threads took: 0.0000124 seconds
2017-11-21T20:33:38.322-0600: 7060.160: Total time for which application threads were stopped: 0.0000644 seconds, Stopping threads took: 0.0000119 seconds
2017-11-21T20:33:38.322-0600: 7060.160: Total time for which application threads were stopped: 0.0000546 seconds, Stopping threads took: 0.0000098 seconds
2017-11-21T20:33:38.322-0600: 7060.160: Total time for which application threads were stopped: 0.0001045 seconds, Stopping threads took: 0.0000218 seconds
2017-11-21T20:33:38.322-0600: 7060.160: Total time for which application threads were stopped: 0.0000653 seconds, Stopping threads took: 0.0000119 seconds
2017-11-21T20:33:38.322-0600: 7060.160: Total time for which application threads were stopped: 0.0000555 seconds, Stopping threads took: 0.0000107 seconds
2017-11-21T20:33:38.322-0600: 7060.160: Total time for which application threads were stopped: 0.0000939 seconds, Stopping threads took: 0.0000102 seconds
2017-11-21T20:33:38.323-0600: 7060.160: Total time for which application threads were stopped: 0.0000951 seconds, Stopping threads took: 0.0000329 seconds
2017-11-21T20:33:41.573-0600: 7063.410: Total time for which application threads were stopped: 0.0002125 seconds, Stopping threads took: 0.0000542 seconds
2017-11-21T20:33:41.573-0600: 7063.410: Total time for which application threads were stopped: 0.0000853 seconds, Stopping threads took: 0.0000175 seconds
2017-11-21T20:33:42.574-0600: 7064.411: Total time for which application threads were stopped: 0.0000687 seconds, Stopping threads took: 0.0000222 seconds
2017-11-21T20:33:45.241-0600: 7067.078: Total time for which application threads were stopped: 0.0000909 seconds, Stopping threads took: 0.0000294 seconds
2017-11-21T20:33:45.241-0600: 7067.079: Total time for which application threads were stopped: 0.0001118 seconds, Stopping threads took: 0.0000277 seconds
2017-11-21T20:33:45.242-0600: 7067.079: Total time for which application threads were stopped: 0.0000619 seconds, Stopping threads took: 0.0000132 seconds
2017-11-21T20:33:45.242-0600: 7067.079: Total time for which application threads were stopped: 0.0000806 seconds, Stopping threads took: 0.0000218 seconds
2017-11-21T20:33:45.242-0600: 7067.079: Total time for which application threads were stopped: 0.0001617 seconds, Stopping threads took: 0.0000171 seconds
2017-11-21T20:33:45.243-0600: 7067.080: Total time for which application threads were stopped: 0.0000789 seconds, Stopping threads took: 0.0000201 seconds
2017-11-21T20:33:45.243-0600: 7067.080: Total time for which application threads were stopped: 0.0000879 seconds, Stopping threads took: 0.0000303 seconds
2017-11-21T20:34:52.287-0600: 7134.124: Total time for which application threads were stopped: 0.0000994 seconds, Stopping threads took: 0.0000384 seconds
2017-11-21T20:38:16.422-0600: 7338.259: Total time for which application threads were stopped: 0.0001604 seconds, Stopping threads took: 0.0000303 seconds
2017-11-21T20:38:41.649-0600: 7363.487: Total time for which application threads were stopped: 0.0001250 seconds, Stopping threads took: 0.0000393 seconds
2017-11-21T20:38:41.649-0600: 7363.487: Total time for which application threads were stopped: 0.0000785 seconds, Stopping threads took: 0.0000209 seconds
2017-11-21T20:38:41.649-0600: 7363.487: Total time for which application threads were stopped: 0.0000572 seconds, Stopping threads took: 0.0000141 seconds
2017-11-21T20:38:41.650-0600: 7363.487: Total time for which application threads were stopped: 0.0000751 seconds, Stopping threads took: 0.0000149 seconds
2017-11-21T20:38:41.650-0600: 7363.487: Total time for which application threads were stopped: 0.0000563 seconds, Stopping threads took: 0.0000149 seconds
2017-11-21T20:38:41.650-0600: 7363.487: Total time for which application threads were stopped: 0.0000917 seconds, Stopping threads took: 0.0000337 seconds
2017-11-21T20:38:41.650-0600: 7363.487: Total time for which application threads were stopped: 0.0000700 seconds, Stopping threads took: 0.0000201 seconds
2017-11-21T20:38:41.650-0600: 7363.487: Total time for which application threads were stopped: 0.0000627 seconds, Stopping threads took: 0.0000171 seconds
2017-11-21T20:38:41.650-0600: 7363.488: Total time for which application threads were stopped: 0.0001024 seconds, Stopping threads took: 0.0000559 seconds
2017-11-21T20:38:41.650-0600: 7363.488: Total time for which application threads were stopped: 0.0000461 seconds, Stopping threads took: 0.0000124 seconds
2017-11-21T20:38:41.651-0600: 7363.488: Total time for which application threads were stopped: 0.0000525 seconds, Stopping threads took: 0.0000149 seconds
2017-11-21T20:38:41.651-0600: 7363.488: Total time for which application threads were stopped: 0.0000691 seconds, Stopping threads took: 0.0000354 seconds
2017-11-21T20:38:41.651-0600: 7363.488: Total time for which application threads were stopped: 0.0000862 seconds, Stopping threads took: 0.0000299 seconds
2017-11-21T20:38:41.651-0600: 7363.488: Total time for which application threads were stopped: 0.0000439 seconds, Stopping threads took: 0.0000111 seconds
2017-11-21T20:38:41.651-0600: 7363.488: Total time for which application threads were stopped: 0.0000503 seconds, Stopping threads took: 0.0000183 seconds
2017-11-21T20:38:41.651-0600: 7363.489: Total time for which application threads were stopped: 0.0000563 seconds, Stopping threads took: 0.0000115 seconds
2017-11-21T20:38:41.651-0600: 7363.489: Total time for which application threads were stopped: 0.0000627 seconds, Stopping threads took: 0.0000183 seconds
2017-11-21T20:38:41.651-0600: 7363.489: Total time for which application threads were stopped: 0.0000610 seconds, Stopping threads took: 0.0000171 seconds
2017-11-21T20:38:41.651-0600: 7363.489: Total time for which application threads were stopped: 0.0000525 seconds, Stopping threads took: 0.0000115 seconds
2017-11-21T20:38:41.651-0600: 7363.489: Total time for which application threads were stopped: 0.0001728 seconds, Stopping threads took: 0.0000269 seconds
{Heap before GC invocations=30 (full 2):
 par new generation   total 109248K, used 103943K [0x14800000, 0x1c800000, 0x1c800000)
  eden space 87424K, 100% used [0x14800000, 0x19d60000, 0x19d60000)
  from space 21824K,  75% used [0x19d60000, 0x1ad81db8, 0x1b2b0000)
  to   space 21824K,   0% used [0x1b2b0000, 0x1b2b0000, 0x1c800000)
 concurrent mark-sweep generation total 393216K, used 42236K [0x1c800000, 0x34800000, 0x34800000)
 Metaspace       used 33361K, capacity 34035K, committed 34176K, reserved 34176K
2017-11-21T20:38:42.065-0600: 7363.903: [GC (Allocation Failure) 2017-11-21T20:38:42.065-0600: 7363.903: [ParNew
Desired survivor size 20112996 bytes, new threshold 8 (max 8)
- age   1:   12423488 bytes,   12423488 total
- age   2:     232856 bytes,   12656344 total
- age   3:     197456 bytes,   12853800 total
- age   4:    2024560 bytes,   14878360 total
- age   5:     225824 bytes,   15104184 total
- age   6:      10256 bytes,   15114440 total
- age   7:    2953648 bytes,   18068088 total
- age   8:    1867720 bytes,   19935808 total
: 103943K->21824K(109248K), 0.0185523 secs] 146180K->65886K(502464K), 0.0186547 secs] [Times: user=0.09 sys=0.00, real=0.02 secs] 
Heap after GC invocations=31 (full 2):
 par new generation   total 109248K, used 21824K [0x14800000, 0x1c800000, 0x1c800000)
  eden space 87424K,   0% used [0x14800000, 0x14800000, 0x19d60000)
  from space 21824K, 100% used [0x1b2b0000, 0x1c800000, 0x1c800000)
  to   space 21824K,   0% used [0x19d60000, 0x19d60000, 0x1b2b0000)
 concurrent mark-sweep generation total 393216K, used 44062K [0x1c800000, 0x34800000, 0x34800000)
 Metaspace       used 33361K, capacity 34035K, committed 34176K, reserved 34176K
}
2017-11-21T20:38:42.084-0600: 7363.921: Total time for which application threads were stopped: 0.0189299 seconds, Stopping threads took: 0.0000337 seconds
2017-11-21T20:38:42.084-0600: 7363.922: Total time for which application threads were stopped: 0.0001139 seconds, Stopping threads took: 0.0000256 seconds
{Heap before GC invocations=31 (full 2):
 par new generation   total 109248K, used 109248K [0x14800000, 0x1c800000, 0x1c800000)
  eden space 87424K, 100% used [0x14800000, 0x19d60000, 0x19d60000)
  from space 21824K, 100% used [0x1b2b0000, 0x1c800000, 0x1c800000)
  to   space 21824K,   0% used [0x19d60000, 0x19d60000, 0x1b2b0000)
 concurrent mark-sweep generation total 393216K, used 44062K [0x1c800000, 0x34800000, 0x34800000)
 Metaspace       used 33371K, capacity 34035K, committed 34176K, reserved 34176K
2017-11-21T20:38:42.398-0600: 7364.236: [GC (Allocation Failure) 2017-11-21T20:38:42.398-0600: 7364.236: [ParNew
Desired survivor size 20112996 bytes, new threshold 8 (max 8)
- age   1:    1402376 bytes,    1402376 total
- age   2:   11733272 bytes,   13135648 total
- age   3:     232104 bytes,   13367752 total
- age   4:     197456 bytes,   13565208 total
- age   5:    2024560 bytes,   15589768 total
- age   6:     160272 bytes,   15750040 total
- age   7:      10192 bytes,   15760232 total
- age   8:    2952944 bytes,   18713176 total
: 109248K->21824K(109248K), 0.0144119 secs] 153310K->67892K(502464K), 0.0145105 secs] [Times: user=0.05 sys=0.00, real=0.02 secs] 
Heap after GC invocations=32 (full 2):
 par new generation   total 109248K, used 21824K [0x14800000, 0x1c800000, 0x1c800000)
  eden space 87424K,   0% used [0x14800000, 0x14800000, 0x19d60000)
  from space 21824K, 100% used [0x19d60000, 0x1b2b0000, 0x1b2b0000)
  to   space 21824K,   0% used [0x1b2b0000, 0x1b2b0000, 0x1c800000)
 concurrent mark-sweep generation total 393216K, used 46068K [0x1c800000, 0x34800000, 0x34800000)
 Metaspace       used 33371K, capacity 34035K, committed 34176K, reserved 34176K
}
2017-11-21T20:38:42.413-0600: 7364.251: Total time for which application threads were stopped: 0.0147759 seconds, Stopping threads took: 0.0000358 seconds
2017-11-21T20:38:42.599-0600: 7364.437: Total time for which application threads were stopped: 0.0001097 seconds, Stopping threads took: 0.0000341 seconds
{Heap before GC invocations=32 (full 2):
 par new generation   total 109248K, used 108794K [0x14800000, 0x1c800000, 0x1c800000)
  eden space 87424K,  99% used [0x14800000, 0x19ceeb50, 0x19d60000)
  from space 21824K, 100% used [0x19d60000, 0x1b2b0000, 0x1b2b0000)
  to   space 21824K,   0% used [0x1b2b0000, 0x1b2b0000, 0x1c800000)
 concurrent mark-sweep generation total 393216K, used 46068K [0x1c800000, 0x34800000, 0x34800000)
 Metaspace       used 33377K, capacity 34035K, committed 34176K, reserved 34176K
2017-11-21T20:38:42.623-0600: 7364.460: [GC (Allocation Failure) 2017-11-21T20:38:42.623-0600: 7364.461: [ParNew
Desired survivor size 20112996 bytes, new threshold 8 (max 8)
- age   1:    2148016 bytes,    2148016 total
- age   2:      83912 bytes,    2231928 total
- age   3:    5132512 bytes,    7364440 total
- age   4:     231696 bytes,    7596136 total
- age   5:     197320 bytes,    7793456 total
- age   6:    2024560 bytes,    9818016 total
- age   7:     160272 bytes,    9978288 total
- age   8:      10192 bytes,    9988480 total
: 108794K->21824K(109248K), 0.0177476 secs] 154863K->70779K(502464K), 0.0178411 secs] [Times: user=0.06 sys=0.00, real=0.02 secs] 
Heap after GC invocations=33 (full 2):
 par new generation   total 109248K, used 21824K [0x14800000, 0x1c800000, 0x1c800000)
  eden space 87424K,   0% used [0x14800000, 0x14800000, 0x19d60000)
  from space 21824K, 100% used [0x1b2b0000, 0x1c800000, 0x1c800000)
  to   space 21824K,   0% used [0x19d60000, 0x19d60000, 0x1b2b0000)
 concurrent mark-sweep generation total 393216K, used 48955K [0x1c800000, 0x34800000, 0x34800000)
 Metaspace       used 33377K, capacity 34035K, committed 34176K, reserved 34176K
}
2017-11-21T20:38:42.641-0600: 7364.478: Total time for which application threads were stopped: 0.0180954 seconds, Stopping threads took: 0.0000299 seconds
2017-11-21T20:38:42.665-0600: 7364.502: Total time for which application threads were stopped: 0.0001101 seconds, Stopping threads took: 0.0000260 seconds
2017-11-21T20:38:43.351-0600: 7365.188: Total time for which application threads were stopped: 0.0000951 seconds, Stopping threads took: 0.0000235 seconds
2017-11-21T20:38:43.351-0600: 7365.188: Total time for which application threads were stopped: 0.0000900 seconds, Stopping threads took: 0.0000218 seconds
2017-11-21T20:39:01.745-0600: 7383.582: Total time for which application threads were stopped: 0.0001365 seconds, Stopping threads took: 0.0000350 seconds
2017-11-21T20:39:01.745-0600: 7383.582: Total time for which application threads were stopped: 0.0001033 seconds, Stopping threads took: 0.0000294 seconds
2017-11-21T20:39:01.785-0600: 7383.622: Total time for which application threads were stopped: 0.0000990 seconds, Stopping threads took: 0.0000324 seconds
2017-11-21T20:39:02.785-0600: 7384.622: Total time for which application threads were stopped: 0.0000862 seconds, Stopping threads took: 0.0000209 seconds
2017-11-21T20:40:59.433-0600: 7501.270: Total time for which application threads were stopped: 0.0001737 seconds, Stopping threads took: 0.0000533 seconds
2017-11-21T20:40:59.756-0600: 7501.594: Total time for which application threads were stopped: 0.0001156 seconds, Stopping threads took: 0.0000265 seconds
2017-11-21T20:40:59.756-0600: 7501.594: Total time for which application threads were stopped: 0.0000644 seconds, Stopping threads took: 0.0000124 seconds
2017-11-21T20:40:59.756-0600: 7501.594: Total time for which application threads were stopped: 0.0000538 seconds, Stopping threads took: 0.0000107 seconds
2017-11-21T20:40:59.756-0600: 7501.594: Total time for which application threads were stopped: 0.0000567 seconds, Stopping threads took: 0.0000107 seconds
2017-11-21T20:40:59.757-0600: 7501.594: Total time for which application threads were stopped: 0.0000777 seconds, Stopping threads took: 0.0000145 seconds
2017-11-21T20:40:59.757-0600: 7501.594: Total time for which application threads were stopped: 0.0000576 seconds, Stopping threads took: 0.0000162 seconds
2017-11-21T20:40:59.757-0600: 7501.594: Total time for which application threads were stopped: 0.0000495 seconds, Stopping threads took: 0.0000090 seconds
2017-11-21T20:40:59.757-0600: 7501.595: Total time for which application threads were stopped: 0.0000563 seconds, Stopping threads took: 0.0000111 seconds
2017-11-21T20:40:59.757-0600: 7501.595: Total time for which application threads were stopped: 0.0000538 seconds, Stopping threads took: 0.0000098 seconds
2017-11-21T20:40:59.757-0600: 7501.595: Total time for which application threads were stopped: 0.0000593 seconds, Stopping threads took: 0.0000115 seconds
2017-11-21T20:40:59.757-0600: 7501.595: Total time for which application threads were stopped: 0.0000576 seconds, Stopping threads took: 0.0000115 seconds
2017-11-21T20:40:59.757-0600: 7501.595: Total time for which application threads were stopped: 0.0000533 seconds, Stopping threads took: 0.0000098 seconds
2017-11-21T20:40:59.757-0600: 7501.595: Total time for which application threads were stopped: 0.0000478 seconds, Stopping threads took: 0.0000085 seconds
2017-11-21T20:40:59.757-0600: 7501.595: Total time for which application threads were stopped: 0.0000469 seconds, Stopping threads took: 0.0000081 seconds
2017-11-21T20:40:59.757-0600: 7501.595: Total time for which application threads were stopped: 0.0000772 seconds, Stopping threads took: 0.0000077 seconds
2017-11-21T20:40:59.757-0600: 7501.595: Total time for which application threads were stopped: 0.0000461 seconds, Stopping threads took: 0.0000085 seconds
2017-11-21T20:40:59.758-0600: 7501.595: Total time for which application threads were stopped: 0.0000572 seconds, Stopping threads took: 0.0000085 seconds
2017-11-21T20:40:59.758-0600: 7501.595: Total time for which application threads were stopped: 0.0000508 seconds, Stopping threads took: 0.0000090 seconds
2017-11-21T20:40:59.758-0600: 7501.596: Total time for which application threads were stopped: 0.0000508 seconds, Stopping threads took: 0.0000090 seconds
2017-11-21T20:40:59.758-0600: 7501.596: Total time for which application threads were stopped: 0.0001587 seconds, Stopping threads took: 0.0000243 seconds
2017-11-21T20:40:59.873-0600: 7501.710: Total time for which application threads were stopped: 0.0002052 seconds, Stopping threads took: 0.0000503 seconds
{Heap before GC invocations=33 (full 2):
 par new generation   total 109248K, used 109248K [0x14800000, 0x1c800000, 0x1c800000)
  eden space 87424K, 100% used [0x14800000, 0x19d60000, 0x19d60000)
  from space 21824K, 100% used [0x1b2b0000, 0x1c800000, 0x1c800000)
  to   space 21824K,   0% used [0x19d60000, 0x19d60000, 0x1b2b0000)
 concurrent mark-sweep generation total 393216K, used 48955K [0x1c800000, 0x34800000, 0x34800000)
 Metaspace       used 33416K, capacity 34067K, committed 34176K, reserved 34176K
2017-11-21T20:41:00.085-0600: 7501.922: [GC (Allocation Failure) 2017-11-21T20:41:00.085-0600: 7501.922: [ParNew
Desired survivor size 20112996 bytes, new threshold 8 (max 8)
- age   1:    6682120 bytes,    6682120 total
- age   2:      74240 bytes,    6756360 total
- age   3:         80 bytes,    6756440 total
- age   4:     351376 bytes,    7107816 total
- age   5:     229512 bytes,    7337328 total
- age   6:     197264 bytes,    7534592 total
- age   7:    1607208 bytes,    9141800 total
- age   8:     160272 bytes,    9302072 total
: 109248K->12884K(109248K), 0.0084885 secs] 158203K->61849K(502464K), 0.0085837 secs] [Times: user=0.00 sys=0.00, real=0.01 secs] 
Heap after GC invocations=34 (full 2):
 par new generation   total 109248K, used 12884K [0x14800000, 0x1c800000, 0x1c800000)
  eden space 87424K,   0% used [0x14800000, 0x14800000, 0x19d60000)
  from space 21824K,  59% used [0x19d60000, 0x1a9f5310, 0x1b2b0000)
  to   space 21824K,   0% used [0x1b2b0000, 0x1b2b0000, 0x1c800000)
 concurrent mark-sweep generation total 393216K, used 48965K [0x1c800000, 0x34800000, 0x34800000)
 Metaspace       used 33416K, capacity 34067K, committed 34176K, reserved 34176K
}
2017-11-21T20:41:00.093-0600: 7501.931: Total time for which application threads were stopped: 0.0088832 seconds, Stopping threads took: 0.0000269 seconds
2017-11-21T20:41:00.094-0600: 7501.931: Total time for which application threads were stopped: 0.0003179 seconds, Stopping threads took: 0.0001033 seconds
2017-11-21T20:41:00.232-0600: 7502.069: Total time for which application threads were stopped: 0.0001297 seconds, Stopping threads took: 0.0000367 seconds
2017-11-21T20:41:00.260-0600: 7502.097: Total time for which application threads were stopped: 0.0001254 seconds, Stopping threads took: 0.0000329 seconds
2017-11-21T20:41:00.261-0600: 7502.098: Total time for which application threads were stopped: 0.0001493 seconds, Stopping threads took: 0.0000533 seconds
2017-11-21T20:41:00.261-0600: 7502.099: Total time for which application threads were stopped: 0.0000781 seconds, Stopping threads took: 0.0000175 seconds
2017-11-21T20:41:00.724-0600: 7502.561: Total time for which application threads were stopped: 0.0001101 seconds, Stopping threads took: 0.0000277 seconds
2017-11-21T20:41:00.724-0600: 7502.561: Total time for which application threads were stopped: 0.0001783 seconds, Stopping threads took: 0.0000179 seconds
2017-11-21T20:41:13.012-0600: 7514.849: Total time for which application threads were stopped: 0.0001122 seconds, Stopping threads took: 0.0000235 seconds
2017-11-21T20:41:13.012-0600: 7514.849: Total time for which application threads were stopped: 0.0001737 seconds, Stopping threads took: 0.0000128 seconds
2017-11-21T20:41:13.039-0600: 7514.877: Total time for which application threads were stopped: 0.0001169 seconds, Stopping threads took: 0.0000337 seconds
2017-11-21T20:41:13.040-0600: 7514.877: Total time for which application threads were stopped: 0.0000926 seconds, Stopping threads took: 0.0000311 seconds
2017-11-21T20:41:13.040-0600: 7514.877: Total time for which application threads were stopped: 0.0000866 seconds, Stopping threads took: 0.0000299 seconds
{Heap before GC invocations=34 (full 2):
 par new generation   total 109248K, used 100018K [0x14800000, 0x1c800000, 0x1c800000)
  eden space 87424K,  99% used [0x14800000, 0x19d17688, 0x19d60000)
  from space 21824K,  59% used [0x19d60000, 0x1a9f5310, 0x1b2b0000)
  to   space 21824K,   0% used [0x1b2b0000, 0x1b2b0000, 0x1c800000)
 concurrent mark-sweep generation total 393216K, used 48965K [0x1c800000, 0x34800000, 0x34800000)
 Metaspace       used 33429K, capacity 34067K, committed 34176K, reserved 34176K
2017-11-21T20:41:13.050-0600: 7514.887: [GC (Allocation Failure) 2017-11-21T20:41:13.050-0600: 7514.887: [ParNew
Desired survivor size 20112996 bytes, new threshold 8 (max 8)
- age   1:    1915904 bytes,    1915904 total
- age   2:     164240 bytes,    2080144 total
- age   3:      73632 bytes,    2153776 total
- age   4:         80 bytes,    2153856 total
- age   5:     345704 bytes,    2499560 total
- age   6:     229480 bytes,    2729040 total
- age   7:     197264 bytes,    2926304 total
- age   8:    1572112 bytes,    4498416 total
: 100018K->6027K(109248K), 0.0053444 secs] 148983K->55148K(502464K), 0.0054490 secs] [Times: user=0.06 sys=0.00, real=0.01 secs] 
Heap after GC invocations=35 (full 2):
 par new generation   total 109248K, used 6027K [0x14800000, 0x1c800000, 0x1c800000)
  eden space 87424K,   0% used [0x14800000, 0x14800000, 0x19d60000)
  from space 21824K,  27% used [0x1b2b0000, 0x1b892ce8, 0x1c800000)
  to   space 21824K,   0% used [0x19d60000, 0x19d60000, 0x1b2b0000)
 concurrent mark-sweep generation total 393216K, used 49121K [0x1c800000, 0x34800000, 0x34800000)
 Metaspace       used 33429K, capacity 34067K, committed 34176K, reserved 34176K
}
2017-11-21T20:41:13.055-0600: 7514.893: Total time for which application threads were stopped: 0.0057365 seconds, Stopping threads took: 0.0000282 seconds
2017-11-21T20:41:13.061-0600: 7514.898: Total time for which application threads were stopped: 0.0001254 seconds, Stopping threads took: 0.0000354 seconds
2017-11-21T20:41:13.508-0600: 7515.346: Total time for which application threads were stopped: 0.0001732 seconds, Stopping threads took: 0.0000683 seconds
2017-11-21T20:41:13.508-0600: 7515.346: Total time for which application threads were stopped: 0.0000670 seconds, Stopping threads took: 0.0000141 seconds
2017-11-21T20:41:13.508-0600: 7515.346: Total time for which application threads were stopped: 0.0000585 seconds, Stopping threads took: 0.0000115 seconds
2017-11-21T20:41:13.511-0600: 7515.349: Total time for which application threads were stopped: 0.0001097 seconds, Stopping threads took: 0.0000286 seconds
2017-11-21T20:41:13.512-0600: 7515.349: Total time for which application threads were stopped: 0.0000875 seconds, Stopping threads took: 0.0000196 seconds
2017-11-21T20:41:13.512-0600: 7515.349: Total time for which application threads were stopped: 0.0000695 seconds, Stopping threads took: 0.0000149 seconds
2017-11-21T20:41:13.512-0600: 7515.349: Total time for which application threads were stopped: 0.0000597 seconds, Stopping threads took: 0.0000137 seconds
2017-11-21T20:41:13.845-0600: 7515.682: Total time for which application threads were stopped: 0.0001062 seconds, Stopping threads took: 0.0000239 seconds
2017-11-21T20:41:13.845-0600: 7515.682: Total time for which application threads were stopped: 0.0000734 seconds, Stopping threads took: 0.0000115 seconds
2017-11-21T20:41:13.845-0600: 7515.682: Total time for which application threads were stopped: 0.0000828 seconds, Stopping threads took: 0.0000158 seconds
2017-11-21T20:41:13.845-0600: 7515.682: Total time for which application threads were stopped: 0.0000525 seconds, Stopping threads took: 0.0000107 seconds
2017-11-21T20:41:13.845-0600: 7515.682: Total time for which application threads were stopped: 0.0000512 seconds, Stopping threads took: 0.0000085 seconds
2017-11-21T20:41:13.845-0600: 7515.682: Total time for which application threads were stopped: 0.0000491 seconds, Stopping threads took: 0.0000094 seconds
2017-11-21T20:41:13.845-0600: 7515.682: Total time for which application threads were stopped: 0.0000546 seconds, Stopping threads took: 0.0000111 seconds
2017-11-21T20:41:13.845-0600: 7515.682: Total time for which application threads were stopped: 0.0000555 seconds, Stopping threads took: 0.0000111 seconds
2017-11-21T20:41:13.845-0600: 7515.683: Total time for which application threads were stopped: 0.0000580 seconds, Stopping threads took: 0.0000111 seconds
2017-11-21T20:41:13.845-0600: 7515.683: Total time for which application threads were stopped: 0.0000597 seconds, Stopping threads took: 0.0000119 seconds
2017-11-21T20:41:13.845-0600: 7515.683: Total time for which application threads were stopped: 0.0000606 seconds, Stopping threads took: 0.0000115 seconds
2017-11-21T20:41:13.846-0600: 7515.683: Total time for which application threads were stopped: 0.0000892 seconds, Stopping threads took: 0.0000239 seconds
2017-11-21T20:41:13.846-0600: 7515.683: Total time for which application threads were stopped: 0.0000529 seconds, Stopping threads took: 0.0000102 seconds
2017-11-21T20:41:13.846-0600: 7515.683: Total time for which application threads were stopped: 0.0001357 seconds, Stopping threads took: 0.0000478 seconds
2017-11-21T20:41:13.846-0600: 7515.683: Total time for which application threads were stopped: 0.0000939 seconds, Stopping threads took: 0.0000119 seconds
2017-11-21T20:41:13.846-0600: 7515.683: Total time for which application threads were stopped: 0.0000555 seconds, Stopping threads took: 0.0000098 seconds
2017-11-21T20:41:13.846-0600: 7515.683: Total time for which application threads were stopped: 0.0000508 seconds, Stopping threads took: 0.0000094 seconds
2017-11-21T20:41:13.846-0600: 7515.683: Total time for which application threads were stopped: 0.0000555 seconds, Stopping threads took: 0.0000107 seconds
2017-11-21T20:41:13.846-0600: 7515.683: Total time for which application threads were stopped: 0.0000529 seconds, Stopping threads took: 0.0000094 seconds
2017-11-21T20:41:13.846-0600: 7515.684: Total time for which application threads were stopped: 0.0002074 seconds, Stopping threads took: 0.0000137 seconds
2017-11-21T20:41:14.181-0600: 7516.018: Total time for which application threads were stopped: 0.0001566 seconds, Stopping threads took: 0.0000371 seconds
2017-11-21T20:41:14.216-0600: 7516.053: Total time for which application threads were stopped: 0.0001079 seconds, Stopping threads took: 0.0000282 seconds
2017-11-21T20:41:14.216-0600: 7516.054: Total time for which application threads were stopped: 0.0001105 seconds, Stopping threads took: 0.0000452 seconds
2017-11-21T20:41:14.217-0600: 7516.054: Total time for which application threads were stopped: 0.0001225 seconds, Stopping threads took: 0.0000521 seconds
2017-11-21T20:41:14.981-0600: 7516.818: Total time for which application threads were stopped: 0.0001126 seconds, Stopping threads took: 0.0000196 seconds
2017-11-21T20:41:19.032-0600: 7520.869: Total time for which application threads were stopped: 0.0001199 seconds, Stopping threads took: 0.0000235 seconds
2017-11-21T20:41:19.032-0600: 7520.869: Total time for which application threads were stopped: 0.0000994 seconds, Stopping threads took: 0.0000286 seconds
2017-11-21T20:41:19.035-0600: 7520.872: Total time for which application threads were stopped: 0.0001067 seconds, Stopping threads took: 0.0000320 seconds
2017-11-21T20:41:19.036-0600: 7520.873: Total time for which application threads were stopped: 0.0001015 seconds, Stopping threads took: 0.0000158 seconds
2017-11-21T20:41:19.069-0600: 7520.906: Total time for which application threads were stopped: 0.0002462 seconds, Stopping threads took: 0.0000239 seconds
2017-11-21T20:41:19.070-0600: 7520.907: Total time for which application threads were stopped: 0.0001109 seconds, Stopping threads took: 0.0000222 seconds
2017-11-21T20:42:29.425-0600: 7591.262: Total time for which application threads were stopped: 0.0001391 seconds, Stopping threads took: 0.0000299 seconds
{Heap before GC invocations=35 (full 2):
 par new generation   total 109248K, used 93451K [0x14800000, 0x1c800000, 0x1c800000)
  eden space 87424K, 100% used [0x14800000, 0x19d60000, 0x19d60000)
  from space 21824K,  27% used [0x1b2b0000, 0x1b892ce8, 0x1c800000)
  to   space 21824K,   0% used [0x19d60000, 0x19d60000, 0x1b2b0000)
 concurrent mark-sweep generation total 393216K, used 49121K [0x1c800000, 0x34800000, 0x34800000)
 Metaspace       used 33479K, capacity 34109K, committed 34304K, reserved 35200K
2017-11-21T20:42:29.634-0600: 7591.471: [GC (Allocation Failure) 2017-11-21T20:42:29.634-0600: 7591.472: [ParNew
Desired survivor size 20112996 bytes, new threshold 8 (max 8)
- age   1:    4471488 bytes,    4471488 total
- age   2:     673152 bytes,    5144640 total
- age   3:     148424 bytes,    5293064 total
- age   4:      73632 bytes,    5366696 total
- age   5:         80 bytes,    5366776 total
- age   6:     341856 bytes,    5708632 total
- age   7:     229480 bytes,    5938112 total
- age   8:     105400 bytes,    6043512 total
: 93451K->7779K(109248K), 0.0113958 secs] 142572K->58436K(502464K), 0.0115063 secs] [Times: user=0.00 sys=0.00, real=0.01 secs] 
Heap after GC invocations=36 (full 2):
 par new generation   total 109248K, used 7779K [0x14800000, 0x1c800000, 0x1c800000)
  eden space 87424K,   0% used [0x14800000, 0x14800000, 0x19d60000)
  from space 21824K,  35% used [0x19d60000, 0x1a4f8cf0, 0x1b2b0000)
  to   space 21824K,   0% used [0x1b2b0000, 0x1b2b0000, 0x1c800000)
 concurrent mark-sweep generation total 393216K, used 50657K [0x1c800000, 0x34800000, 0x34800000)
 Metaspace       used 33479K, capacity 34109K, committed 34304K, reserved 35200K
}
2017-11-21T20:42:29.645-0600: 7591.483: Total time for which application threads were stopped: 0.0118033 seconds, Stopping threads took: 0.0000700 seconds
2017-11-21T20:42:29.646-0600: 7591.483: Total time for which application threads were stopped: 0.0001771 seconds, Stopping threads took: 0.0000811 seconds
2017-11-21T20:42:29.646-0600: 7591.484: Total time for which application threads were stopped: 0.0001190 seconds, Stopping threads took: 0.0000235 seconds
2017-11-21T20:42:29.720-0600: 7591.557: Total time for which application threads were stopped: 0.0001391 seconds, Stopping threads took: 0.0000282 seconds
2017-11-21T20:42:29.741-0600: 7591.578: Total time for which application threads were stopped: 0.0000858 seconds, Stopping threads took: 0.0000226 seconds
2017-11-21T20:42:29.741-0600: 7591.578: Total time for which application threads were stopped: 0.0000606 seconds, Stopping threads took: 0.0000102 seconds
2017-11-21T20:42:30.186-0600: 7592.023: Total time for which application threads were stopped: 0.0001212 seconds, Stopping threads took: 0.0000260 seconds
2017-11-21T20:42:30.188-0600: 7592.026: Total time for which application threads were stopped: 0.0001075 seconds, Stopping threads took: 0.0000422 seconds
2017-11-21T20:42:30.201-0600: 7592.038: Total time for which application threads were stopped: 0.0001139 seconds, Stopping threads took: 0.0000337 seconds
2017-11-21T20:42:33.352-0600: 7595.190: Total time for which application threads were stopped: 0.0001186 seconds, Stopping threads took: 0.0000294 seconds
2017-11-21T20:42:33.353-0600: 7595.190: Total time for which application threads were stopped: 0.0001301 seconds, Stopping threads took: 0.0000371 seconds
{Heap before GC invocations=36 (full 2):
 par new generation   total 109248K, used 95203K [0x14800000, 0x1c800000, 0x1c800000)
  eden space 87424K, 100% used [0x14800000, 0x19d60000, 0x19d60000)
  from space 21824K,  35% used [0x19d60000, 0x1a4f8cf0, 0x1b2b0000)
  to   space 21824K,   0% used [0x1b2b0000, 0x1b2b0000, 0x1c800000)
 concurrent mark-sweep generation total 393216K, used 50657K [0x1c800000, 0x34800000, 0x34800000)
 Metaspace       used 33507K, capacity 34173K, committed 34304K, reserved 35200K
2017-11-21T20:42:33.739-0600: 7595.577: [GC (Allocation Failure) 2017-11-21T20:42:33.739-0600: 7595.577: [ParNew
Desired survivor size 20112996 bytes, new threshold 8 (max 8)
- age   1:    3464296 bytes,    3464296 total
- age   2:    1078544 bytes,    4542840 total
- age   3:     671192 bytes,    5214032 total
- age   4:     148248 bytes,    5362280 total
- age   5:      73632 bytes,    5435912 total
- age   6:         80 bytes,    5435992 total
- age   7:     316480 bytes,    5752472 total
- age   8:     229480 bytes,    5981952 total
: 95203K->7301K(109248K), 0.0074372 secs] 145860K->58061K(502464K), 0.0075674 secs] [Times: user=0.06 sys=0.00, real=0.01 secs] 
Heap after GC invocations=37 (full 2):
 par new generation   total 109248K, used 7301K [0x14800000, 0x1c800000, 0x1c800000)
  eden space 87424K,   0% used [0x14800000, 0x14800000, 0x19d60000)
  from space 21824K,  33% used [0x1b2b0000, 0x1b9d1410, 0x1c800000)
  to   space 21824K,   0% used [0x19d60000, 0x19d60000, 0x1b2b0000)
 concurrent mark-sweep generation total 393216K, used 50760K [0x1c800000, 0x34800000, 0x34800000)
 Metaspace       used 33507K, capacity 34173K, committed 34304K, reserved 35200K
}
2017-11-21T20:42:33.747-0600: 7595.585: Total time for which application threads were stopped: 0.0077982 seconds, Stopping threads took: 0.0000286 seconds
2017-11-21T20:42:33.747-0600: 7595.585: Total time for which application threads were stopped: 0.0001314 seconds, Stopping threads took: 0.0000260 seconds
2017-11-21T20:42:33.822-0600: 7595.658: Total time for which application threads were stopped: 0.0001092 seconds, Stopping threads took: 0.0000290 seconds
2017-11-21T20:42:34.502-0600: 7596.340: Total time for which application threads were stopped: 0.0001058 seconds, Stopping threads took: 0.0000290 seconds
2017-11-21T20:42:34.513-0600: 7596.351: Total time for which application threads were stopped: 0.0001161 seconds, Stopping threads took: 0.0000358 seconds
2017-11-21T20:42:37.860-0600: 7599.698: Total time for which application threads were stopped: 0.0000759 seconds, Stopping threads took: 0.0000188 seconds
2017-11-21T20:42:37.860-0600: 7599.698: Total time for which application threads were stopped: 0.0000529 seconds, Stopping threads took: 0.0000107 seconds
{Heap before GC invocations=37 (full 2):
 par new generation   total 109248K, used 94725K [0x14800000, 0x1c800000, 0x1c800000)
  eden space 87424K, 100% used [0x14800000, 0x19d60000, 0x19d60000)
  from space 21824K,  33% used [0x1b2b0000, 0x1b9d1410, 0x1c800000)
  to   space 21824K,   0% used [0x19d60000, 0x19d60000, 0x1b2b0000)
 concurrent mark-sweep generation total 393216K, used 50760K [0x1c800000, 0x34800000, 0x34800000)
 Metaspace       used 33545K, capacity 34173K, committed 34304K, reserved 35200K
2017-11-21T20:42:38.174-0600: 7600.012: [GC (Allocation Failure) 2017-11-21T20:42:38.174-0600: 7600.012: [ParNew
Desired survivor size 20112996 bytes, new threshold 8 (max 8)
- age   1:    4581592 bytes,    4581592 total
- age   2:     918952 bytes,    5500544 total
- age   3:     307856 bytes,    5808400 total
- age   4:     671136 bytes,    6479536 total
- age   5:     141024 bytes,    6620560 total
- age   6:      73632 bytes,    6694192 total
- age   7:         80 bytes,    6694272 total
- age   8:     316448 bytes,    7010720 total
: 94725K->8944K(109248K), 0.0122837 secs] 145485K->59929K(502464K), 0.0123836 secs] [Times: user=0.06 sys=0.00, real=0.01 secs] 
Heap after GC invocations=38 (full 2):
 par new generation   total 109248K, used 8944K [0x14800000, 0x1c800000, 0x1c800000)
  eden space 87424K,   0% used [0x14800000, 0x14800000, 0x19d60000)
  from space 21824K,  40% used [0x19d60000, 0x1a61c3d8, 0x1b2b0000)
  to   space 21824K,   0% used [0x1b2b0000, 0x1b2b0000, 0x1c800000)
 concurrent mark-sweep generation total 393216K, used 50984K [0x1c800000, 0x34800000, 0x34800000)
 Metaspace       used 33545K, capacity 34173K, committed 34304K, reserved 35200K
}
2017-11-21T20:42:38.187-0600: 7600.024: Total time for which application threads were stopped: 0.0126758 seconds, Stopping threads took: 0.0000346 seconds
2017-11-21T20:42:38.188-0600: 7600.026: Total time for which application threads were stopped: 0.0002057 seconds, Stopping threads took: 0.0000358 seconds
2017-11-21T20:42:38.188-0600: 7600.026: Total time for which application threads were stopped: 0.0000747 seconds, Stopping threads took: 0.0000141 seconds
2017-11-21T20:42:38.393-0600: 7600.230: Total time for which application threads were stopped: 0.0001570 seconds, Stopping threads took: 0.0000375 seconds
2017-11-21T20:42:38.393-0600: 7600.230: Total time for which application threads were stopped: 0.0001882 seconds, Stopping threads took: 0.0000218 seconds
2017-11-21T20:42:38.393-0600: 7600.230: Total time for which application threads were stopped: 0.0000670 seconds, Stopping threads took: 0.0000137 seconds
2017-11-21T20:42:38.394-0600: 7600.231: Total time for which application threads were stopped: 0.0000649 seconds, Stopping threads took: 0.0000141 seconds
2017-11-21T20:42:38.896-0600: 7600.734: Total time for which application threads were stopped: 0.0001310 seconds, Stopping threads took: 0.0000422 seconds
2017-11-21T20:42:38.896-0600: 7600.734: Total time for which application threads were stopped: 0.0001003 seconds, Stopping threads took: 0.0000235 seconds
2017-11-21T20:42:38.897-0600: 7600.734: Total time for which application threads were stopped: 0.0001122 seconds, Stopping threads took: 0.0000448 seconds
2017-11-21T20:42:38.897-0600: 7600.734: Total time for which application threads were stopped: 0.0000644 seconds, Stopping threads took: 0.0000149 seconds
2017-11-21T20:42:38.897-0600: 7600.734: Total time for which application threads were stopped: 0.0000691 seconds, Stopping threads took: 0.0000192 seconds
2017-11-21T20:42:38.897-0600: 7600.734: Total time for which application threads were stopped: 0.0000951 seconds, Stopping threads took: 0.0000183 seconds
2017-11-21T20:42:38.900-0600: 7600.738: Total time for which application threads were stopped: 0.0000990 seconds, Stopping threads took: 0.0000397 seconds
2017-11-21T20:42:38.910-0600: 7600.748: Total time for which application threads were stopped: 0.0001212 seconds, Stopping threads took: 0.0000213 seconds
2017-11-21T20:42:43.698-0600: 7605.536: Total time for which application threads were stopped: 0.0001028 seconds, Stopping threads took: 0.0000243 seconds
2017-11-21T20:42:43.699-0600: 7605.536: Total time for which application threads were stopped: 0.0000969 seconds, Stopping threads took: 0.0000188 seconds
2017-11-21T20:42:43.726-0600: 7605.563: Total time for which application threads were stopped: 0.0000841 seconds, Stopping threads took: 0.0000341 seconds
2017-11-21T20:42:43.727-0600: 7605.564: Total time for which application threads were stopped: 0.0003102 seconds, Stopping threads took: 0.0000277 seconds
2017-11-21T20:42:43.727-0600: 7605.564: Total time for which application threads were stopped: 0.0001020 seconds, Stopping threads took: 0.0000282 seconds
2017-11-21T20:42:43.727-0600: 7605.564: Total time for which application threads were stopped: 0.0000858 seconds, Stopping threads took: 0.0000196 seconds
2017-11-21T20:42:43.727-0600: 7605.564: Total time for which application threads were stopped: 0.0000644 seconds, Stopping threads took: 0.0000149 seconds
{Heap before GC invocations=38 (full 2):
 par new generation   total 109248K, used 96368K [0x14800000, 0x1c800000, 0x1c800000)
  eden space 87424K, 100% used [0x14800000, 0x19d60000, 0x19d60000)
  from space 21824K,  40% used [0x19d60000, 0x1a61c3d8, 0x1b2b0000)
  to   space 21824K,   0% used [0x1b2b0000, 0x1b2b0000, 0x1c800000)
 concurrent mark-sweep generation total 393216K, used 50984K [0x1c800000, 0x34800000, 0x34800000)
 Metaspace       used 33578K, capacity 34237K, committed 34432K, reserved 35200K
2017-11-21T20:42:43.737-0600: 7605.575: [GC (Allocation Failure) 2017-11-21T20:42:43.737-0600: 7605.575: [ParNew
Desired survivor size 20112996 bytes, new threshold 8 (max 8)
- age   1:    1516992 bytes,    1516992 total
- age   2:    1505752 bytes,    3022744 total
- age   3:     154968 bytes,    3177712 total
- age   4:     307856 bytes,    3485568 total
- age   5:     671136 bytes,    4156704 total
- age   6:     141024 bytes,    4297728 total
- age   7:      73632 bytes,    4371360 total
- age   8:         80 bytes,    4371440 total
: 96368K->6158K(109248K), 0.0066825 secs] 147353K->57452K(502464K), 0.0067494 secs] [Times: user=0.06 sys=0.00, real=0.01 secs] 
Heap after GC invocations=39 (full 2):
 par new generation   total 109248K, used 6158K [0x14800000, 0x1c800000, 0x1c800000)
  eden space 87424K,   0% used [0x14800000, 0x14800000, 0x19d60000)
  from space 21824K,  28% used [0x1b2b0000, 0x1b8b3a10, 0x1c800000)
  to   space 21824K,   0% used [0x19d60000, 0x19d60000, 0x1b2b0000)
 concurrent mark-sweep generation total 393216K, used 51293K [0x1c800000, 0x34800000, 0x34800000)
 Metaspace       used 33578K, capacity 34237K, committed 34432K, reserved 35200K
}
2017-11-21T20:42:43.744-0600: 7605.582: Total time for which application threads were stopped: 0.0070298 seconds, Stopping threads took: 0.0000239 seconds
2017-11-21T20:42:43.749-0600: 7605.587: Total time for which application threads were stopped: 0.0001813 seconds, Stopping threads took: 0.0000785 seconds
2017-11-21T20:42:44.193-0600: 7606.031: Total time for which application threads were stopped: 0.0001118 seconds, Stopping threads took: 0.0000375 seconds
2017-11-21T20:42:44.194-0600: 7606.031: Total time for which application threads were stopped: 0.0000802 seconds, Stopping threads took: 0.0000183 seconds
2017-11-21T20:42:44.199-0600: 7606.037: Total time for which application threads were stopped: 0.0001242 seconds, Stopping threads took: 0.0000277 seconds
2017-11-21T20:42:44.200-0600: 7606.038: Total time for which application threads were stopped: 0.0001037 seconds, Stopping threads took: 0.0000282 seconds
2017-11-21T20:42:44.200-0600: 7606.038: Total time for which application threads were stopped: 0.0001109 seconds, Stopping threads took: 0.0000371 seconds
2017-11-21T20:42:44.200-0600: 7606.038: Total time for which application threads were stopped: 0.0000751 seconds, Stopping threads took: 0.0000154 seconds
2017-11-21T20:42:44.201-0600: 7606.038: Total time for which application threads were stopped: 0.0000794 seconds, Stopping threads took: 0.0000201 seconds
2017-11-21T20:42:44.217-0600: 7606.055: Total time for which application threads were stopped: 0.0001139 seconds, Stopping threads took: 0.0000226 seconds
2017-11-21T20:44:32.289-0600: 7714.126: Total time for which application threads were stopped: 0.0001566 seconds, Stopping threads took: 0.0000333 seconds
2017-11-21T20:45:53.053-0600: 7794.891: Total time for which application threads were stopped: 0.0002415 seconds, Stopping threads took: 0.0000333 seconds
{Heap before GC invocations=39 (full 2):
 par new generation   total 109248K, used 93582K [0x14800000, 0x1c800000, 0x1c800000)
  eden space 87424K, 100% used [0x14800000, 0x19d60000, 0x19d60000)
  from space 21824K,  28% used [0x1b2b0000, 0x1b8b3a10, 0x1c800000)
  to   space 21824K,   0% used [0x19d60000, 0x19d60000, 0x1b2b0000)
 concurrent mark-sweep generation total 393216K, used 51293K [0x1c800000, 0x34800000, 0x34800000)
 Metaspace       used 33607K, capacity 34237K, committed 34432K, reserved 35200K
2017-11-21T20:45:53.667-0600: 7795.505: [GC (Allocation Failure) 2017-11-21T20:45:53.667-0600: 7795.505: [ParNew
Desired survivor size 20112996 bytes, new threshold 4 (max 8)
- age   1:   19681304 bytes,   19681304 total
- age   2:     229816 bytes,   19911120 total
- age   3:     162024 bytes,   20073144 total
- age   4:     154744 bytes,   20227888 total
- age   5:     306768 bytes,   20534656 total
- age   6:     671136 bytes,   21205792 total
- age   7:     141024 bytes,   21346816 total
- age   8:      73632 bytes,   21420448 total
: 93582K->21824K(109248K), 0.0116587 secs] 144876K->73691K(502464K), 0.0117598 secs] [Times: user=0.05 sys=0.00, real=0.01 secs] 
Heap after GC invocations=40 (full 2):
 par new generation   total 109248K, used 21824K [0x14800000, 0x1c800000, 0x1c800000)
  eden space 87424K,   0% used [0x14800000, 0x14800000, 0x19d60000)
  from space 21824K, 100% used [0x19d60000, 0x1b2b0000, 0x1b2b0000)
  to   space 21824K,   0% used [0x1b2b0000, 0x1b2b0000, 0x1c800000)
 concurrent mark-sweep generation total 393216K, used 51867K [0x1c800000, 0x34800000, 0x34800000)
 Metaspace       used 33607K, capacity 34237K, committed 34432K, reserved 35200K
}
2017-11-21T20:45:53.679-0600: 7795.517: Total time for which application threads were stopped: 0.0120303 seconds, Stopping threads took: 0.0000286 seconds
2017-11-21T20:45:53.679-0600: 7795.517: Total time for which application threads were stopped: 0.0002078 seconds, Stopping threads took: 0.0000913 seconds
2017-11-21T20:45:53.861-0600: 7795.698: Total time for which application threads were stopped: 0.0001835 seconds, Stopping threads took: 0.0000849 seconds
{Heap before GC invocations=40 (full 2):
 par new generation   total 109248K, used 109248K [0x14800000, 0x1c800000, 0x1c800000)
  eden space 87424K, 100% used [0x14800000, 0x19d60000, 0x19d60000)
  from space 21824K, 100% used [0x19d60000, 0x1b2b0000, 0x1b2b0000)
  to   space 21824K,   0% used [0x1b2b0000, 0x1b2b0000, 0x1c800000)
 concurrent mark-sweep generation total 393216K, used 51867K [0x1c800000, 0x34800000, 0x34800000)
 Metaspace       used 33615K, capacity 34237K, committed 34432K, reserved 35200K
2017-11-21T20:45:53.918-0600: 7795.755: [GC (Allocation Failure) 2017-11-21T20:45:53.918-0600: 7795.755: [ParNew
Desired survivor size 20112996 bytes, new threshold 8 (max 8)
- age   1:    1002240 bytes,    1002240 total
- age   2:    6020568 bytes,    7022808 total
- age   3:     228656 bytes,    7251464 total
- age   4:     162024 bytes,    7413488 total
: 109248K->19614K(109248K), 0.0079642 secs] 161115K->72798K(502464K), 0.0080512 secs] [Times: user=0.00 sys=0.00, real=0.01 secs] 
Heap after GC invocations=41 (full 2):
 par new generation   total 109248K, used 19614K [0x14800000, 0x1c800000, 0x1c800000)
  eden space 87424K,   0% used [0x14800000, 0x14800000, 0x19d60000)
  from space 21824K,  89% used [0x1b2b0000, 0x1c5d7a70, 0x1c800000)
  to   space 21824K,   0% used [0x19d60000, 0x19d60000, 0x1b2b0000)
 concurrent mark-sweep generation total 393216K, used 53183K [0x1c800000, 0x34800000, 0x34800000)
 Metaspace       used 33615K, capacity 34237K, committed 34432K, reserved 35200K
}
2017-11-21T20:45:53.926-0600: 7795.764: Total time for which application threads were stopped: 0.0129045 seconds, Stopping threads took: 0.0046157 seconds
2017-11-21T20:45:53.928-0600: 7795.766: Total time for which application threads were stopped: 0.0001071 seconds, Stopping threads took: 0.0000286 seconds
2017-11-21T20:45:53.929-0600: 7795.766: Total time for which application threads were stopped: 0.0000896 seconds, Stopping threads took: 0.0000162 seconds
2017-11-21T20:45:53.929-0600: 7795.766: Total time for which application threads were stopped: 0.0000567 seconds, Stopping threads took: 0.0000098 seconds
2017-11-21T20:45:54.664-0600: 7796.501: Total time for which application threads were stopped: 0.0001199 seconds, Stopping threads took: 0.0000252 seconds
2017-11-21T20:45:54.664-0600: 7796.502: Total time for which application threads were stopped: 0.0000986 seconds, Stopping threads took: 0.0000175 seconds
2017-11-21T20:45:54.681-0600: 7796.518: Total time for which application threads were stopped: 0.0001152 seconds, Stopping threads took: 0.0000256 seconds
2017-11-21T20:45:54.688-0600: 7796.525: Total time for which application threads were stopped: 0.0000883 seconds, Stopping threads took: 0.0000226 seconds
2017-11-21T20:45:54.692-0600: 7796.529: Total time for which application threads were stopped: 0.0000922 seconds, Stopping threads took: 0.0000265 seconds
2017-11-21T20:45:54.693-0600: 7796.530: Total time for which application threads were stopped: 0.0000747 seconds, Stopping threads took: 0.0000179 seconds
2017-11-21T20:45:54.696-0600: 7796.533: Total time for which application threads were stopped: 0.0001434 seconds, Stopping threads took: 0.0000593 seconds
2017-11-21T20:45:54.696-0600: 7796.534: Total time for which application threads were stopped: 0.0000819 seconds, Stopping threads took: 0.0000265 seconds
2017-11-21T20:45:54.697-0600: 7796.535: Total time for which application threads were stopped: 0.0000828 seconds, Stopping threads took: 0.0000213 seconds
2017-11-21T20:45:54.698-0600: 7796.535: Total time for which application threads were stopped: 0.0000905 seconds, Stopping threads took: 0.0000294 seconds
2017-11-21T20:45:54.698-0600: 7796.535: Total time for which application threads were stopped: 0.0000482 seconds, Stopping threads took: 0.0000119 seconds
2017-11-21T20:45:54.699-0600: 7796.536: Total time for which application threads were stopped: 0.0000619 seconds, Stopping threads took: 0.0000192 seconds
2017-11-21T20:45:54.699-0600: 7796.536: Total time for which application threads were stopped: 0.0000734 seconds, Stopping threads took: 0.0000166 seconds
2017-11-21T20:45:54.699-0600: 7796.536: Total time for which application threads were stopped: 0.0000644 seconds, Stopping threads took: 0.0000145 seconds
2017-11-21T20:45:54.699-0600: 7796.536: Total time for which application threads were stopped: 0.0000589 seconds, Stopping threads took: 0.0000141 seconds
2017-11-21T20:45:54.699-0600: 7796.537: Total time for which application threads were stopped: 0.0000567 seconds, Stopping threads took: 0.0000137 seconds
2017-11-21T20:45:54.699-0600: 7796.537: Total time for which application threads were stopped: 0.0000448 seconds, Stopping threads took: 0.0000077 seconds
2017-11-21T20:45:54.700-0600: 7796.537: Total time for which application threads were stopped: 0.0000683 seconds, Stopping threads took: 0.0000209 seconds
2017-11-21T20:45:54.700-0600: 7796.537: Total time for which application threads were stopped: 0.0001527 seconds, Stopping threads took: 0.0000196 seconds
2017-11-21T20:45:54.725-0600: 7796.563: Total time for which application threads were stopped: 0.0007083 seconds, Stopping threads took: 0.0000162 seconds
2017-11-21T20:45:54.729-0600: 7796.567: Total time for which application threads were stopped: 0.0000998 seconds, Stopping threads took: 0.0000350 seconds
2017-11-21T20:45:54.729-0600: 7796.567: Total time for which application threads were stopped: 0.0000866 seconds, Stopping threads took: 0.0000209 seconds
2017-11-21T20:45:54.730-0600: 7796.567: Total time for which application threads were stopped: 0.0000649 seconds, Stopping threads took: 0.0000201 seconds
2017-11-21T20:45:54.730-0600: 7796.567: Total time for which application threads were stopped: 0.0000649 seconds, Stopping threads took: 0.0000226 seconds
2017-11-21T20:45:54.730-0600: 7796.567: Total time for which application threads were stopped: 0.0000691 seconds, Stopping threads took: 0.0000145 seconds
2017-11-21T20:45:54.731-0600: 7796.569: Total time for which application threads were stopped: 0.0000866 seconds, Stopping threads took: 0.0000290 seconds
2017-11-21T20:45:54.731-0600: 7796.569: Total time for which application threads were stopped: 0.0000764 seconds, Stopping threads took: 0.0000222 seconds
2017-11-21T20:45:54.901-0600: 7796.739: Total time for which application threads were stopped: 0.0001182 seconds, Stopping threads took: 0.0000282 seconds
2017-11-21T20:45:54.901-0600: 7796.739: Total time for which application threads were stopped: 0.0000546 seconds, Stopping threads took: 0.0000132 seconds
2017-11-21T20:45:54.902-0600: 7796.739: Total time for which application threads were stopped: 0.0000512 seconds, Stopping threads took: 0.0000115 seconds
2017-11-21T20:45:54.907-0600: 7796.745: Total time for which application threads were stopped: 0.0009732 seconds, Stopping threads took: 0.0000265 seconds
2017-11-21T20:45:54.924-0600: 7796.761: Total time for which application threads were stopped: 0.0010786 seconds, Stopping threads took: 0.0000294 seconds
2017-11-21T20:45:55.053-0600: 7796.890: Total time for which application threads were stopped: 0.0002219 seconds, Stopping threads took: 0.0000316 seconds
2017-11-21T20:45:55.053-0600: 7796.890: Total time for which application threads were stopped: 0.0000764 seconds, Stopping threads took: 0.0000239 seconds
2017-11-21T20:45:55.053-0600: 7796.891: Total time for which application threads were stopped: 0.0000730 seconds, Stopping threads took: 0.0000222 seconds
2017-11-21T20:45:55.060-0600: 7796.898: Total time for which application threads were stopped: 0.0000934 seconds, Stopping threads took: 0.0000230 seconds
2017-11-21T20:45:55.061-0600: 7796.898: Total time for which application threads were stopped: 0.0000674 seconds, Stopping threads took: 0.0000192 seconds
2017-11-21T20:45:55.061-0600: 7796.898: Total time for which application threads were stopped: 0.0001382 seconds, Stopping threads took: 0.0000201 seconds
2017-11-21T20:45:56.061-0600: 7797.899: Total time for which application threads were stopped: 0.0001178 seconds, Stopping threads took: 0.0000341 seconds
2017-11-21T20:46:07.916-0600: 7809.753: Total time for which application threads were stopped: 0.0000866 seconds, Stopping threads took: 0.0000256 seconds
2017-11-21T20:46:07.920-0600: 7809.757: Total time for which application threads were stopped: 0.0001037 seconds, Stopping threads took: 0.0000252 seconds
2017-11-21T20:46:07.920-0600: 7809.757: Total time for which application threads were stopped: 0.0000849 seconds, Stopping threads took: 0.0000171 seconds
2017-11-21T20:46:07.947-0600: 7809.784: Total time for which application threads were stopped: 0.0001958 seconds, Stopping threads took: 0.0000346 seconds
2017-11-21T20:46:07.948-0600: 7809.785: Total time for which application threads were stopped: 0.0001007 seconds, Stopping threads took: 0.0000316 seconds
{Heap before GC invocations=41 (full 2):
 par new generation   total 109248K, used 106945K [0x14800000, 0x1c800000, 0x1c800000)
  eden space 87424K,  99% used [0x14800000, 0x19d48c30, 0x19d60000)
  from space 21824K,  89% used [0x1b2b0000, 0x1c5d7a70, 0x1c800000)
  to   space 21824K,   0% used [0x19d60000, 0x19d60000, 0x1b2b0000)
 concurrent mark-sweep generation total 393216K, used 53183K [0x1c800000, 0x34800000, 0x34800000)
 Metaspace       used 33865K, capacity 34493K, committed 34688K, reserved 35200K
2017-11-21T20:46:07.959-0600: 7809.797: [GC (Allocation Failure) 2017-11-21T20:46:07.959-0600: 7809.797: [ParNew
Desired survivor size 20112996 bytes, new threshold 8 (max 8)
- age   1:    2104944 bytes,    2104944 total
- age   2:     268120 bytes,    2373064 total
- age   3:    4582312 bytes,    6955376 total
- age   4:     227032 bytes,    7182408 total
- age   5:     161200 bytes,    7343608 total
: 106945K->10017K(109248K), 0.0065583 secs] 160129K->63201K(502464K), 0.0066176 secs] [Times: user=0.06 sys=0.00, real=0.01 secs] 
Heap after GC invocations=42 (full 2):
 par new generation   total 109248K, used 10017K [0x14800000, 0x1c800000, 0x1c800000)
  eden space 87424K,   0% used [0x14800000, 0x14800000, 0x19d60000)
  from space 21824K,  45% used [0x19d60000, 0x1a728700, 0x1b2b0000)
  to   space 21824K,   0% used [0x1b2b0000, 0x1b2b0000, 0x1c800000)
 concurrent mark-sweep generation total 393216K, used 53183K [0x1c800000, 0x34800000, 0x34800000)
 Metaspace       used 33865K, capacity 34493K, committed 34688K, reserved 35200K
}
2017-11-21T20:46:07.966-0600: 7809.803: Total time for which application threads were stopped: 0.0068838 seconds, Stopping threads took: 0.0000273 seconds
2017-11-21T20:46:07.971-0600: 7809.808: Total time for which application threads were stopped: 0.0001169 seconds, Stopping threads took: 0.0000290 seconds
2017-11-21T20:46:07.971-0600: 7809.809: Total time for which application threads were stopped: 0.0000636 seconds, Stopping threads took: 0.0000154 seconds
2017-11-21T20:46:07.972-0600: 7809.810: Total time for which application threads were stopped: 0.0001148 seconds, Stopping threads took: 0.0000363 seconds
2017-11-21T20:46:07.973-0600: 7809.810: Total time for which application threads were stopped: 0.0001011 seconds, Stopping threads took: 0.0000427 seconds
2017-11-21T20:46:07.973-0600: 7809.810: Total time for which application threads were stopped: 0.0000597 seconds, Stopping threads took: 0.0000149 seconds
2017-11-21T20:46:07.973-0600: 7809.810: Total time for which application threads were stopped: 0.0000708 seconds, Stopping threads took: 0.0000166 seconds
2017-11-21T20:46:07.974-0600: 7809.811: Total time for which application threads were stopped: 0.0001020 seconds, Stopping threads took: 0.0000311 seconds
2017-11-21T20:46:07.974-0600: 7809.812: Total time for which application threads were stopped: 0.0000917 seconds, Stopping threads took: 0.0000179 seconds
2017-11-21T20:46:07.974-0600: 7809.812: Total time for which application threads were stopped: 0.0000704 seconds, Stopping threads took: 0.0000166 seconds
2017-11-21T20:46:07.974-0600: 7809.812: Total time for which application threads were stopped: 0.0000725 seconds, Stopping threads took: 0.0000196 seconds
2017-11-21T20:46:07.975-0600: 7809.812: Total time for which application threads were stopped: 0.0000610 seconds, Stopping threads took: 0.0000158 seconds
2017-11-21T20:46:07.975-0600: 7809.812: Total time for which application threads were stopped: 0.0000521 seconds, Stopping threads took: 0.0000145 seconds
2017-11-21T20:46:07.975-0600: 7809.813: Total time for which application threads were stopped: 0.0000969 seconds, Stopping threads took: 0.0000307 seconds
2017-11-21T20:46:07.977-0600: 7809.814: Total time for which application threads were stopped: 0.0000977 seconds, Stopping threads took: 0.0000196 seconds
2017-11-21T20:46:08.112-0600: 7809.949: Total time for which application threads were stopped: 0.0001203 seconds, Stopping threads took: 0.0000329 seconds
2017-11-21T20:46:08.809-0600: 7810.647: Total time for which application threads were stopped: 0.0001293 seconds, Stopping threads took: 0.0000444 seconds
2017-11-21T20:46:08.810-0600: 7810.648: Total time for which application threads were stopped: 0.0000947 seconds, Stopping threads took: 0.0000265 seconds
2017-11-21T20:46:08.810-0600: 7810.648: Total time for which application threads were stopped: 0.0000823 seconds, Stopping threads took: 0.0000247 seconds
2017-11-21T20:46:08.810-0600: 7810.648: Total time for which application threads were stopped: 0.0000704 seconds, Stopping threads took: 0.0000265 seconds
2017-11-21T20:46:08.810-0600: 7810.648: Total time for which application threads were stopped: 0.0000610 seconds, Stopping threads took: 0.0000209 seconds
2017-11-21T20:46:08.810-0600: 7810.648: Total time for which application threads were stopped: 0.0000713 seconds, Stopping threads took: 0.0000213 seconds
2017-11-21T20:46:08.810-0600: 7810.648: Total time for which application threads were stopped: 0.0000721 seconds, Stopping threads took: 0.0000222 seconds
2017-11-21T20:46:08.811-0600: 7810.648: Total time for which application threads were stopped: 0.0000973 seconds, Stopping threads took: 0.0000230 seconds
2017-11-21T20:46:08.811-0600: 7810.648: Total time for which application threads were stopped: 0.0000542 seconds, Stopping threads took: 0.0000137 seconds
2017-11-21T20:46:08.811-0600: 7810.649: Total time for which application threads were stopped: 0.0000576 seconds, Stopping threads took: 0.0000162 seconds
2017-11-21T20:46:08.811-0600: 7810.649: Total time for which application threads were stopped: 0.0000585 seconds, Stopping threads took: 0.0000175 seconds
2017-11-21T20:46:08.811-0600: 7810.649: Total time for which application threads were stopped: 0.0000567 seconds, Stopping threads took: 0.0000166 seconds
2017-11-21T20:46:08.811-0600: 7810.649: Total time for which application threads were stopped: 0.0000602 seconds, Stopping threads took: 0.0000188 seconds
2017-11-21T20:46:08.811-0600: 7810.649: Total time for which application threads were stopped: 0.0001101 seconds, Stopping threads took: 0.0000188 seconds
2017-11-21T20:46:08.811-0600: 7810.649: Total time for which application threads were stopped: 0.0000593 seconds, Stopping threads took: 0.0000154 seconds
2017-11-21T20:46:08.812-0600: 7810.649: Total time for which application threads were stopped: 0.0000674 seconds, Stopping threads took: 0.0000162 seconds
2017-11-21T20:46:08.812-0600: 7810.649: Total time for which application threads were stopped: 0.0000734 seconds, Stopping threads took: 0.0000235 seconds
2017-11-21T20:46:08.812-0600: 7810.650: Total time for which application threads were stopped: 0.0000836 seconds, Stopping threads took: 0.0000192 seconds
2017-11-21T20:46:08.812-0600: 7810.650: Total time for which application threads were stopped: 0.0000794 seconds, Stopping threads took: 0.0000188 seconds
2017-11-21T20:46:08.812-0600: 7810.650: Total time for which application threads were stopped: 0.0000738 seconds, Stopping threads took: 0.0000213 seconds
2017-11-21T20:46:08.812-0600: 7810.650: Total time for which application threads were stopped: 0.0000661 seconds, Stopping threads took: 0.0000205 seconds
2017-11-21T20:46:08.812-0600: 7810.650: Total time for which application threads were stopped: 0.0000708 seconds, Stopping threads took: 0.0000183 seconds
2017-11-21T20:46:08.813-0600: 7810.650: Total time for which application threads were stopped: 0.0000644 seconds, Stopping threads took: 0.0000119 seconds
2017-11-21T20:46:08.813-0600: 7810.650: Total time for which application threads were stopped: 0.0000576 seconds, Stopping threads took: 0.0000124 seconds
2017-11-21T20:46:08.813-0600: 7810.650: Total time for which application threads were stopped: 0.0000572 seconds, Stopping threads took: 0.0000111 seconds
2017-11-21T20:46:08.813-0600: 7810.651: Total time for which application threads were stopped: 0.0000751 seconds, Stopping threads took: 0.0000158 seconds
2017-11-21T20:46:08.813-0600: 7810.651: Total time for which application threads were stopped: 0.0000687 seconds, Stopping threads took: 0.0000124 seconds
2017-11-21T20:46:08.813-0600: 7810.651: Total time for which application threads were stopped: 0.0000657 seconds, Stopping threads took: 0.0000119 seconds
2017-11-21T20:46:08.813-0600: 7810.651: Total time for which application threads were stopped: 0.0001613 seconds, Stopping threads took: 0.0000141 seconds
2017-11-21T20:46:08.813-0600: 7810.651: Total time for which application threads were stopped: 0.0000683 seconds, Stopping threads took: 0.0000205 seconds
2017-11-21T20:46:08.814-0600: 7810.651: Total time for which application threads were stopped: 0.0000657 seconds, Stopping threads took: 0.0000183 seconds
2017-11-21T20:46:08.814-0600: 7810.651: Total time for which application threads were stopped: 0.0000585 seconds, Stopping threads took: 0.0000183 seconds
2017-11-21T20:46:08.814-0600: 7810.652: Total time for which application threads were stopped: 0.0001007 seconds, Stopping threads took: 0.0000576 seconds
2017-11-21T20:46:08.814-0600: 7810.652: Total time for which application threads were stopped: 0.0000555 seconds, Stopping threads took: 0.0000141 seconds
2017-11-21T20:46:08.814-0600: 7810.652: Total time for which application threads were stopped: 0.0000491 seconds, Stopping threads took: 0.0000175 seconds
2017-11-21T20:46:08.814-0600: 7810.652: Total time for which application threads were stopped: 0.0000542 seconds, Stopping threads took: 0.0000205 seconds
2017-11-21T20:46:08.815-0600: 7810.652: Total time for which application threads were stopped: 0.0001301 seconds, Stopping threads took: 0.0000183 seconds
2017-11-21T20:46:08.815-0600: 7810.653: Total time for which application threads were stopped: 0.0000649 seconds, Stopping threads took: 0.0000179 seconds
2017-11-21T20:46:08.815-0600: 7810.653: Total time for which application threads were stopped: 0.0000823 seconds, Stopping threads took: 0.0000183 seconds
2017-11-21T20:46:08.815-0600: 7810.653: Total time for which application threads were stopped: 0.0000708 seconds, Stopping threads took: 0.0000226 seconds
2017-11-21T20:46:08.815-0600: 7810.653: Total time for which application threads were stopped: 0.0001549 seconds, Stopping threads took: 0.0000141 seconds
2017-11-21T20:46:08.824-0600: 7810.662: Total time for which application threads were stopped: 0.0001186 seconds, Stopping threads took: 0.0000226 seconds
2017-11-21T20:46:09.825-0600: 7811.662: Total time for which application threads were stopped: 0.0001361 seconds, Stopping threads took: 0.0000457 seconds
2017-11-21T20:46:27.555-0600: 7829.393: Total time for which application threads were stopped: 0.0001024 seconds, Stopping threads took: 0.0000243 seconds
2017-11-21T20:46:28.556-0600: 7830.393: Total time for which application threads were stopped: 0.0000909 seconds, Stopping threads took: 0.0000256 seconds
2017-11-21T20:46:39.924-0600: 7841.762: Total time for which application threads were stopped: 0.0001340 seconds, Stopping threads took: 0.0000341 seconds
2017-11-21T20:46:40.106-0600: 7841.943: Total time for which application threads were stopped: 0.0001267 seconds, Stopping threads took: 0.0000265 seconds
{Heap before GC invocations=42 (full 2):
 par new generation   total 109248K, used 97243K [0x14800000, 0x1c800000, 0x1c800000)
  eden space 87424K,  99% used [0x14800000, 0x19d2e868, 0x19d60000)
  from space 21824K,  45% used [0x19d60000, 0x1a728700, 0x1b2b0000)
  to   space 21824K,   0% used [0x1b2b0000, 0x1b2b0000, 0x1c800000)
 concurrent mark-sweep generation total 393216K, used 53183K [0x1c800000, 0x34800000, 0x34800000)
 Metaspace       used 33880K, capacity 34525K, committed 34688K, reserved 35200K
2017-11-21T20:46:40.120-0600: 7841.957: [GC (Allocation Failure) 2017-11-21T20:46:40.120-0600: 7841.957: [ParNew
Desired survivor size 20112996 bytes, new threshold 8 (max 8)
- age   1:    4272152 bytes,    4272152 total
- age   2:     384600 bytes,    4656752 total
- age   3:     267560 bytes,    4924312 total
- age   4:    4492488 bytes,    9416800 total
- age   5:     158200 bytes,    9575000 total
- age   6:      83760 bytes,    9658760 total
: 97243K->11196K(109248K), 0.0059029 secs] 150427K->64380K(502464K), 0.0059819 secs] [Times: user=0.00 sys=0.00, real=0.01 secs] 
Heap after GC invocations=43 (full 2):
 par new generation   total 109248K, used 11196K [0x14800000, 0x1c800000, 0x1c800000)
  eden space 87424K,   0% used [0x14800000, 0x14800000, 0x19d60000)
  from space 21824K,  51% used [0x1b2b0000, 0x1bd9f2b8, 0x1c800000)
  to   space 21824K,   0% used [0x19d60000, 0x19d60000, 0x1b2b0000)
 concurrent mark-sweep generation total 393216K, used 53183K [0x1c800000, 0x34800000, 0x34800000)
 Metaspace       used 33880K, capacity 34525K, committed 34688K, reserved 35200K
}
2017-11-21T20:46:40.126-0600: 7841.963: Total time for which application threads were stopped: 0.0061756 seconds, Stopping threads took: 0.0000260 seconds
2017-11-21T20:46:40.126-0600: 7841.963: Total time for which application threads were stopped: 0.0001451 seconds, Stopping threads took: 0.0000435 seconds
2017-11-21T20:46:40.138-0600: 7841.975: Total time for which application threads were stopped: 0.0001212 seconds, Stopping threads took: 0.0000371 seconds
2017-11-21T20:46:40.613-0600: 7842.450: Total time for which application threads were stopped: 0.0002027 seconds, Stopping threads took: 0.0000269 seconds
2017-11-21T20:46:40.614-0600: 7842.451: Total time for which application threads were stopped: 0.0001587 seconds, Stopping threads took: 0.0000444 seconds
2017-11-21T20:46:40.622-0600: 7842.459: Total time for which application threads were stopped: 0.0001058 seconds, Stopping threads took: 0.0000247 seconds
{Heap before GC invocations=43 (full 2):
 par new generation   total 109248K, used 98145K [0x14800000, 0x1c800000, 0x1c800000)
  eden space 87424K,  99% used [0x14800000, 0x19ce92a0, 0x19d60000)
  from space 21824K,  51% used [0x1b2b0000, 0x1bd9f2b8, 0x1c800000)
  to   space 21824K,   0% used [0x19d60000, 0x19d60000, 0x1b2b0000)
 concurrent mark-sweep generation total 393216K, used 53183K [0x1c800000, 0x34800000, 0x34800000)
 Metaspace       used 33897K, capacity 34557K, committed 34688K, reserved 35200K
2017-11-21T20:46:46.194-0600: 7848.032: [GC (Allocation Failure) 2017-11-21T20:46:46.194-0600: 7848.032: [ParNew
Desired survivor size 20112996 bytes, new threshold 8 (max 8)
- age   1:    5282400 bytes,    5282400 total
- age   2:     278792 bytes,    5561192 total
- age   3:     383136 bytes,    5944328 total
- age   4:     267560 bytes,    6211888 total
- age   5:    4492488 bytes,   10704376 total
- age   6:     158200 bytes,   10862576 total
- age   7:      83760 bytes,   10946336 total
: 98145K->13586K(109248K), 0.0069350 secs] 151328K->66769K(502464K), 0.0070353 secs] [Times: user=0.00 sys=0.00, real=0.01 secs] 
Heap after GC invocations=44 (full 2):
 par new generation   total 109248K, used 13586K [0x14800000, 0x1c800000, 0x1c800000)
  eden space 87424K,   0% used [0x14800000, 0x14800000, 0x19d60000)
  from space 21824K,  62% used [0x19d60000, 0x1aaa4960, 0x1b2b0000)
  to   space 21824K,   0% used [0x1b2b0000, 0x1b2b0000, 0x1c800000)
 concurrent mark-sweep generation total 393216K, used 53183K [0x1c800000, 0x34800000, 0x34800000)
 Metaspace       used 33897K, capacity 34557K, committed 34688K, reserved 35200K
}
2017-11-21T20:46:46.201-0600: 7848.039: Total time for which application threads were stopped: 0.0073382 seconds, Stopping threads took: 0.0000256 seconds
2017-11-21T20:46:46.202-0600: 7848.039: Total time for which application threads were stopped: 0.0002615 seconds, Stopping threads took: 0.0000819 seconds
2017-11-21T20:46:46.211-0600: 7848.049: Total time for which application threads were stopped: 0.0001007 seconds, Stopping threads took: 0.0000269 seconds
2017-11-21T20:46:46.212-0600: 7848.049: Total time for which application threads were stopped: 0.0000713 seconds, Stopping threads took: 0.0000158 seconds
2017-11-21T20:46:46.651-0600: 7848.488: Total time for which application threads were stopped: 0.0001203 seconds, Stopping threads took: 0.0000230 seconds
2017-11-21T20:46:46.651-0600: 7848.488: Total time for which application threads were stopped: 0.0000742 seconds, Stopping threads took: 0.0000107 seconds
2017-11-21T20:46:46.653-0600: 7848.490: Total time for which application threads were stopped: 0.0001148 seconds, Stopping threads took: 0.0000358 seconds
2017-11-21T20:46:46.653-0600: 7848.490: Total time for which application threads were stopped: 0.0000725 seconds, Stopping threads took: 0.0000235 seconds
2017-11-21T20:46:46.653-0600: 7848.490: Total time for which application threads were stopped: 0.0000657 seconds, Stopping threads took: 0.0000209 seconds
2017-11-21T20:46:46.653-0600: 7848.491: Total time for which application threads were stopped: 0.0000636 seconds, Stopping threads took: 0.0000188 seconds
2017-11-21T20:46:46.661-0600: 7848.499: Total time for which application threads were stopped: 0.0001054 seconds, Stopping threads took: 0.0000226 seconds
2017-11-21T20:46:53.513-0600: 7855.350: Total time for which application threads were stopped: 0.0011618 seconds, Stopping threads took: 0.0000286 seconds
2017-11-21T20:46:53.535-0600: 7855.372: Total time for which application threads were stopped: 0.0001216 seconds, Stopping threads took: 0.0000260 seconds
2017-11-21T20:46:53.535-0600: 7855.373: Total time for which application threads were stopped: 0.0001067 seconds, Stopping threads took: 0.0000277 seconds
2017-11-21T20:46:54.284-0600: 7856.121: Total time for which application threads were stopped: 0.0001715 seconds, Stopping threads took: 0.0000350 seconds
2017-11-21T20:46:54.284-0600: 7856.122: Total time for which application threads were stopped: 0.0000930 seconds, Stopping threads took: 0.0000179 seconds
2017-11-21T20:46:54.284-0600: 7856.122: Total time for which application threads were stopped: 0.0000909 seconds, Stopping threads took: 0.0000179 seconds
2017-11-21T20:46:54.285-0600: 7856.123: Total time for which application threads were stopped: 0.0001024 seconds, Stopping threads took: 0.0000183 seconds
2017-11-21T20:46:54.331-0600: 7856.169: Total time for which application threads were stopped: 0.0001263 seconds, Stopping threads took: 0.0000222 seconds
2017-11-21T20:48:15.049-0600: 7936.886: Total time for which application threads were stopped: 0.0001451 seconds, Stopping threads took: 0.0000311 seconds
{Heap before GC invocations=44 (full 2):
 par new generation   total 109248K, used 101010K [0x14800000, 0x1c800000, 0x1c800000)
  eden space 87424K, 100% used [0x14800000, 0x19d60000, 0x19d60000)
  from space 21824K,  62% used [0x19d60000, 0x1aaa4960, 0x1b2b0000)
  to   space 21824K,   0% used [0x1b2b0000, 0x1b2b0000, 0x1c800000)
 concurrent mark-sweep generation total 393216K, used 53183K [0x1c800000, 0x34800000, 0x34800000)
 Metaspace       used 33938K, capacity 34592K, committed 34688K, reserved 35200K
2017-11-21T20:48:27.990-0600: 7949.826: [GC (Allocation Failure) 2017-11-21T20:48:27.990-0600: 7949.827: [ParNew
Desired survivor size 20112996 bytes, new threshold 8 (max 8)
- age   1:    6128992 bytes,    6128992 total
- age   2:     179400 bytes,    6308392 total
- age   3:     275984 bytes,    6584376 total
- age   4:     382928 bytes,    6967304 total
- age   5:     267560 bytes,    7234864 total
- age   6:    4492488 bytes,   11727352 total
- age   7:     157808 bytes,   11885160 total
- age   8:      83760 bytes,   11968920 total
: 101010K->17384K(109248K), 0.0076582 secs] 154193K->70568K(502464K), 0.0077312 secs] [Times: user=0.06 sys=0.00, real=0.01 secs] 
Heap after GC invocations=45 (full 2):
 par new generation   total 109248K, used 17384K [0x14800000, 0x1c800000, 0x1c800000)
  eden space 87424K,   0% used [0x14800000, 0x14800000, 0x19d60000)
  from space 21824K,  79% used [0x1b2b0000, 0x1c3aa388, 0x1c800000)
  to   space 21824K,   0% used [0x19d60000, 0x19d60000, 0x1b2b0000)
 concurrent mark-sweep generation total 393216K, used 53183K [0x1c800000, 0x34800000, 0x34800000)
 Metaspace       used 33938K, capacity 34592K, committed 34688K, reserved 35200K
}
2017-11-21T20:48:27.997-0600: 7949.834: Total time for which application threads were stopped: 0.0081148 seconds, Stopping threads took: 0.0000282 seconds
2017-11-21T20:48:27.998-0600: 7949.835: Total time for which application threads were stopped: 0.0001647 seconds, Stopping threads took: 0.0000602 seconds
2017-11-21T20:48:28.007-0600: 7949.844: Total time for which application threads were stopped: 0.0001152 seconds, Stopping threads took: 0.0000474 seconds
2017-11-21T20:48:28.062-0600: 7949.899: Total time for which application threads were stopped: 0.0001101 seconds, Stopping threads took: 0.0000282 seconds
2017-11-21T20:48:28.062-0600: 7949.899: Total time for which application threads were stopped: 0.0000947 seconds, Stopping threads took: 0.0000273 seconds
2017-11-21T20:48:28.543-0600: 7950.381: Total time for which application threads were stopped: 0.0001327 seconds, Stopping threads took: 0.0000448 seconds
2017-11-21T20:48:28.543-0600: 7950.381: Total time for which application threads were stopped: 0.0001015 seconds, Stopping threads took: 0.0000256 seconds
2017-11-21T20:48:28.544-0600: 7950.381: Total time for which application threads were stopped: 0.0000772 seconds, Stopping threads took: 0.0000179 seconds
2017-11-21T20:48:28.549-0600: 7950.386: Total time for which application threads were stopped: 0.0001276 seconds, Stopping threads took: 0.0000358 seconds
2017-11-21T20:48:28.549-0600: 7950.386: Total time for which application threads were stopped: 0.0000819 seconds, Stopping threads took: 0.0000175 seconds
2017-11-21T20:48:28.549-0600: 7950.386: Total time for which application threads were stopped: 0.0000721 seconds, Stopping threads took: 0.0000149 seconds
2017-11-21T20:48:28.549-0600: 7950.386: Total time for which application threads were stopped: 0.0000700 seconds, Stopping threads took: 0.0000141 seconds
2017-11-21T20:48:28.566-0600: 7950.403: Total time for which application threads were stopped: 0.0001195 seconds, Stopping threads took: 0.0000218 seconds
2017-11-21T20:48:29.567-0600: 7951.404: Total time for which application threads were stopped: 0.0001506 seconds, Stopping threads took: 0.0000845 seconds
2017-11-21T20:48:32.295-0600: 7954.132: Total time for which application threads were stopped: 0.0001118 seconds, Stopping threads took: 0.0000286 seconds
2017-11-21T20:48:32.299-0600: 7954.137: Total time for which application threads were stopped: 0.0001463 seconds, Stopping threads took: 0.0000474 seconds
2017-11-21T20:48:32.300-0600: 7954.137: Total time for which application threads were stopped: 0.0001097 seconds, Stopping threads took: 0.0000282 seconds
2017-11-21T20:48:32.345-0600: 7954.183: Total time for which application threads were stopped: 0.0000994 seconds, Stopping threads took: 0.0000192 seconds
2017-11-21T20:48:32.360-0600: 7954.197: Total time for which application threads were stopped: 0.0001442 seconds, Stopping threads took: 0.0000563 seconds
2017-11-21T20:48:32.971-0600: 7954.809: Total time for which application threads were stopped: 0.0001143 seconds, Stopping threads took: 0.0000282 seconds
2017-11-21T20:48:32.974-0600: 7954.812: Total time for which application threads were stopped: 0.0001079 seconds, Stopping threads took: 0.0000235 seconds
2017-11-21T20:48:32.974-0600: 7954.812: Total time for which application threads were stopped: 0.0000653 seconds, Stopping threads took: 0.0000115 seconds
2017-11-21T20:48:32.975-0600: 7954.812: Total time for which application threads were stopped: 0.0001523 seconds, Stopping threads took: 0.0000098 seconds
2017-11-21T20:48:59.800-0600: 7981.637: Total time for which application threads were stopped: 0.0001963 seconds, Stopping threads took: 0.0000329 seconds
{Heap before GC invocations=45 (full 2):
 par new generation   total 109248K, used 104808K [0x14800000, 0x1c800000, 0x1c800000)
  eden space 87424K, 100% used [0x14800000, 0x19d60000, 0x19d60000)
  from space 21824K,  79% used [0x1b2b0000, 0x1c3aa388, 0x1c800000)
  to   space 21824K,   0% used [0x19d60000, 0x19d60000, 0x1b2b0000)
 concurrent mark-sweep generation total 393216K, used 53183K [0x1c800000, 0x34800000, 0x34800000)
 Metaspace       used 33961K, capacity 34592K, committed 34688K, reserved 35200K
2017-11-21T20:49:00.030-0600: 7981.867: [GC (Allocation Failure) 2017-11-21T20:49:00.030-0600: 7981.867: [ParNew
Desired survivor size 20112996 bytes, new threshold 8 (max 8)
- age   1:    3596816 bytes,    3596816 total
- age   2:    1742440 bytes,    5339256 total
- age   3:     178192 bytes,    5517448 total
- age   4:     275808 bytes,    5793256 total
- age   5:     382896 bytes,    6176152 total
- age   6:     267560 bytes,    6443712 total
- age   7:    4492488 bytes,   10936200 total
- age   8:     157808 bytes,   11094008 total
: 104808K->15450K(109248K), 0.0070878 secs] 157992K->68715K(502464K), 0.0071876 secs] [Times: user=0.00 sys=0.00, real=0.01 secs] 
Heap after GC invocations=46 (full 2):
 par new generation   total 109248K, used 15450K [0x14800000, 0x1c800000, 0x1c800000)
  eden space 87424K,   0% used [0x14800000, 0x14800000, 0x19d60000)
  from space 21824K,  70% used [0x19d60000, 0x1ac76830, 0x1b2b0000)
  to   space 21824K,   0% used [0x1b2b0000, 0x1b2b0000, 0x1c800000)
 concurrent mark-sweep generation total 393216K, used 53265K [0x1c800000, 0x34800000, 0x34800000)
 Metaspace       used 33961K, capacity 34592K, committed 34688K, reserved 35200K
}
2017-11-21T20:49:00.037-0600: 7981.874: Total time for which application threads were stopped: 0.0074726 seconds, Stopping threads took: 0.0000350 seconds
2017-11-21T20:49:00.038-0600: 7981.875: Total time for which application threads were stopped: 0.0001630 seconds, Stopping threads took: 0.0000329 seconds
{Heap before GC invocations=46 (full 2):
 par new generation   total 109248K, used 102874K [0x14800000, 0x1c800000, 0x1c800000)
  eden space 87424K, 100% used [0x14800000, 0x19d60000, 0x19d60000)
  from space 21824K,  70% used [0x19d60000, 0x1ac76830, 0x1b2b0000)
  to   space 21824K,   0% used [0x1b2b0000, 0x1b2b0000, 0x1c800000)
 concurrent mark-sweep generation total 393216K, used 53265K [0x1c800000, 0x34800000, 0x34800000)
 Metaspace       used 33966K, capacity 34592K, committed 34688K, reserved 35200K
2017-11-21T20:49:00.478-0600: 7982.315: [GC (Allocation Failure) 2017-11-21T20:49:00.478-0600: 7982.315: [ParNew
Desired survivor size 20112996 bytes, new threshold 8 (max 8)
- age   1:    1758952 bytes,    1758952 total
- age   2:    2432600 bytes,    4191552 total
- age   3:     304504 bytes,    4496056 total
- age   4:     178192 bytes,    4674248 total
- age   5:     275808 bytes,    4950056 total
- age   6:     382896 bytes,    5332952 total
- age   7:     267560 bytes,    5600512 total
- age   8:    4492488 bytes,   10093000 total
: 102874K->13003K(109248K), 0.0076702 secs] 156139K->66423K(502464K), 0.0077653 secs] [Times: user=0.00 sys=0.00, real=0.01 secs] 
Heap after GC invocations=47 (full 2):
 par new generation   total 109248K, used 13003K [0x14800000, 0x1c800000, 0x1c800000)
  eden space 87424K,   0% used [0x14800000, 0x14800000, 0x19d60000)
  from space 21824K,  59% used [0x1b2b0000, 0x1bf62ea8, 0x1c800000)
  to   space 21824K,   0% used [0x19d60000, 0x19d60000, 0x1b2b0000)
 concurrent mark-sweep generation total 393216K, used 53419K [0x1c800000, 0x34800000, 0x34800000)
 Metaspace       used 33966K, capacity 34592K, committed 34688K, reserved 35200K
}
2017-11-21T20:49:00.485-0600: 7982.323: Total time for which application threads were stopped: 0.0080171 seconds, Stopping threads took: 0.0000311 seconds
2017-11-21T20:49:00.502-0600: 7982.340: Total time for which application threads were stopped: 0.0001250 seconds, Stopping threads took: 0.0000393 seconds
2017-11-21T20:49:00.529-0600: 7982.366: Total time for which application threads were stopped: 0.0001263 seconds, Stopping threads took: 0.0000299 seconds
2017-11-21T20:49:01.112-0600: 7982.949: Total time for which application threads were stopped: 0.0001079 seconds, Stopping threads took: 0.0000333 seconds
2017-11-21T20:49:01.126-0600: 7982.963: Total time for which application threads were stopped: 0.0001195 seconds, Stopping threads took: 0.0000320 seconds
2017-11-21T20:49:50.843-0600: 8032.681: Total time for which application threads were stopped: 0.0001463 seconds, Stopping threads took: 0.0000397 seconds
2017-11-21T20:49:51.036-0600: 8032.874: Total time for which application threads were stopped: 0.0001323 seconds, Stopping threads took: 0.0000363 seconds
2017-11-21T20:49:51.037-0600: 8032.874: Total time for which application threads were stopped: 0.0001195 seconds, Stopping threads took: 0.0000213 seconds
2017-11-21T20:49:51.156-0600: 8032.993: Total time for which application threads were stopped: 0.0001399 seconds, Stopping threads took: 0.0000324 seconds
{Heap before GC invocations=47 (full 2):
 par new generation   total 109248K, used 99922K [0x14800000, 0x1c800000, 0x1c800000)
  eden space 87424K,  99% used [0x14800000, 0x19ce1b08, 0x19d60000)
  from space 21824K,  59% used [0x1b2b0000, 0x1bf62ea8, 0x1c800000)
  to   space 21824K,   0% used [0x19d60000, 0x19d60000, 0x1b2b0000)
 concurrent mark-sweep generation total 393216K, used 53419K [0x1c800000, 0x34800000, 0x34800000)
 Metaspace       used 33983K, capacity 34592K, committed 34688K, reserved 35200K
2017-11-21T20:49:51.172-0600: 8033.009: [GC (Allocation Failure) 2017-11-21T20:49:51.172-0600: 8033.009: [ParNew
Desired survivor size 20112996 bytes, new threshold 8 (max 8)
- age   1:    3545712 bytes,    3545712 total
- age   2:      81568 bytes,    3627280 total
- age   3:    1202464 bytes,    4829744 total
- age   4:     304152 bytes,    5133896 total
- age   5:     178192 bytes,    5312088 total
- age   6:     275808 bytes,    5587896 total
- age   7:     382896 bytes,    5970792 total
- age   8:     267560 bytes,    6238352 total
: 99922K->8996K(109248K), 0.0080845 secs] 153341K->66803K(502464K), 0.0081877 secs] [Times: user=0.05 sys=0.00, real=0.01 secs] 
Heap after GC invocations=48 (full 2):
 par new generation   total 109248K, used 8996K [0x14800000, 0x1c800000, 0x1c800000)
  eden space 87424K,   0% used [0x14800000, 0x14800000, 0x19d60000)
  from space 21824K,  41% used [0x19d60000, 0x1a629300, 0x1b2b0000)
  to   space 21824K,   0% used [0x1b2b0000, 0x1b2b0000, 0x1c800000)
 concurrent mark-sweep generation total 393216K, used 57806K [0x1c800000, 0x34800000, 0x34800000)
 Metaspace       used 33983K, capacity 34592K, committed 34688K, reserved 35200K
}
2017-11-21T20:49:51.180-0600: 8033.017: Total time for which application threads were stopped: 0.0084331 seconds, Stopping threads took: 0.0000303 seconds
2017-11-21T20:49:51.180-0600: 8033.018: Total time for which application threads were stopped: 0.0002368 seconds, Stopping threads took: 0.0001122 seconds
2017-11-21T20:49:51.195-0600: 8033.032: Total time for which application threads were stopped: 0.0001357 seconds, Stopping threads took: 0.0000337 seconds
2017-11-21T20:49:51.644-0600: 8033.482: Total time for which application threads were stopped: 0.0000934 seconds, Stopping threads took: 0.0000218 seconds
2017-11-21T20:49:51.644-0600: 8033.482: Total time for which application threads were stopped: 0.0001762 seconds, Stopping threads took: 0.0001114 seconds
2017-11-21T20:49:51.645-0600: 8033.482: Total time for which application threads were stopped: 0.0001058 seconds, Stopping threads took: 0.0000243 seconds
2017-11-21T20:49:51.645-0600: 8033.482: Total time for which application threads were stopped: 0.0000670 seconds, Stopping threads took: 0.0000171 seconds
2017-11-21T20:49:51.645-0600: 8033.482: Total time for which application threads were stopped: 0.0000542 seconds, Stopping threads took: 0.0000158 seconds
2017-11-21T20:49:51.645-0600: 8033.482: Total time for which application threads were stopped: 0.0001165 seconds, Stopping threads took: 0.0000606 seconds
2017-11-21T20:49:51.647-0600: 8033.485: Total time for which application threads were stopped: 0.0000922 seconds, Stopping threads took: 0.0000303 seconds
2017-11-21T20:49:51.648-0600: 8033.485: Total time for which application threads were stopped: 0.0000704 seconds, Stopping threads took: 0.0000183 seconds
2017-11-21T20:49:51.648-0600: 8033.485: Total time for which application threads were stopped: 0.0000563 seconds, Stopping threads took: 0.0000111 seconds
2017-11-21T20:49:51.648-0600: 8033.485: Total time for which application threads were stopped: 0.0000499 seconds, Stopping threads took: 0.0000107 seconds
2017-11-21T20:49:55.250-0600: 8037.087: Total time for which application threads were stopped: 0.0001156 seconds, Stopping threads took: 0.0000320 seconds
2017-11-21T20:49:55.250-0600: 8037.087: Total time for which application threads were stopped: 0.0000960 seconds, Stopping threads took: 0.0000384 seconds
2017-11-21T20:49:55.288-0600: 8037.125: Total time for which application threads were stopped: 0.0001933 seconds, Stopping threads took: 0.0000286 seconds
2017-11-21T20:49:55.289-0600: 8037.126: Total time for which application threads were stopped: 0.0002159 seconds, Stopping threads took: 0.0000512 seconds
2017-11-21T20:49:55.307-0600: 8037.144: Total time for which application threads were stopped: 0.0001242 seconds, Stopping threads took: 0.0000337 seconds
2017-11-21T20:49:55.841-0600: 8037.679: Total time for which application threads were stopped: 0.0001331 seconds, Stopping threads took: 0.0000294 seconds
2017-11-21T20:49:55.842-0600: 8037.680: Total time for which application threads were stopped: 0.0001873 seconds, Stopping threads took: 0.0000678 seconds
2017-11-21T20:49:55.842-0600: 8037.680: Total time for which application threads were stopped: 0.0001754 seconds, Stopping threads took: 0.0000559 seconds
2017-11-21T20:49:55.844-0600: 8037.682: Total time for which application threads were stopped: 0.0001792 seconds, Stopping threads took: 0.0000337 seconds
2017-11-21T20:49:55.845-0600: 8037.683: Total time for which application threads were stopped: 0.0001779 seconds, Stopping threads took: 0.0000286 seconds
2017-11-21T20:49:55.845-0600: 8037.683: Total time for which application threads were stopped: 0.0001289 seconds, Stopping threads took: 0.0000307 seconds
2017-11-21T20:49:55.846-0600: 8037.683: Total time for which application threads were stopped: 0.0000934 seconds, Stopping threads took: 0.0000252 seconds
2017-11-21T20:49:55.846-0600: 8037.683: Total time for which application threads were stopped: 0.0000828 seconds, Stopping threads took: 0.0000149 seconds
2017-11-21T20:49:55.846-0600: 8037.683: Total time for which application threads were stopped: 0.0001178 seconds, Stopping threads took: 0.0000538 seconds
2017-11-21T20:49:55.846-0600: 8037.684: Total time for which application threads were stopped: 0.0000858 seconds, Stopping threads took: 0.0000320 seconds
2017-11-21T20:49:55.846-0600: 8037.684: Total time for which application threads were stopped: 0.0001207 seconds, Stopping threads took: 0.0000614 seconds
2017-11-21T20:49:55.847-0600: 8037.685: Total time for which application threads were stopped: 0.0001284 seconds, Stopping threads took: 0.0000239 seconds
2017-11-21T20:49:55.848-0600: 8037.685: Total time for which application threads were stopped: 0.0001169 seconds, Stopping threads took: 0.0000166 seconds
2017-11-21T20:49:55.848-0600: 8037.685: Total time for which application threads were stopped: 0.0000943 seconds, Stopping threads took: 0.0000124 seconds
2017-11-21T20:49:55.848-0600: 8037.686: Total time for which application threads were stopped: 0.0000828 seconds, Stopping threads took: 0.0000102 seconds
2017-11-21T20:49:55.848-0600: 8037.686: Total time for which application threads were stopped: 0.0000785 seconds, Stopping threads took: 0.0000137 seconds
2017-11-21T20:49:55.849-0600: 8037.686: Total time for which application threads were stopped: 0.0000875 seconds, Stopping threads took: 0.0000098 seconds
2017-11-21T20:49:55.851-0600: 8037.689: Total time for which application threads were stopped: 0.0001357 seconds, Stopping threads took: 0.0000269 seconds
2017-11-21T20:49:55.852-0600: 8037.689: Total time for which application threads were stopped: 0.0000772 seconds, Stopping threads took: 0.0000192 seconds
2017-11-21T20:49:55.852-0600: 8037.690: Total time for which application threads were stopped: 0.0001664 seconds, Stopping threads took: 0.0000141 seconds
{Heap before GC invocations=48 (full 2):
 par new generation   total 109248K, used 96414K [0x14800000, 0x1c800000, 0x1c800000)
  eden space 87424K,  99% used [0x14800000, 0x19d5e7f8, 0x19d60000)
  from space 21824K,  41% used [0x19d60000, 0x1a629300, 0x1b2b0000)
  to   space 21824K,   0% used [0x1b2b0000, 0x1b2b0000, 0x1c800000)
 concurrent mark-sweep generation total 393216K, used 57806K [0x1c800000, 0x34800000, 0x34800000)
 Metaspace       used 34029K, capacity 34656K, committed 34816K, reserved 35200K
2017-11-21T20:49:55.997-0600: 8037.834: [GC (Allocation Failure) 2017-11-21T20:49:55.997-0600: 8037.834: [ParNew
Desired survivor size 20112996 bytes, new threshold 8 (max 8)
- age   1:     942912 bytes,     942912 total
- age   2:     204968 bytes,    1147880 total
- age   3:         88 bytes,    1147968 total
- age   4:     336488 bytes,    1484456 total
- age   5:     303816 bytes,    1788272 total
- age   6:     177448 bytes,    1965720 total
- age   7:     275544 bytes,    2241264 total
- age   8:     382896 bytes,    2624160 total
: 96414K->4462K(109248K), 0.0131785 secs] 154221K->62530K(502464K), 0.0132736 secs] [Times: user=0.06 sys=0.00, real=0.01 secs] 
Heap after GC invocations=49 (full 2):
 par new generation   total 109248K, used 4462K [0x14800000, 0x1c800000, 0x1c800000)
  eden space 87424K,   0% used [0x14800000, 0x14800000, 0x19d60000)
  from space 21824K,  20% used [0x1b2b0000, 0x1b70b8e8, 0x1c800000)
  to   space 21824K,   0% used [0x19d60000, 0x19d60000, 0x1b2b0000)
 concurrent mark-sweep generation total 393216K, used 58067K [0x1c800000, 0x34800000, 0x34800000)
 Metaspace       used 34029K, capacity 34656K, committed 34816K, reserved 35200K
}
2017-11-21T20:49:56.010-0600: 8037.847: Total time for which application threads were stopped: 0.0135386 seconds, Stopping threads took: 0.0000363 seconds
2017-11-21T20:49:56.011-0600: 8037.848: Total time for which application threads were stopped: 0.0002014 seconds, Stopping threads took: 0.0000649 seconds
2017-11-21T20:49:57.011-0600: 8038.848: Total time for which application threads were stopped: 0.0001340 seconds, Stopping threads took: 0.0000333 seconds
2017-11-21T20:50:07.736-0600: 8049.573: Total time for which application threads were stopped: 0.0001003 seconds, Stopping threads took: 0.0000273 seconds
2017-11-21T20:50:07.736-0600: 8049.573: Total time for which application threads were stopped: 0.0000674 seconds, Stopping threads took: 0.0000175 seconds
2017-11-21T20:50:07.736-0600: 8049.573: Total time for which application threads were stopped: 0.0000516 seconds, Stopping threads took: 0.0000115 seconds
2017-11-21T20:50:07.736-0600: 8049.573: Total time for which application threads were stopped: 0.0000559 seconds, Stopping threads took: 0.0000166 seconds
2017-11-21T20:50:07.736-0600: 8049.573: Total time for which application threads were stopped: 0.0000661 seconds, Stopping threads took: 0.0000137 seconds
2017-11-21T20:50:07.736-0600: 8049.574: Total time for which application threads were stopped: 0.0001489 seconds, Stopping threads took: 0.0000128 seconds
{Heap before GC invocations=49 (full 2):
 par new generation   total 109248K, used 91886K [0x14800000, 0x1c800000, 0x1c800000)
  eden space 87424K, 100% used [0x14800000, 0x19d60000, 0x19d60000)
  from space 21824K,  20% used [0x1b2b0000, 0x1b70b8e8, 0x1c800000)
  to   space 21824K,   0% used [0x19d60000, 0x19d60000, 0x1b2b0000)
 concurrent mark-sweep generation total 393216K, used 58067K [0x1c800000, 0x34800000, 0x34800000)
 Metaspace       used 34053K, capacity 34656K, committed 34816K, reserved 35200K
2017-11-21T20:50:08.062-0600: 8049.900: [GC (Allocation Failure) 2017-11-21T20:50:08.063-0600: 8049.900: [ParNew
Desired survivor size 20112996 bytes, new threshold 8 (max 8)
- age   1:    9189480 bytes,    9189480 total
- age   2:     663648 bytes,    9853128 total
- age   3:     203640 bytes,   10056768 total
- age   4:         88 bytes,   10056856 total
- age   5:     335848 bytes,   10392704 total
- age   6:     303024 bytes,   10695728 total
- age   7:     177144 bytes,   10872872 total
- age   8:     274680 bytes,   11147552 total
: 91886K->11378K(109248K), 0.0064764 secs] 149954K->69820K(502464K), 0.0065685 secs] [Times: user=0.03 sys=0.00, real=0.01 secs] 
Heap after GC invocations=50 (full 2):
 par new generation   total 109248K, used 11378K [0x14800000, 0x1c800000, 0x1c800000)
  eden space 87424K,   0% used [0x14800000, 0x14800000, 0x19d60000)
  from space 21824K,  52% used [0x19d60000, 0x1a87ca50, 0x1b2b0000)
  to   space 21824K,   0% used [0x1b2b0000, 0x1b2b0000, 0x1c800000)
 concurrent mark-sweep generation total 393216K, used 58442K [0x1c800000, 0x34800000, 0x34800000)
 Metaspace       used 34053K, capacity 34656K, committed 34816K, reserved 35200K
}
2017-11-21T20:50:08.069-0600: 8049.906: Total time for which application threads were stopped: 0.0068190 seconds, Stopping threads took: 0.0000277 seconds
2017-11-21T20:50:08.069-0600: 8049.906: Total time for which application threads were stopped: 0.0001156 seconds, Stopping threads took: 0.0000286 seconds
2017-11-21T20:50:08.242-0600: 8050.080: Total time for which application threads were stopped: 0.0001122 seconds, Stopping threads took: 0.0000320 seconds
{Heap before GC invocations=50 (full 2):
 par new generation   total 109248K, used 98309K [0x14800000, 0x1c800000, 0x1c800000)
  eden space 87424K,  99% used [0x14800000, 0x19ce4c28, 0x19d60000)
  from space 21824K,  52% used [0x19d60000, 0x1a87ca50, 0x1b2b0000)
  to   space 21824K,   0% used [0x1b2b0000, 0x1b2b0000, 0x1c800000)
 concurrent mark-sweep generation total 393216K, used 58442K [0x1c800000, 0x34800000, 0x34800000)
 Metaspace       used 34068K, capacity 34688K, committed 34816K, reserved 35200K
2017-11-21T20:50:08.263-0600: 8050.101: [GC (Allocation Failure) 2017-11-21T20:50:08.263-0600: 8050.101: [ParNew
Desired survivor size 20112996 bytes, new threshold 8 (max 8)
- age   1:    2319040 bytes,    2319040 total
- age   2:    3767056 bytes,    6086096 total
- age   3:     662960 bytes,    6749056 total
- age   4:     203424 bytes,    6952480 total
- age   5:         88 bytes,    6952568 total
- age   6:     335696 bytes,    7288264 total
- age   7:     302800 bytes,    7591064 total
- age   8:     177136 bytes,    7768200 total
: 98309K->12094K(109248K), 0.0069346 secs] 156751K->70805K(502464K), 0.0071164 secs] [Times: user=0.00 sys=0.00, real=0.01 secs] 
Heap after GC invocations=51 (full 2):
 par new generation   total 109248K, used 12094K [0x14800000, 0x1c800000, 0x1c800000)
  eden space 87424K,   0% used [0x14800000, 0x14800000, 0x19d60000)
  from space 21824K,  55% used [0x1b2b0000, 0x1be7f9a0, 0x1c800000)
  to   space 21824K,   0% used [0x19d60000, 0x19d60000, 0x1b2b0000)
 concurrent mark-sweep generation total 393216K, used 58710K [0x1c800000, 0x34800000, 0x34800000)
 Metaspace       used 34068K, capacity 34688K, committed 34816K, reserved 35200K
}
2017-11-21T20:50:08.270-0600: 8050.108: Total time for which application threads were stopped: 0.0073707 seconds, Stopping threads took: 0.0000358 seconds
2017-11-21T20:50:08.285-0600: 8050.123: Total time for which application threads were stopped: 0.0001041 seconds, Stopping threads took: 0.0000333 seconds
2017-11-21T20:50:08.286-0600: 8050.123: Total time for which application threads were stopped: 0.0000998 seconds, Stopping threads took: 0.0000324 seconds
2017-11-21T20:50:08.286-0600: 8050.123: Total time for which application threads were stopped: 0.0000713 seconds, Stopping threads took: 0.0000141 seconds
2017-11-21T20:50:08.286-0600: 8050.124: Total time for which application threads were stopped: 0.0000768 seconds, Stopping threads took: 0.0000175 seconds
2017-11-21T20:50:08.286-0600: 8050.124: Total time for which application threads were stopped: 0.0000610 seconds, Stopping threads took: 0.0000119 seconds
2017-11-21T20:50:08.286-0600: 8050.124: Total time for which application threads were stopped: 0.0000811 seconds, Stopping threads took: 0.0000201 seconds
2017-11-21T20:50:08.288-0600: 8050.126: Total time for which application threads were stopped: 0.0001301 seconds, Stopping threads took: 0.0000311 seconds
2017-11-21T20:50:08.289-0600: 8050.126: Total time for which application threads were stopped: 0.0000900 seconds, Stopping threads took: 0.0000230 seconds
2017-11-21T20:50:08.289-0600: 8050.127: Total time for which application threads were stopped: 0.0001540 seconds, Stopping threads took: 0.0000768 seconds
2017-11-21T20:50:08.450-0600: 8050.287: Total time for which application threads were stopped: 0.0001237 seconds, Stopping threads took: 0.0000277 seconds
2017-11-21T20:50:09.313-0600: 8051.150: Total time for which application threads were stopped: 0.0000998 seconds, Stopping threads took: 0.0000307 seconds
2017-11-21T20:50:09.313-0600: 8051.150: Total time for which application threads were stopped: 0.0001152 seconds, Stopping threads took: 0.0000649 seconds
2017-11-21T20:50:09.313-0600: 8051.150: Total time for which application threads were stopped: 0.0000593 seconds, Stopping threads took: 0.0000235 seconds
2017-11-21T20:50:09.313-0600: 8051.150: Total time for which application threads were stopped: 0.0001280 seconds, Stopping threads took: 0.0000691 seconds
2017-11-21T20:50:09.313-0600: 8051.151: Total time for which application threads were stopped: 0.0000862 seconds, Stopping threads took: 0.0000171 seconds
2017-11-21T20:50:09.313-0600: 8051.151: Total time for which application threads were stopped: 0.0000602 seconds, Stopping threads took: 0.0000124 seconds
2017-11-21T20:50:09.314-0600: 8051.151: Total time for which application threads were stopped: 0.0000627 seconds, Stopping threads took: 0.0000124 seconds
2017-11-21T20:50:09.314-0600: 8051.151: Total time for which application threads were stopped: 0.0000704 seconds, Stopping threads took: 0.0000222 seconds
2017-11-21T20:50:09.314-0600: 8051.151: Total time for which application threads were stopped: 0.0000631 seconds, Stopping threads took: 0.0000162 seconds
2017-11-21T20:50:09.314-0600: 8051.151: Total time for which application threads were stopped: 0.0000713 seconds, Stopping threads took: 0.0000192 seconds
2017-11-21T20:50:09.314-0600: 8051.152: Total time for which application threads were stopped: 0.0001617 seconds, Stopping threads took: 0.0000154 seconds
2017-11-21T20:50:09.315-0600: 8051.152: Total time for which application threads were stopped: 0.0000644 seconds, Stopping threads took: 0.0000124 seconds
2017-11-21T20:50:09.315-0600: 8051.152: Total time for which application threads were stopped: 0.0001216 seconds, Stopping threads took: 0.0000137 seconds
2017-11-21T20:50:09.315-0600: 8051.152: Total time for which application threads were stopped: 0.0000606 seconds, Stopping threads took: 0.0000162 seconds
2017-11-21T20:50:09.315-0600: 8051.153: Total time for which application threads were stopped: 0.0000828 seconds, Stopping threads took: 0.0000410 seconds
2017-11-21T20:50:09.315-0600: 8051.153: Total time for which application threads were stopped: 0.0000576 seconds, Stopping threads took: 0.0000205 seconds
2017-11-21T20:50:09.316-0600: 8051.153: Total time for which application threads were stopped: 0.0000572 seconds, Stopping threads took: 0.0000132 seconds
2017-11-21T20:50:09.316-0600: 8051.153: Total time for which application threads were stopped: 0.0000512 seconds, Stopping threads took: 0.0000145 seconds
2017-11-21T20:50:10.317-0600: 8052.154: Total time for which application threads were stopped: 0.0000896 seconds, Stopping threads took: 0.0000256 seconds
2017-11-21T20:50:20.537-0600: 8062.375: Total time for which application threads were stopped: 0.0001331 seconds, Stopping threads took: 0.0000397 seconds
2017-11-21T20:50:20.538-0600: 8062.375: Total time for which application threads were stopped: 0.0001088 seconds, Stopping threads took: 0.0000222 seconds
2017-11-21T20:50:20.618-0600: 8062.455: Total time for which application threads were stopped: 0.0001242 seconds, Stopping threads took: 0.0000354 seconds
2017-11-21T20:50:20.618-0600: 8062.456: Total time for which application threads were stopped: 0.0001050 seconds, Stopping threads took: 0.0000196 seconds
2017-11-21T20:50:20.631-0600: 8062.468: Total time for which application threads were stopped: 0.0001340 seconds, Stopping threads took: 0.0000286 seconds
2017-11-21T20:50:21.093-0600: 8062.931: Total time for which application threads were stopped: 0.0001028 seconds, Stopping threads took: 0.0000218 seconds
2017-11-21T20:50:21.098-0600: 8062.936: Total time for which application threads were stopped: 0.0001139 seconds, Stopping threads took: 0.0000320 seconds
2017-11-21T20:50:22.100-0600: 8063.937: Total time for which application threads were stopped: 0.0000666 seconds, Stopping threads took: 0.0000205 seconds
2017-11-21T20:50:31.148-0600: 8072.986: Total time for which application threads were stopped: 0.0000853 seconds, Stopping threads took: 0.0000188 seconds
{Heap before GC invocations=51 (full 2):
 par new generation   total 109248K, used 99518K [0x14800000, 0x1c800000, 0x1c800000)
  eden space 87424K, 100% used [0x14800000, 0x19d60000, 0x19d60000)
  from space 21824K,  55% used [0x1b2b0000, 0x1be7f9a0, 0x1c800000)
  to   space 21824K,   0% used [0x19d60000, 0x19d60000, 0x1b2b0000)
 concurrent mark-sweep generation total 393216K, used 58710K [0x1c800000, 0x34800000, 0x34800000)
 Metaspace       used 34077K, capacity 34688K, committed 34816K, reserved 35200K
2017-11-21T20:50:31.349-0600: 8073.186: [GC (Allocation Failure) 2017-11-21T20:50:31.349-0600: 8073.186: [ParNew
Desired survivor size 20112996 bytes, new threshold 8 (max 8)
- age   1:    3095648 bytes,    3095648 total
- age   2:      85544 bytes,    3181192 total
- age   3:      24640 bytes,    3205832 total
- age   4:     320920 bytes,    3526752 total
- age   5:     145624 bytes,    3672376 total
- age   6:         88 bytes,    3672464 total
- age   7:     171480 bytes,    3843944 total
- age   8:     158624 bytes,    4002568 total
: 99518K->6259K(109248K), 0.0068791 secs] 158229K->65048K(502464K), 0.0070212 secs] [Times: user=0.06 sys=0.00, real=0.01 secs] 
Heap after GC invocations=52 (full 2):
 par new generation   total 109248K, used 6259K [0x14800000, 0x1c800000, 0x1c800000)
  eden space 87424K,   0% used [0x14800000, 0x14800000, 0x19d60000)
  from space 21824K,  28% used [0x19d60000, 0x1a37cc10, 0x1b2b0000)
  to   space 21824K,   0% used [0x1b2b0000, 0x1b2b0000, 0x1c800000)
 concurrent mark-sweep generation total 393216K, used 58789K [0x1c800000, 0x34800000, 0x34800000)
 Metaspace       used 34077K, capacity 34688K, committed 34816K, reserved 35200K
}
2017-11-21T20:50:31.356-0600: 8073.193: Total time for which application threads were stopped: 0.0072149 seconds, Stopping threads took: 0.0000235 seconds
2017-11-21T20:50:31.357-0600: 8073.194: Total time for which application threads were stopped: 0.0002453 seconds, Stopping threads took: 0.0000631 seconds
2017-11-21T20:50:31.357-0600: 8073.194: Total time for which application threads were stopped: 0.0000900 seconds, Stopping threads took: 0.0000188 seconds
2017-11-21T20:50:31.428-0600: 8073.265: Total time for which application threads were stopped: 0.0002001 seconds, Stopping threads took: 0.0000282 seconds
2017-11-21T20:50:31.449-0600: 8073.286: Total time for which application threads were stopped: 0.0001250 seconds, Stopping threads took: 0.0000247 seconds
2017-11-21T20:50:31.960-0600: 8073.797: Total time for which application threads were stopped: 0.0001165 seconds, Stopping threads took: 0.0000324 seconds
2017-11-21T20:50:31.960-0600: 8073.797: Total time for which application threads were stopped: 0.0000717 seconds, Stopping threads took: 0.0000137 seconds
2017-11-21T20:50:31.962-0600: 8073.799: Total time for which application threads were stopped: 0.0001378 seconds, Stopping threads took: 0.0000414 seconds
2017-11-21T20:50:31.962-0600: 8073.800: Total time for which application threads were stopped: 0.0000973 seconds, Stopping threads took: 0.0000201 seconds
2017-11-21T20:50:31.962-0600: 8073.800: Total time for which application threads were stopped: 0.0001139 seconds, Stopping threads took: 0.0000516 seconds
2017-11-21T20:50:31.962-0600: 8073.800: Total time for which application threads were stopped: 0.0000717 seconds, Stopping threads took: 0.0000192 seconds
2017-11-21T20:50:31.962-0600: 8073.800: Total time for which application threads were stopped: 0.0000691 seconds, Stopping threads took: 0.0000175 seconds
2017-11-21T20:50:32.963-0600: 8074.800: Total time for which application threads were stopped: 0.0000832 seconds, Stopping threads took: 0.0000243 seconds
2017-11-21T20:50:35.214-0600: 8077.051: Total time for which application threads were stopped: 0.0001156 seconds, Stopping threads took: 0.0000299 seconds
2017-11-21T20:50:35.218-0600: 8077.055: Total time for which application threads were stopped: 0.0001088 seconds, Stopping threads took: 0.0000239 seconds
2017-11-21T20:50:35.218-0600: 8077.055: Total time for which application threads were stopped: 0.0000879 seconds, Stopping threads took: 0.0000166 seconds
2017-11-21T20:50:35.247-0600: 8077.084: Total time for which application threads were stopped: 0.0001190 seconds, Stopping threads took: 0.0000299 seconds
2017-11-21T20:50:35.247-0600: 8077.085: Total time for which application threads were stopped: 0.0001233 seconds, Stopping threads took: 0.0000606 seconds
2017-11-21T20:50:35.257-0600: 8077.095: Total time for which application threads were stopped: 0.0001284 seconds, Stopping threads took: 0.0000273 seconds
{Heap before GC invocations=52 (full 2):
 par new generation   total 109248K, used 93683K [0x14800000, 0x1c800000, 0x1c800000)
  eden space 87424K, 100% used [0x14800000, 0x19d60000, 0x19d60000)
  from space 21824K,  28% used [0x19d60000, 0x1a37cc10, 0x1b2b0000)
  to   space 21824K,   0% used [0x1b2b0000, 0x1b2b0000, 0x1c800000)
 concurrent mark-sweep generation total 393216K, used 58789K [0x1c800000, 0x34800000, 0x34800000)
 Metaspace       used 34091K, capacity 34752K, committed 34944K, reserved 35200K
2017-11-21T20:50:35.832-0600: 8077.669: [GC (Allocation Failure) 2017-11-21T20:50:35.832-0600: 8077.669: [ParNew
Desired survivor size 20112996 bytes, new threshold 8 (max 8)
- age   1:     853248 bytes,     853248 total
- age   2:    1417296 bytes,    2270544 total
- age   3:      84128 bytes,    2354672 total
- age   4:      24400 bytes,    2379072 total
- age   5:     319760 bytes,    2698832 total
- age   6:     144176 bytes,    2843008 total
- age   7:         88 bytes,    2843096 total
- age   8:     171304 bytes,    3014400 total
: 93683K->4297K(109248K), 0.0062438 secs] 152472K->63242K(502464K), 0.0063697 secs] [Times: user=0.05 sys=0.00, real=0.01 secs] 
Heap after GC invocations=53 (full 2):
 par new generation   total 109248K, used 4297K [0x14800000, 0x1c800000, 0x1c800000)
  eden space 87424K,   0% used [0x14800000, 0x14800000, 0x19d60000)
  from space 21824K,  19% used [0x1b2b0000, 0x1b6e2780, 0x1c800000)
  to   space 21824K,   0% used [0x19d60000, 0x19d60000, 0x1b2b0000)
 concurrent mark-sweep generation total 393216K, used 58944K [0x1c800000, 0x34800000, 0x34800000)
 Metaspace       used 34091K, capacity 34752K, committed 34944K, reserved 35200K
}
2017-11-21T20:50:35.838-0600: 8077.675: Total time for which application threads were stopped: 0.0066325 seconds, Stopping threads took: 0.0000486 seconds
2017-11-21T20:50:35.840-0600: 8077.677: Total time for which application threads were stopped: 0.0001370 seconds, Stopping threads took: 0.0000478 seconds
2017-11-21T20:50:35.840-0600: 8077.677: Total time for which application threads were stopped: 0.0000939 seconds, Stopping threads took: 0.0000311 seconds
2017-11-21T20:50:35.842-0600: 8077.679: Total time for which application threads were stopped: 0.0001169 seconds, Stopping threads took: 0.0000371 seconds
2017-11-21T20:50:35.842-0600: 8077.679: Total time for which application threads were stopped: 0.0001011 seconds, Stopping threads took: 0.0000213 seconds
2017-11-21T20:50:35.842-0600: 8077.679: Total time for which application threads were stopped: 0.0001114 seconds, Stopping threads took: 0.0000230 seconds
2017-11-21T20:50:35.843-0600: 8077.680: Total time for which application threads were stopped: 0.0000789 seconds, Stopping threads took: 0.0000162 seconds
2017-11-21T20:50:35.843-0600: 8077.680: Total time for which application threads were stopped: 0.0000828 seconds, Stopping threads took: 0.0000141 seconds
2017-11-21T20:50:35.843-0600: 8077.680: Total time for which application threads were stopped: 0.0000572 seconds, Stopping threads took: 0.0000111 seconds
2017-11-21T20:50:55.837-0600: 8097.674: Total time for which application threads were stopped: 0.0001323 seconds, Stopping threads took: 0.0000397 seconds
2017-11-21T20:50:56.256-0600: 8098.093: Total time for which application threads were stopped: 0.0001404 seconds, Stopping threads took: 0.0000282 seconds
2017-11-21T20:50:56.855-0600: 8098.693: Total time for which application threads were stopped: 0.0000836 seconds, Stopping threads took: 0.0000209 seconds
2017-11-21T20:50:56.857-0600: 8098.695: Total time for which application threads were stopped: 0.0000973 seconds, Stopping threads took: 0.0000324 seconds
2017-11-21T20:50:56.857-0600: 8098.695: Total time for which application threads were stopped: 0.0000841 seconds, Stopping threads took: 0.0000205 seconds
2017-11-21T20:50:56.857-0600: 8098.695: Total time for which application threads were stopped: 0.0000828 seconds, Stopping threads took: 0.0000209 seconds
2017-11-21T20:50:56.858-0600: 8098.695: Total time for which application threads were stopped: 0.0000939 seconds, Stopping threads took: 0.0000154 seconds
2017-11-21T20:50:56.858-0600: 8098.696: Total time for which application threads were stopped: 0.0000585 seconds, Stopping threads took: 0.0000115 seconds
2017-11-21T20:50:56.858-0600: 8098.696: Total time for which application threads were stopped: 0.0000602 seconds, Stopping threads took: 0.0000107 seconds
2017-11-21T20:50:57.859-0600: 8099.696: Total time for which application threads were stopped: 0.0001148 seconds, Stopping threads took: 0.0000393 seconds
2017-11-21T20:51:03.972-0600: 8105.809: Total time for which application threads were stopped: 0.0001195 seconds, Stopping threads took: 0.0000341 seconds
2017-11-21T20:51:03.972-0600: 8105.810: Total time for which application threads were stopped: 0.0001792 seconds, Stopping threads took: 0.0000252 seconds
2017-11-21T20:51:04.001-0600: 8105.839: Total time for which application threads were stopped: 0.0000883 seconds, Stopping threads took: 0.0000247 seconds
{Heap before GC invocations=53 (full 2):
 par new generation   total 109248K, used 91271K [0x14800000, 0x1c800000, 0x1c800000)
  eden space 87424K,  99% used [0x14800000, 0x19cef658, 0x19d60000)
  from space 21824K,  19% used [0x1b2b0000, 0x1b6e2780, 0x1c800000)
  to   space 21824K,   0% used [0x19d60000, 0x19d60000, 0x1b2b0000)
 concurrent mark-sweep generation total 393216K, used 58944K [0x1c800000, 0x34800000, 0x34800000)
 Metaspace       used 34120K, capacity 34752K, committed 34944K, reserved 35200K
2017-11-21T20:51:04.006-0600: 8105.844: [GC (Allocation Failure) 2017-11-21T20:51:04.006-0600: 8105.844: [ParNew
Desired survivor size 20112996 bytes, new threshold 8 (max 8)
- age   1:    3271296 bytes,    3271296 total
- age   2:     294624 bytes,    3565920 total
- age   3:     406680 bytes,    3972600 total
- age   4:      84128 bytes,    4056728 total
- age   5:      24368 bytes,    4081096 total
- age   6:     319760 bytes,    4400856 total
- age   7:     144176 bytes,    4545032 total
- age   8:         88 bytes,    4545120 total
: 91271K->5121K(109248K), 0.0042978 secs] 150216K->64233K(502464K), 0.0043652 secs] [Times: user=0.00 sys=0.00, real=0.00 secs] 
Heap after GC invocations=54 (full 2):
 par new generation   total 109248K, used 5121K [0x14800000, 0x1c800000, 0x1c800000)
  eden space 87424K,   0% used [0x14800000, 0x14800000, 0x19d60000)
  from space 21824K,  23% used [0x19d60000, 0x1a2605c0, 0x1b2b0000)
  to   space 21824K,   0% used [0x1b2b0000, 0x1b2b0000, 0x1c800000)
 concurrent mark-sweep generation total 393216K, used 59111K [0x1c800000, 0x34800000, 0x34800000)
 Metaspace       used 34120K, capacity 34752K, committed 34944K, reserved 35200K
}
2017-11-21T20:51:04.011-0600: 8105.849: Total time for which application threads were stopped: 0.0045824 seconds, Stopping threads took: 0.0000201 seconds
2017-11-21T20:51:04.505-0600: 8106.342: Total time for which application threads were stopped: 0.0002253 seconds, Stopping threads took: 0.0000380 seconds
2017-11-21T20:51:04.507-0600: 8106.344: Total time for which application threads were stopped: 0.0001003 seconds, Stopping threads took: 0.0000222 seconds
2017-11-21T20:51:04.507-0600: 8106.345: Total time for which application threads were stopped: 0.0001271 seconds, Stopping threads took: 0.0000175 seconds
2017-11-21T20:51:04.507-0600: 8106.345: Total time for which application threads were stopped: 0.0001007 seconds, Stopping threads took: 0.0000145 seconds
2017-11-21T20:51:04.508-0600: 8106.345: Total time for which application threads were stopped: 0.0000700 seconds, Stopping threads took: 0.0000085 seconds
2017-11-21T20:51:04.508-0600: 8106.345: Total time for which application threads were stopped: 0.0000781 seconds, Stopping threads took: 0.0000094 seconds
2017-11-21T20:51:14.273-0600: 8116.111: Total time for which application threads were stopped: 0.0000922 seconds, Stopping threads took: 0.0000337 seconds
{Heap before GC invocations=54 (full 2):
 par new generation   total 109248K, used 92545K [0x14800000, 0x1c800000, 0x1c800000)
  eden space 87424K, 100% used [0x14800000, 0x19d60000, 0x19d60000)
  from space 21824K,  23% used [0x19d60000, 0x1a2605c0, 0x1b2b0000)
  to   space 21824K,   0% used [0x1b2b0000, 0x1b2b0000, 0x1c800000)
 concurrent mark-sweep generation total 393216K, used 59111K [0x1c800000, 0x34800000, 0x34800000)
 Metaspace       used 34127K, capacity 34752K, committed 34944K, reserved 35200K
2017-11-21T20:51:14.605-0600: 8116.442: [GC (Allocation Failure) 2017-11-21T20:51:14.605-0600: 8116.442: [ParNew
Desired survivor size 20112996 bytes, new threshold 8 (max 8)
- age   1:    3725776 bytes,    3725776 total
- age   2:     250048 bytes,    3975824 total
- age   3:     293176 bytes,    4269000 total
- age   4:     406088 bytes,    4675088 total
- age   5:      83904 bytes,    4758992 total
- age   6:      24368 bytes,    4783360 total
- age   7:     319552 bytes,    5102912 total
- age   8:     144176 bytes,    5247088 total
: 92545K->5782K(109248K), 0.0087714 secs] 151657K->64894K(502464K), 0.0088700 secs] [Times: user=0.00 sys=0.00, real=0.01 secs] 
Heap after GC invocations=55 (full 2):
 par new generation   total 109248K, used 5782K [0x14800000, 0x1c800000, 0x1c800000)
  eden space 87424K,   0% used [0x14800000, 0x14800000, 0x19d60000)
  from space 21824K,  26% used [0x1b2b0000, 0x1b855b80, 0x1c800000)
  to   space 21824K,   0% used [0x19d60000, 0x19d60000, 0x1b2b0000)
 concurrent mark-sweep generation total 393216K, used 59112K [0x1c800000, 0x34800000, 0x34800000)
 Metaspace       used 34127K, capacity 34752K, committed 34944K, reserved 35200K
}
2017-11-21T20:51:14.614-0600: 8116.451: Total time for which application threads were stopped: 0.0091422 seconds, Stopping threads took: 0.0000346 seconds
2017-11-21T20:51:14.620-0600: 8116.457: Total time for which application threads were stopped: 0.0001468 seconds, Stopping threads took: 0.0000329 seconds
2017-11-21T20:51:14.667-0600: 8116.504: Total time for which application threads were stopped: 0.0001195 seconds, Stopping threads took: 0.0000354 seconds
2017-11-21T20:51:14.668-0600: 8116.505: Total time for which application threads were stopped: 0.0001293 seconds, Stopping threads took: 0.0000324 seconds
2017-11-21T20:51:15.261-0600: 8117.099: Total time for which application threads were stopped: 0.0001412 seconds, Stopping threads took: 0.0000269 seconds
2017-11-21T20:51:15.261-0600: 8117.099: Total time for which application threads were stopped: 0.0000606 seconds, Stopping threads took: 0.0000128 seconds
2017-11-21T20:51:15.261-0600: 8117.099: Total time for which application threads were stopped: 0.0000503 seconds, Stopping threads took: 0.0000102 seconds
2017-11-21T20:51:15.261-0600: 8117.099: Total time for which application threads were stopped: 0.0001442 seconds, Stopping threads took: 0.0000119 seconds
2017-11-21T20:51:15.261-0600: 8117.099: Total time for which application threads were stopped: 0.0000640 seconds, Stopping threads took: 0.0000115 seconds
2017-11-21T20:51:15.264-0600: 8117.102: Total time for which application threads were stopped: 0.0001327 seconds, Stopping threads took: 0.0000350 seconds
2017-11-21T20:51:15.264-0600: 8117.102: Total time for which application threads were stopped: 0.0001003 seconds, Stopping threads took: 0.0000252 seconds
2017-11-21T20:51:15.265-0600: 8117.103: Total time for which application threads were stopped: 0.0001242 seconds, Stopping threads took: 0.0000380 seconds
2017-11-21T20:51:15.265-0600: 8117.103: Total time for which application threads were stopped: 0.0001062 seconds, Stopping threads took: 0.0000158 seconds
2017-11-21T20:51:15.265-0600: 8117.103: Total time for which application threads were stopped: 0.0000875 seconds, Stopping threads took: 0.0000119 seconds
2017-11-21T20:51:15.266-0600: 8117.103: Total time for which application threads were stopped: 0.0001826 seconds, Stopping threads took: 0.0000239 seconds
2017-11-21T20:51:21.482-0600: 8123.320: Total time for which application threads were stopped: 0.0001118 seconds, Stopping threads took: 0.0000235 seconds
2017-11-21T20:51:21.483-0600: 8123.320: Total time for which application threads were stopped: 0.0000853 seconds, Stopping threads took: 0.0000158 seconds
2017-11-21T20:51:21.514-0600: 8123.351: Total time for which application threads were stopped: 0.0002679 seconds, Stopping threads took: 0.0000371 seconds
2017-11-21T20:51:21.514-0600: 8123.352: Total time for which application threads were stopped: 0.0001135 seconds, Stopping threads took: 0.0000243 seconds
2017-11-21T20:51:21.529-0600: 8123.366: Total time for which application threads were stopped: 0.0001562 seconds, Stopping threads took: 0.0000661 seconds
2017-11-21T20:51:22.073-0600: 8123.910: Total time for which application threads were stopped: 0.0001139 seconds, Stopping threads took: 0.0000431 seconds
2017-11-21T20:51:22.074-0600: 8123.911: Total time for which application threads were stopped: 0.0000951 seconds, Stopping threads took: 0.0000239 seconds
2017-11-21T20:51:23.074-0600: 8124.911: Total time for which application threads were stopped: 0.0000858 seconds, Stopping threads took: 0.0000350 seconds
2017-11-21T20:51:40.795-0600: 8142.633: Total time for which application threads were stopped: 0.0001532 seconds, Stopping threads took: 0.0000324 seconds
2017-11-21T20:51:41.796-0600: 8143.633: Total time for which application threads were stopped: 0.0000683 seconds, Stopping threads took: 0.0000213 seconds
2017-11-21T20:51:44.297-0600: 8146.134: Total time for which application threads were stopped: 0.0001391 seconds, Stopping threads took: 0.0000290 seconds
2017-11-21T20:51:44.298-0600: 8146.135: Total time for which application threads were stopped: 0.0001045 seconds, Stopping threads took: 0.0000316 seconds
2017-11-21T20:51:44.301-0600: 8146.138: Total time for which application threads were stopped: 0.0001289 seconds, Stopping threads took: 0.0000273 seconds
2017-11-21T20:51:44.301-0600: 8146.138: Total time for which application threads were stopped: 0.0000879 seconds, Stopping threads took: 0.0000166 seconds
2017-11-21T20:51:44.302-0600: 8146.139: Total time for which application threads were stopped: 0.0001131 seconds, Stopping threads took: 0.0000205 seconds
2017-11-21T20:51:44.302-0600: 8146.139: Total time for which application threads were stopped: 0.0000947 seconds, Stopping threads took: 0.0000235 seconds
2017-11-21T20:51:44.303-0600: 8146.140: Total time for which application threads were stopped: 0.0001306 seconds, Stopping threads took: 0.0000491 seconds
2017-11-21T20:51:44.303-0600: 8146.140: Total time for which application threads were stopped: 0.0000909 seconds, Stopping threads took: 0.0000166 seconds
2017-11-21T20:51:44.303-0600: 8146.140: Total time for which application threads were stopped: 0.0000943 seconds, Stopping threads took: 0.0000196 seconds
2017-11-21T20:51:44.304-0600: 8146.141: Total time for which application threads were stopped: 0.0001148 seconds, Stopping threads took: 0.0000457 seconds
2017-11-21T20:51:44.304-0600: 8146.141: Total time for which application threads were stopped: 0.0000875 seconds, Stopping threads took: 0.0000179 seconds
2017-11-21T20:51:44.304-0600: 8146.141: Total time for which application threads were stopped: 0.0000606 seconds, Stopping threads took: 0.0000124 seconds
2017-11-21T20:51:44.305-0600: 8146.142: Total time for which application threads were stopped: 0.0000930 seconds, Stopping threads took: 0.0000209 seconds
2017-11-21T20:51:44.306-0600: 8146.143: Total time for which application threads were stopped: 0.0002185 seconds, Stopping threads took: 0.0000333 seconds
2017-11-21T20:55:43.468-0600: 8385.305: Total time for which application threads were stopped: 0.0001199 seconds, Stopping threads took: 0.0000307 seconds
2017-11-21T20:55:59.478-0600: 8401.315: Total time for which application threads were stopped: 0.0001237 seconds, Stopping threads took: 0.0000444 seconds
{Heap before GC invocations=55 (full 2):
 par new generation   total 109248K, used 93206K [0x14800000, 0x1c800000, 0x1c800000)
  eden space 87424K, 100% used [0x14800000, 0x19d60000, 0x19d60000)
  from space 21824K,  26% used [0x1b2b0000, 0x1b855b80, 0x1c800000)
  to   space 21824K,   0% used [0x19d60000, 0x19d60000, 0x1b2b0000)
 concurrent mark-sweep generation total 393216K, used 59112K [0x1c800000, 0x34800000, 0x34800000)
 Metaspace       used 34156K, capacity 34784K, committed 34944K, reserved 35200K
2017-11-21T20:56:14.255-0600: 8416.092: [GC (Allocation Failure) 2017-11-21T20:56:14.255-0600: 8416.092: [ParNew
Desired survivor size 20112996 bytes, new threshold 8 (max 8)
- age   1:    3464424 bytes,    3464424 total
- age   2:    1539960 bytes,    5004384 total
- age   3:     247336 bytes,    5251720 total
- age   4:     292968 bytes,    5544688 total
- age   5:     405672 bytes,    5950360 total
- age   6:      83904 bytes,    6034264 total
- age   7:      24368 bytes,    6058632 total
- age   8:     319552 bytes,    6378184 total
: 93206K->9522K(109248K), 0.0096107 secs] 152318K->68707K(502464K), 0.0097242 secs] [Times: user=0.06 sys=0.00, real=0.01 secs] 
Heap after GC invocations=56 (full 2):
 par new generation   total 109248K, used 9522K [0x14800000, 0x1c800000, 0x1c800000)
  eden space 87424K,   0% used [0x14800000, 0x14800000, 0x19d60000)
  from space 21824K,  43% used [0x19d60000, 0x1a6aca10, 0x1b2b0000)
  to   space 21824K,   0% used [0x1b2b0000, 0x1b2b0000, 0x1c800000)
 concurrent mark-sweep generation total 393216K, used 59184K [0x1c800000, 0x34800000, 0x34800000)
 Metaspace       used 34156K, capacity 34784K, committed 34944K, reserved 35200K
}
2017-11-21T20:56:14.265-0600: 8416.102: Total time for which application threads were stopped: 0.0099729 seconds, Stopping threads took: 0.0000329 seconds
2017-11-21T20:56:14.265-0600: 8416.102: Total time for which application threads were stopped: 0.0002069 seconds, Stopping threads took: 0.0000751 seconds
{Heap before GC invocations=56 (full 2):
 par new generation   total 109248K, used 96946K [0x14800000, 0x1c800000, 0x1c800000)
  eden space 87424K, 100% used [0x14800000, 0x19d60000, 0x19d60000)
  from space 21824K,  43% used [0x19d60000, 0x1a6aca10, 0x1b2b0000)
  to   space 21824K,   0% used [0x1b2b0000, 0x1b2b0000, 0x1c800000)
 concurrent mark-sweep generation total 393216K, used 59184K [0x1c800000, 0x34800000, 0x34800000)
 Metaspace       used 34158K, capacity 34784K, committed 34944K, reserved 35200K
2017-11-21T20:56:14.425-0600: 8416.263: [GC (Allocation Failure) 2017-11-21T20:56:14.425-0600: 8416.263: [ParNew
Desired survivor size 20112996 bytes, new threshold 8 (max 8)
- age   1:    2240312 bytes,    2240312 total
- age   2:    2703912 bytes,    4944224 total
- age   3:      84176 bytes,    5028400 total
- age   4:     247336 bytes,    5275736 total
- age   5:     292968 bytes,    5568704 total
- age   6:     405672 bytes,    5974376 total
- age   7:      83904 bytes,    6058280 total
- age   8:      24368 bytes,    6082648 total
: 96946K->7543K(109248K), 0.0066278 secs] 156131K->67040K(502464K), 0.0067179 secs] [Times: user=0.06 sys=0.00, real=0.01 secs] 
Heap after GC invocations=57 (full 2):
 par new generation   total 109248K, used 7543K [0x14800000, 0x1c800000, 0x1c800000)
  eden space 87424K,   0% used [0x14800000, 0x14800000, 0x19d60000)
  from space 21824K,  34% used [0x1b2b0000, 0x1ba0dd90, 0x1c800000)
  to   space 21824K,   0% used [0x19d60000, 0x19d60000, 0x1b2b0000)
 concurrent mark-sweep generation total 393216K, used 59496K [0x1c800000, 0x34800000, 0x34800000)
 Metaspace       used 34158K, capacity 34784K, committed 34944K, reserved 35200K
}
2017-11-21T20:56:14.432-0600: 8416.270: Total time for which application threads were stopped: 0.0069858 seconds, Stopping threads took: 0.0000269 seconds
2017-11-21T20:56:15.086-0600: 8416.923: Total time for which application threads were stopped: 0.0001237 seconds, Stopping threads took: 0.0000277 seconds
2017-11-21T20:56:15.088-0600: 8416.926: Total time for which application threads were stopped: 0.0001626 seconds, Stopping threads took: 0.0000751 seconds
2017-11-21T20:56:15.089-0600: 8416.926: Total time for which application threads were stopped: 0.0000875 seconds, Stopping threads took: 0.0000418 seconds
2017-11-21T20:56:15.089-0600: 8416.926: Total time for which application threads were stopped: 0.0001242 seconds, Stopping threads took: 0.0000333 seconds
2017-11-21T20:56:15.089-0600: 8416.927: Total time for which application threads were stopped: 0.0001468 seconds, Stopping threads took: 0.0000678 seconds
2017-11-21T20:56:15.090-0600: 8416.927: Total time for which application threads were stopped: 0.0001771 seconds, Stopping threads took: 0.0000943 seconds
2017-11-21T20:56:15.090-0600: 8416.927: Total time for which application threads were stopped: 0.0001365 seconds, Stopping threads took: 0.0000516 seconds
2017-11-21T20:56:15.090-0600: 8416.927: Total time for which application threads were stopped: 0.0001391 seconds, Stopping threads took: 0.0000491 seconds
2017-11-21T20:56:15.090-0600: 8416.928: Total time for which application threads were stopped: 0.0001344 seconds, Stopping threads took: 0.0000606 seconds
2017-11-21T20:56:15.091-0600: 8416.928: Total time for which application threads were stopped: 0.0001237 seconds, Stopping threads took: 0.0000503 seconds
2017-11-21T20:56:15.091-0600: 8416.928: Total time for which application threads were stopped: 0.0001280 seconds, Stopping threads took: 0.0000602 seconds
2017-11-21T20:56:15.091-0600: 8416.928: Total time for which application threads were stopped: 0.0001092 seconds, Stopping threads took: 0.0000469 seconds
2017-11-21T20:56:15.094-0600: 8416.932: Total time for which application threads were stopped: 0.0001348 seconds, Stopping threads took: 0.0000350 seconds
2017-11-21T20:56:15.095-0600: 8416.932: Total time for which application threads were stopped: 0.0001621 seconds, Stopping threads took: 0.0000870 seconds
2017-11-21T20:56:15.096-0600: 8416.933: Total time for which application threads were stopped: 0.0001233 seconds, Stopping threads took: 0.0000367 seconds
2017-11-21T20:56:15.096-0600: 8416.933: Total time for which application threads were stopped: 0.0000913 seconds, Stopping threads took: 0.0000282 seconds
2017-11-21T20:56:15.096-0600: 8416.933: Total time for which application threads were stopped: 0.0000986 seconds, Stopping threads took: 0.0000294 seconds
2017-11-21T20:56:15.096-0600: 8416.933: Total time for which application threads were stopped: 0.0000721 seconds, Stopping threads took: 0.0000226 seconds
2017-11-21T20:56:15.104-0600: 8416.941: Total time for which application threads were stopped: 0.0001574 seconds, Stopping threads took: 0.0000341 seconds
2017-11-21T20:56:15.262-0600: 8417.099: Total time for which application threads were stopped: 0.0001314 seconds, Stopping threads took: 0.0000341 seconds
2017-11-21T20:56:16.263-0600: 8418.100: Total time for which application threads were stopped: 0.0001101 seconds, Stopping threads took: 0.0000294 seconds
2017-11-21T20:58:57.898-0600: 8579.735: Total time for which application threads were stopped: 0.0001135 seconds, Stopping threads took: 0.0000260 seconds
2017-11-21T20:58:57.898-0600: 8579.735: Total time for which application threads were stopped: 0.0000742 seconds, Stopping threads took: 0.0000111 seconds
2017-11-21T20:58:57.898-0600: 8579.736: Total time for which application threads were stopped: 0.0000324 seconds, Stopping threads took: 0.0000068 seconds
2017-11-21T20:58:57.898-0600: 8579.736: Total time for which application threads were stopped: 0.0000299 seconds, Stopping threads took: 0.0000055 seconds
2017-11-21T20:58:57.898-0600: 8579.736: Total time for which application threads were stopped: 0.0000307 seconds, Stopping threads took: 0.0000060 seconds
2017-11-21T20:58:57.898-0600: 8579.736: Total time for which application threads were stopped: 0.0000294 seconds, Stopping threads took: 0.0000055 seconds
2017-11-21T20:58:57.898-0600: 8579.736: Total time for which application threads were stopped: 0.0000299 seconds, Stopping threads took: 0.0000060 seconds
2017-11-21T20:58:57.898-0600: 8579.736: Total time for which application threads were stopped: 0.0000299 seconds, Stopping threads took: 0.0000060 seconds
2017-11-21T20:58:57.898-0600: 8579.736: Total time for which application threads were stopped: 0.0000307 seconds, Stopping threads took: 0.0000055 seconds
2017-11-21T20:58:57.899-0600: 8579.736: Total time for which application threads were stopped: 0.0000614 seconds, Stopping threads took: 0.0000141 seconds
2017-11-21T20:58:57.899-0600: 8579.736: Total time for which application threads were stopped: 0.0000495 seconds, Stopping threads took: 0.0000111 seconds
2017-11-21T20:58:57.899-0600: 8579.736: Total time for which application threads were stopped: 0.0000427 seconds, Stopping threads took: 0.0000090 seconds
2017-11-21T20:58:57.899-0600: 8579.736: Total time for which application threads were stopped: 0.0000670 seconds, Stopping threads took: 0.0000124 seconds
2017-11-21T20:58:57.899-0600: 8579.736: Total time for which application threads were stopped: 0.0000623 seconds, Stopping threads took: 0.0000102 seconds
{Heap before GC invocations=57 (full 2):
 par new generation   total 109248K, used 94967K [0x14800000, 0x1c800000, 0x1c800000)
  eden space 87424K, 100% used [0x14800000, 0x19d60000, 0x19d60000)
  from space 21824K,  34% used [0x1b2b0000, 0x1ba0dd90, 0x1c800000)
  to   space 21824K,   0% used [0x19d60000, 0x19d60000, 0x1b2b0000)
 concurrent mark-sweep generation total 393216K, used 59496K [0x1c800000, 0x34800000, 0x34800000)
 Metaspace       used 34179K, capacity 34784K, committed 34944K, reserved 35200K
2017-11-21T20:58:58.058-0600: 8579.896: [GC (Allocation Failure) 2017-11-21T20:58:58.059-0600: 8579.896: [ParNew
Desired survivor size 20112996 bytes, new threshold 8 (max 8)
- age   1:    1556024 bytes,    1556024 total
- age   2:      81280 bytes,    1637304 total
- age   3:    1216264 bytes,    2853568 total
- age   4:      82960 bytes,    2936528 total
- age   5:     246848 bytes,    3183376 total
- age   6:     292176 bytes,    3475552 total
- age   7:     404160 bytes,    3879712 total
- age   8:      83904 bytes,    3963616 total
: 94967K->5462K(109248K), 0.0053692 secs] 154464K->64983K(502464K), 0.0054737 secs] [Times: user=0.00 sys=0.00, real=0.01 secs] 
Heap after GC invocations=58 (full 2):
 par new generation   total 109248K, used 5462K [0x14800000, 0x1c800000, 0x1c800000)
  eden space 87424K,   0% used [0x14800000, 0x14800000, 0x19d60000)
  from space 21824K,  25% used [0x19d60000, 0x1a2b5a40, 0x1b2b0000)
  to   space 21824K,   0% used [0x1b2b0000, 0x1b2b0000, 0x1c800000)
 concurrent mark-sweep generation total 393216K, used 59520K [0x1c800000, 0x34800000, 0x34800000)
 Metaspace       used 34179K, capacity 34784K, committed 34944K, reserved 35200K
}
2017-11-21T20:58:58.064-0600: 8579.902: Total time for which application threads were stopped: 0.0057165 seconds, Stopping threads took: 0.0000252 seconds
{Heap before GC invocations=58 (full 2):
 par new generation   total 109248K, used 92886K [0x14800000, 0x1c800000, 0x1c800000)
  eden space 87424K, 100% used [0x14800000, 0x19d60000, 0x19d60000)
  from space 21824K,  25% used [0x19d60000, 0x1a2b5a40, 0x1b2b0000)
  to   space 21824K,   0% used [0x1b2b0000, 0x1b2b0000, 0x1c800000)
 concurrent mark-sweep generation total 393216K, used 59520K [0x1c800000, 0x34800000, 0x34800000)
 Metaspace       used 34189K, capacity 34816K, committed 34944K, reserved 35200K
2017-11-21T20:58:58.230-0600: 8580.067: [GC (Allocation Failure) 2017-11-21T20:58:58.230-0600: 8580.067: [ParNew
Desired survivor size 20112996 bytes, new threshold 8 (max 8)
- age   1:    2550912 bytes,    2550912 total
- age   2:    1510680 bytes,    4061592 total
- age   3:         56 bytes,    4061648 total
- age   4:     346728 bytes,    4408376 total
- age   5:      82960 bytes,    4491336 total
- age   6:     246848 bytes,    4738184 total
- age   7:     292176 bytes,    5030360 total
- age   8:     401664 bytes,    5432024 total
: 92886K->6466K(109248K), 0.0082667 secs] 152407K->66069K(502464K), 0.0083584 secs] [Times: user=0.00 sys=0.00, real=0.01 secs] 
Heap after GC invocations=59 (full 2):
 par new generation   total 109248K, used 6466K [0x14800000, 0x1c800000, 0x1c800000)
  eden space 87424K,   0% used [0x14800000, 0x14800000, 0x19d60000)
  from space 21824K,  29% used [0x1b2b0000, 0x1b900bd0, 0x1c800000)
  to   space 21824K,   0% used [0x19d60000, 0x19d60000, 0x1b2b0000)
 concurrent mark-sweep generation total 393216K, used 59602K [0x1c800000, 0x34800000, 0x34800000)
 Metaspace       used 34189K, capacity 34816K, committed 34944K, reserved 35200K
}
2017-11-21T20:58:58.238-0600: 8580.075: Total time for which application threads were stopped: 0.0086272 seconds, Stopping threads took: 0.0000384 seconds
2017-11-21T20:58:58.239-0600: 8580.076: Total time for which application threads were stopped: 0.0003072 seconds, Stopping threads took: 0.0001523 seconds
2017-11-21T20:58:58.294-0600: 8580.131: Total time for which application threads were stopped: 0.0002121 seconds, Stopping threads took: 0.0000256 seconds
2017-11-21T20:58:59.295-0600: 8581.132: Total time for which application threads were stopped: 0.0001186 seconds, Stopping threads took: 0.0000294 seconds
2017-11-21T20:58:59.454-0600: 8581.292: Total time for which application threads were stopped: 0.0001199 seconds, Stopping threads took: 0.0000397 seconds
2017-11-21T20:58:59.454-0600: 8581.292: Total time for which application threads were stopped: 0.0000841 seconds, Stopping threads took: 0.0000247 seconds
2017-11-21T20:58:59.455-0600: 8581.292: Total time for which application threads were stopped: 0.0000815 seconds, Stopping threads took: 0.0000239 seconds
2017-11-21T20:58:59.455-0600: 8581.292: Total time for which application threads were stopped: 0.0000653 seconds, Stopping threads took: 0.0000124 seconds
2017-11-21T20:58:59.455-0600: 8581.292: Total time for which application threads were stopped: 0.0000486 seconds, Stopping threads took: 0.0000111 seconds
2017-11-21T20:58:59.455-0600: 8581.293: Total time for which application threads were stopped: 0.0000704 seconds, Stopping threads took: 0.0000363 seconds
2017-11-21T20:58:59.455-0600: 8581.293: Total time for which application threads were stopped: 0.0000636 seconds, Stopping threads took: 0.0000124 seconds
2017-11-21T20:58:59.455-0600: 8581.293: Total time for which application threads were stopped: 0.0000738 seconds, Stopping threads took: 0.0000132 seconds
2017-11-21T20:58:59.456-0600: 8581.293: Total time for which application threads were stopped: 0.0000538 seconds, Stopping threads took: 0.0000085 seconds
2017-11-21T20:58:59.456-0600: 8581.293: Total time for which application threads were stopped: 0.0000917 seconds, Stopping threads took: 0.0000107 seconds
2017-11-21T20:58:59.456-0600: 8581.293: Total time for which application threads were stopped: 0.0000683 seconds, Stopping threads took: 0.0000124 seconds
2017-11-21T20:58:59.456-0600: 8581.293: Total time for which application threads were stopped: 0.0000452 seconds, Stopping threads took: 0.0000085 seconds
2017-11-21T20:58:59.456-0600: 8581.294: Total time for which application threads were stopped: 0.0000623 seconds, Stopping threads took: 0.0000102 seconds
2017-11-21T20:58:59.456-0600: 8581.294: Total time for which application threads were stopped: 0.0000410 seconds, Stopping threads took: 0.0000077 seconds
2017-11-21T20:58:59.456-0600: 8581.294: Total time for which application threads were stopped: 0.0000555 seconds, Stopping threads took: 0.0000098 seconds
2017-11-21T20:58:59.457-0600: 8581.294: Total time for which application threads were stopped: 0.0000631 seconds, Stopping threads took: 0.0000119 seconds
2017-11-21T20:58:59.457-0600: 8581.294: Total time for which application threads were stopped: 0.0000431 seconds, Stopping threads took: 0.0000081 seconds
2017-11-21T20:58:59.457-0600: 8581.294: Total time for which application threads were stopped: 0.0000542 seconds, Stopping threads took: 0.0000090 seconds
2017-11-21T20:58:59.457-0600: 8581.294: Total time for which application threads were stopped: 0.0000623 seconds, Stopping threads took: 0.0000094 seconds
2017-11-21T20:58:59.457-0600: 8581.294: Total time for which application threads were stopped: 0.0000730 seconds, Stopping threads took: 0.0000077 seconds
2017-11-21T20:58:59.457-0600: 8581.295: Total time for which application threads were stopped: 0.0000529 seconds, Stopping threads took: 0.0000090 seconds
2017-11-21T20:58:59.457-0600: 8581.295: Total time for which application threads were stopped: 0.0001566 seconds, Stopping threads took: 0.0000098 seconds
2017-11-21T20:58:59.457-0600: 8581.295: Total time for which application threads were stopped: 0.0000606 seconds, Stopping threads took: 0.0000094 seconds
2017-11-21T20:58:59.458-0600: 8581.295: Total time for which application threads were stopped: 0.0000533 seconds, Stopping threads took: 0.0000090 seconds
2017-11-21T20:58:59.458-0600: 8581.295: Total time for which application threads were stopped: 0.0000563 seconds, Stopping threads took: 0.0000102 seconds
2017-11-21T20:58:59.458-0600: 8581.295: Total time for which application threads were stopped: 0.0000469 seconds, Stopping threads took: 0.0000090 seconds
2017-11-21T20:58:59.458-0600: 8581.295: Total time for which application threads were stopped: 0.0000576 seconds, Stopping threads took: 0.0000102 seconds
2017-11-21T20:58:59.458-0600: 8581.296: Total time for which application threads were stopped: 0.0000555 seconds, Stopping threads took: 0.0000111 seconds
2017-11-21T20:58:59.466-0600: 8581.303: Total time for which application threads were stopped: 0.0001549 seconds, Stopping threads took: 0.0000247 seconds
2017-11-21T20:59:00.467-0600: 8582.304: Total time for which application threads were stopped: 0.0001050 seconds, Stopping threads took: 0.0000277 seconds
2017-11-21T21:00:16.589-0600: 8658.427: Total time for which application threads were stopped: 0.0001485 seconds, Stopping threads took: 0.0000358 seconds
{Heap before GC invocations=59 (full 2):
 par new generation   total 109248K, used 93890K [0x14800000, 0x1c800000, 0x1c800000)
  eden space 87424K, 100% used [0x14800000, 0x19d60000, 0x19d60000)
  from space 21824K,  29% used [0x1b2b0000, 0x1b900bd0, 0x1c800000)
  to   space 21824K,   0% used [0x19d60000, 0x19d60000, 0x1b2b0000)
 concurrent mark-sweep generation total 393216K, used 59602K [0x1c800000, 0x34800000, 0x34800000)
 Metaspace       used 34198K, capacity 34816K, committed 34944K, reserved 35200K
2017-11-21T21:00:16.937-0600: 8658.774: [GC (Allocation Failure) 2017-11-21T21:00:16.937-0600: 8658.774: [ParNew
Desired survivor size 20112996 bytes, new threshold 8 (max 8)
- age   1:    3139208 bytes,    3139208 total
- age   2:     244888 bytes,    3384096 total
- age   3:    1158856 bytes,    4542952 total
- age   4:         56 bytes,    4543008 total
- age   5:     144224 bytes,    4687232 total
- age   6:       4168 bytes,    4691400 total
- age   7:     163760 bytes,    4855160 total
- age   8:     140608 bytes,    4995768 total
: 93890K->7086K(109248K), 0.0079727 secs] 153493K->66833K(502464K), 0.0080687 secs] [Times: user=0.05 sys=0.00, real=0.01 secs] 
Heap after GC invocations=60 (full 2):
 par new generation   total 109248K, used 7086K [0x14800000, 0x1c800000, 0x1c800000)
  eden space 87424K,   0% used [0x14800000, 0x14800000, 0x19d60000)
  from space 21824K,  32% used [0x19d60000, 0x1a44bb20, 0x1b2b0000)
  to   space 21824K,   0% used [0x1b2b0000, 0x1b2b0000, 0x1c800000)
 concurrent mark-sweep generation total 393216K, used 59746K [0x1c800000, 0x34800000, 0x34800000)
 Metaspace       used 34198K, capacity 34816K, committed 34944K, reserved 35200K
}
2017-11-21T21:00:16.945-0600: 8658.782: Total time for which application threads were stopped: 0.0083473 seconds, Stopping threads took: 0.0000350 seconds
2017-11-21T21:00:16.945-0600: 8658.783: Total time for which application threads were stopped: 0.0001395 seconds, Stopping threads took: 0.0000320 seconds
{Heap before GC invocations=60 (full 2):
 par new generation   total 109248K, used 94105K [0x14800000, 0x1c800000, 0x1c800000)
  eden space 87424K,  99% used [0x14800000, 0x19cfaae0, 0x19d60000)
  from space 21824K,  32% used [0x19d60000, 0x1a44bb20, 0x1b2b0000)
  to   space 21824K,   0% used [0x1b2b0000, 0x1b2b0000, 0x1c800000)
 concurrent mark-sweep generation total 393216K, used 59746K [0x1c800000, 0x34800000, 0x34800000)
 Metaspace       used 34200K, capacity 34816K, committed 34944K, reserved 35200K
2017-11-21T21:00:17.133-0600: 8658.970: [GC (Allocation Failure) 2017-11-21T21:00:17.133-0600: 8658.970: [ParNew
Desired survivor size 20112996 bytes, new threshold 8 (max 8)
- age   1:    1975352 bytes,    1975352 total
- age   2:    1221904 bytes,    3197256 total
- age   3:        352 bytes,    3197608 total
- age   4:     420720 bytes,    3618328 total
- age   5:         56 bytes,    3618384 total
- age   6:     144088 bytes,    3762472 total
- age   7:       4168 bytes,    3766640 total
- age   8:     163760 bytes,    3930400 total
: 94105K->5288K(109248K), 0.0050411 secs] 153851K->65172K(502464K), 0.0051226 secs] [Times: user=0.00 sys=0.00, real=0.01 secs] 
Heap after GC invocations=61 (full 2):
 par new generation   total 109248K, used 5288K [0x14800000, 0x1c800000, 0x1c800000)
  eden space 87424K,   0% used [0x14800000, 0x14800000, 0x19d60000)
  from space 21824K,  24% used [0x1b2b0000, 0x1b7da3c8, 0x1c800000)
  to   space 21824K,   0% used [0x19d60000, 0x19d60000, 0x1b2b0000)
 concurrent mark-sweep generation total 393216K, used 59883K [0x1c800000, 0x34800000, 0x34800000)
 Metaspace       used 34200K, capacity 34816K, committed 34944K, reserved 35200K
}
2017-11-21T21:00:17.139-0600: 8658.976: Total time for which application threads were stopped: 0.0053359 seconds, Stopping threads took: 0.0000209 seconds
2017-11-21T21:00:17.148-0600: 8658.985: Total time for which application threads were stopped: 0.0001135 seconds, Stopping threads took: 0.0000269 seconds
2017-11-21T21:00:17.788-0600: 8659.626: Total time for which application threads were stopped: 0.0001079 seconds, Stopping threads took: 0.0000350 seconds
2017-11-21T21:00:17.800-0600: 8659.638: Total time for which application threads were stopped: 0.0001186 seconds, Stopping threads took: 0.0000239 seconds
2017-11-21T21:01:03.748-0600: 8705.585: Total time for which application threads were stopped: 0.0001417 seconds, Stopping threads took: 0.0000239 seconds
{Heap before GC invocations=61 (full 2):
 par new generation   total 109248K, used 92712K [0x14800000, 0x1c800000, 0x1c800000)
  eden space 87424K, 100% used [0x14800000, 0x19d60000, 0x19d60000)
  from space 21824K,  24% used [0x1b2b0000, 0x1b7da3c8, 0x1c800000)
  to   space 21824K,   0% used [0x19d60000, 0x19d60000, 0x1b2b0000)
 concurrent mark-sweep generation total 393216K, used 59883K [0x1c800000, 0x34800000, 0x34800000)
 Metaspace       used 34206K, capacity 34848K, committed 34944K, reserved 35200K
2017-11-21T21:01:04.166-0600: 8706.003: [GC (Allocation Failure) 2017-11-21T21:01:04.166-0600: 8706.003: [ParNew
Desired survivor size 20112996 bytes, new threshold 8 (max 8)
- age   1:    3527296 bytes,    3527296 total
- age   2:      72560 bytes,    3599856 total
- age   3:     239344 bytes,    3839200 total
- age   4:        352 bytes,    3839552 total
- age   5:     419304 bytes,    4258856 total
- age   6:         56 bytes,    4258912 total
- age   7:     143224 bytes,    4402136 total
- age   8:       4168 bytes,    4406304 total
: 92712K->5312K(109248K), 0.0064017 secs] 152596K->65355K(502464K), 0.0064853 secs] [Times: user=0.00 sys=0.00, real=0.01 secs] 
Heap after GC invocations=62 (full 2):
 par new generation   total 109248K, used 5312K [0x14800000, 0x1c800000, 0x1c800000)
  eden space 87424K,   0% used [0x14800000, 0x14800000, 0x19d60000)
  from space 21824K,  24% used [0x19d60000, 0x1a290080, 0x1b2b0000)
  to   space 21824K,   0% used [0x1b2b0000, 0x1b2b0000, 0x1c800000)
 concurrent mark-sweep generation total 393216K, used 60043K [0x1c800000, 0x34800000, 0x34800000)
 Metaspace       used 34206K, capacity 34848K, committed 34944K, reserved 35200K
}
2017-11-21T21:01:04.172-0600: 8706.009: Total time for which application threads were stopped: 0.0067038 seconds, Stopping threads took: 0.0000256 seconds
2017-11-21T21:01:04.173-0600: 8706.010: Total time for which application threads were stopped: 0.0002965 seconds, Stopping threads took: 0.0000772 seconds
2017-11-21T21:01:04.266-0600: 8706.103: Total time for which application threads were stopped: 0.0001284 seconds, Stopping threads took: 0.0000290 seconds
2017-11-21T21:01:05.140-0600: 8706.978: Total time for which application threads were stopped: 0.0001378 seconds, Stopping threads took: 0.0000282 seconds
2017-11-21T21:01:05.141-0600: 8706.978: Total time for which application threads were stopped: 0.0001779 seconds, Stopping threads took: 0.0000909 seconds
2017-11-21T21:01:05.141-0600: 8706.979: Total time for which application threads were stopped: 0.0000862 seconds, Stopping threads took: 0.0000162 seconds
2017-11-21T21:01:05.142-0600: 8706.980: Total time for which application threads were stopped: 0.0001404 seconds, Stopping threads took: 0.0000346 seconds
2017-11-21T21:01:05.152-0600: 8706.990: Total time for which application threads were stopped: 0.0001220 seconds, Stopping threads took: 0.0000286 seconds
2017-11-21T21:02:01.518-0600: 8763.356: Total time for which application threads were stopped: 0.0000964 seconds, Stopping threads took: 0.0000226 seconds
{Heap before GC invocations=62 (full 2):
 par new generation   total 109248K, used 92736K [0x14800000, 0x1c800000, 0x1c800000)
  eden space 87424K, 100% used [0x14800000, 0x19d60000, 0x19d60000)
  from space 21824K,  24% used [0x19d60000, 0x1a290080, 0x1b2b0000)
  to   space 21824K,   0% used [0x1b2b0000, 0x1b2b0000, 0x1c800000)
 concurrent mark-sweep generation total 393216K, used 60043K [0x1c800000, 0x34800000, 0x34800000)
 Metaspace       used 34234K, capacity 34880K, committed 35072K, reserved 35200K
2017-11-21T21:02:01.743-0600: 8763.581: [GC (Allocation Failure) 2017-11-21T21:02:01.743-0600: 8763.581: [ParNew
Desired survivor size 20112996 bytes, new threshold 8 (max 8)
- age   1:    2857344 bytes,    2857344 total
- age   2:    1028736 bytes,    3886080 total
- age   3:      71952 bytes,    3958032 total
- age   4:     238360 bytes,    4196392 total
- age   5:        352 bytes,    4196744 total
- age   6:     419304 bytes,    4616048 total
- age   7:         56 bytes,    4616104 total
- age   8:     142952 bytes,    4759056 total
: 92736K->6386K(109248K), 0.0069888 secs] 152779K->66434K(502464K), 0.0071036 secs] [Times: user=0.00 sys=0.00, real=0.01 secs] 
Heap after GC invocations=63 (full 2):
 par new generation   total 109248K, used 6386K [0x14800000, 0x1c800000, 0x1c800000)
  eden space 87424K,   0% used [0x14800000, 0x14800000, 0x19d60000)
  from space 21824K,  29% used [0x1b2b0000, 0x1b8ecba0, 0x1c800000)
  to   space 21824K,   0% used [0x19d60000, 0x19d60000, 0x1b2b0000)
 concurrent mark-sweep generation total 393216K, used 60047K [0x1c800000, 0x34800000, 0x34800000)
 Metaspace       used 34234K, capacity 34880K, committed 35072K, reserved 35200K
}
2017-11-21T21:02:01.751-0600: 8763.588: Total time for which application threads were stopped: 0.0073664 seconds, Stopping threads took: 0.0000388 seconds
2017-11-21T21:02:01.751-0600: 8763.588: Total time for which application threads were stopped: 0.0002778 seconds, Stopping threads took: 0.0001348 seconds
{Heap before GC invocations=63 (full 2):
 par new generation   total 109248K, used 93687K [0x14800000, 0x1c800000, 0x1c800000)
  eden space 87424K,  99% used [0x14800000, 0x19d41338, 0x19d60000)
  from space 21824K,  29% used [0x1b2b0000, 0x1b8ecba0, 0x1c800000)
  to   space 21824K,   0% used [0x19d60000, 0x19d60000, 0x1b2b0000)
 concurrent mark-sweep generation total 393216K, used 60047K [0x1c800000, 0x34800000, 0x34800000)
 Metaspace       used 34236K, capacity 34880K, committed 35072K, reserved 35200K
2017-11-21T21:02:01.898-0600: 8763.736: [GC (Allocation Failure) 2017-11-21T21:02:01.898-0600: 8763.736: [ParNew
Desired survivor size 20112996 bytes, new threshold 8 (max 8)
- age   1:    2627456 bytes,    2627456 total
- age   2:    1132312 bytes,    3759768 total
- age   3:      58648 bytes,    3818416 total
- age   4:      71952 bytes,    3890368 total
- age   5:     238224 bytes,    4128592 total
- age   6:        352 bytes,    4128944 total
- age   7:     419304 bytes,    4548248 total
- age   8:         56 bytes,    4548304 total
: 93687K->5296K(109248K), 0.0048593 secs] 153735K->65483K(502464K), 0.0049446 secs] [Times: user=0.00 sys=0.00, real=0.01 secs] 
Heap after GC invocations=64 (full 2):
 par new generation   total 109248K, used 5296K [0x14800000, 0x1c800000, 0x1c800000)
  eden space 87424K,   0% used [0x14800000, 0x14800000, 0x19d60000)
  from space 21824K,  24% used [0x19d60000, 0x1a28c210, 0x1b2b0000)
  to   space 21824K,   0% used [0x1b2b0000, 0x1b2b0000, 0x1c800000)
 concurrent mark-sweep generation total 393216K, used 60187K [0x1c800000, 0x34800000, 0x34800000)
 Metaspace       used 34236K, capacity 34880K, committed 35072K, reserved 35200K
}
2017-11-21T21:02:01.903-0600: 8763.741: Total time for which application threads were stopped: 0.0051861 seconds, Stopping threads took: 0.0000307 seconds
2017-11-21T21:02:01.914-0600: 8763.752: Total time for which application threads were stopped: 0.0001340 seconds, Stopping threads took: 0.0000333 seconds
2017-11-21T21:02:02.437-0600: 8764.274: Total time for which application threads were stopped: 0.0001335 seconds, Stopping threads took: 0.0000393 seconds
2017-11-21T21:02:02.437-0600: 8764.274: Total time for which application threads were stopped: 0.0000806 seconds, Stopping threads took: 0.0000226 seconds
2017-11-21T21:02:02.437-0600: 8764.274: Total time for which application threads were stopped: 0.0000661 seconds, Stopping threads took: 0.0000175 seconds
2017-11-21T21:02:02.438-0600: 8764.276: Total time for which application threads were stopped: 0.0000755 seconds, Stopping threads took: 0.0000183 seconds
2017-11-21T21:02:02.446-0600: 8764.283: Total time for which application threads were stopped: 0.0001941 seconds, Stopping threads took: 0.0000252 seconds
2017-11-21T21:03:41.955-0600: 8863.793: Total time for which application threads were stopped: 0.0001438 seconds, Stopping threads took: 0.0000320 seconds
{Heap before GC invocations=64 (full 2):
 par new generation   total 109248K, used 92720K [0x14800000, 0x1c800000, 0x1c800000)
  eden space 87424K, 100% used [0x14800000, 0x19d60000, 0x19d60000)
  from space 21824K,  24% used [0x19d60000, 0x1a28c210, 0x1b2b0000)
  to   space 21824K,   0% used [0x1b2b0000, 0x1b2b0000, 0x1c800000)
 concurrent mark-sweep generation total 393216K, used 60187K [0x1c800000, 0x34800000, 0x34800000)
 Metaspace       used 34247K, capacity 34880K, committed 35072K, reserved 35200K
2017-11-21T21:03:49.775-0600: 8871.613: [GC (Allocation Failure) 2017-11-21T21:03:49.776-0600: 8871.613: [ParNew
Desired survivor size 20112996 bytes, new threshold 8 (max 8)
- age   1:    3249200 bytes,    3249200 total
- age   2:      72056 bytes,    3321256 total
- age   3:     130456 bytes,    3451712 total
- age   4:      58280 bytes,    3509992 total
- age   5:      70632 bytes,    3580624 total
- age   6:     238080 bytes,    3818704 total
- age   7:        352 bytes,    3819056 total
- age   8:     419304 bytes,    4238360 total
: 92720K->5441K(109248K), 0.0076493 secs] 152907K->65628K(502464K), 0.0077495 secs] [Times: user=0.00 sys=0.00, real=0.01 secs] 
